<html>
<body>
<pre>
<h1>µVision Build Log</h1>
<h2>Tool Versions:</h2>
IDE-Version: µVision V5.35.0.0
Copyright (C) 2021 ARM Ltd and ARM Germany GmbH. All rights reserved.
License Information: Miguel Castellana Universidad Politécnica de Madrid Flex license: MDK Professional 5.35 (Flex) (mdk_pro) Operation stops: 8 Mar 2024
 
Tool Versions:
Toolchain:       MDK Professional 5.35 (Flex)  Version: 5.35.0.2
Toolchain Path:  C:\Keil_v5\ARM\ARMCC\Bin
C Compiler:      Armcc.exe V5.06 update 7 (build 960)
Assembler:       Armasm.exe V5.06 update 7 (build 960)
Linker/Locator:  ArmLink.exe V5.06 update 7 (build 960)
Library Manager: ArmAr.exe V5.06 update 7 (build 960)
Hex Converter:   FromElf.exe V5.06 update 7 (build 960)
CPU DLL:         SARMCM3.DLL V5.35.0.2
Dialog DLL:      DARMP1.DLL V1.27.0.0
Target DLL:      CMSIS_AGDI.dll V1.33.0.0
Dialog DLL:      TARMP1.DLL V1.26.0.0
 
<h2>Project:</h2>
C:\Users\Castellana\Documents\Universidad\ISE\P2\P2\HTTP_Server\HTTP_Server.uvprojx
Project File Date:  03/31/2022

<h2>Output:</h2>
*** Using Compiler 'V5.06 update 7 (build 960)', folder: 'C:\Keil_v5\ARM\ARMCC\Bin'
Rebuild target 'LPC1768 Flash'

FCARM uses the following Files via command file '.\Auto_FcArm_Cmd.inp':
index.htm,
pg_header.inc,
pg_footer.inc,
ad.cgi,
ad.cgx,
buttons.cgi,
buttons.cgx,
language.cgi,
lcd.cgi,
leds.cgi,
network.cgi,
system.cgi,
tcp.cgi,
xml_http.js,
home.png,
keil.gif,
llblue.jpg,
logo.gif,
pabb.gif 
TO Web.c RTE NOPRINT ROOT(Web)
custom translating @.\Auto_FcArm_Cmd.inp...
Custom: C:\Keil_v5\ARM\Bin\FCARM.exe @.\Auto_FcArm_Cmd.inp
FCARM FILE CONVERTER V2.58
Completed 19 File(s), Ratio 85%
Note: source file 'RTE\Device\LPC1768\startup_LPC17xx.s' - object file renamed from '.\Output\startup_LPC17xx.o' to '.\Output\startup_lpc17xx_1.o'.
Note: source file 'RTE\Device\LPC1768\system_LPC17xx.c' - object file renamed from '.\Output\system_LPC17xx.o' to '.\Output\system_lpc17xx_1.o'.
compiling leds1768.c...
compiling lpc17xx_clkpwr.c...
compiling adc.c...
compiling HTTP_Server_CGI.c...
compiling Web.c...
compiling RTX_Conf_CM.c...
compiling LED_MCB1700.c...
compiling lpc17xx_libcfg_default.c...
compiling sntp.c...
compiling lcd.c...
compiling HTTP_Server.c...
HTTP_Server.c(80): warning:  #940-D: missing return statement at end of non-void function "get_button" 
  }
HTTP_Server.c: 1 warning, 0 errors
compiling PHY_DP83848C.c...
assembling startup_LPC17xx.s...
compiling rtc.c...
rtc.c(56): warning:  #223-D: function "sprintf" declared implicitly
  	sprintf(cadenaReloj,"%.2d:%.2d:%.2d", horas, minutos, segundos); //Estas dos cadenas son para la pagina del servidor.		
rtc.c: 1 warning, 0 errors
compiling Thread.c...
compiling Net_Config.c...
compiling GPIO_LPC17xx.c...
compiling PIN_LPC17xx.c...
compiling lpc17xx_rtc.c...
compiling GPDMA_LPC17xx.c...
compiling system_LPC17xx.c...
compiling EMAC_LPC17xx.c...
compiling SSP_LPC17xx.c...
linking...
Program Size: Code=43340 RO-data=32380 RW-data=256 ZI-data=29552  
".\Output\HTTP_Server.axf" - 0 Error(s), 2 Warning(s).

<h2>Software Packages used:</h2>

Package Vendor: ARM
                http://www.keil.com/pack/ARM.CMSIS.5.5.1.pack
                ARM.CMSIS.5.5.1
                CMSIS (Cortex Microcontroller Software Interface Standard)
   * Component: Ethernet MAC Version: 2.1.0
   * Component: Ethernet PHY Version: 2.1.0
   * Component: SPI Version: 2.2.0
   * Component: RTOS Version: 1.0.0
   * Component: CORE Version: 5.2.0
   * Component: Keil RTX Version: 4.81.1

Package Vendor: ARM
                http://www.keil.com/pack/ARM.CMSIS-Driver.2.6.1.pack
                ARM.CMSIS-Driver.2.6.1
                CMSIS Drivers for external devices
   * Component: DP83848C Version: 6.2.0

Package Vendor: Keil
                http://www.keil.com/pack/Keil.LPC1700_DFP.2.5.0.pack
                Keil.LPC1700_DFP.2.5.0
                NXP LPC1700 Series Device Support, Drivers and Examples for MCB1700 and LPC1788-32
   * Component: LED Version: 1.0.0
   * Component: Ethernet MAC Version: 2.11.0
   * Component: SSP Version: 2.7.0
   * Component: GPDMA Version: 1.2.0
   * Component: GPIO Version: 1.1.0
   * Component: PIN Version: 1.0.0
   * Component: Startup Version: 1.0.0

Package Vendor: Keil
                http://www.keil.com/pack/Keil.MDK-Middleware.7.13.0.pack
                Keil.MDK-Middleware.7.13.0
                Middleware for Keil MDK-Professional and MDK-Plus
   * Component: LED Version: 1.0.0
   * Component: CORE Variant: Release Version: 6.7.7
   * Component: ETH Version: 6.7.7
   * Component: SNTP Client Version: 6.7.7
   * Component: Web Server Compact Version: 6.7.7
   * Component: TCP Version: 6.7.7
   * Component: UDP Version: 6.7.7

<h2>Collection of Component include folders:</h2>
  .\RTE\Device\LPC1768
  .\RTE\Network
  .\RTE\_LPC1768_Flash
  C:\Users\Castellana\Documents\ARM\CMSIS\5.5.1\CMSIS\Core\Include
  C:\Users\Castellana\Documents\ARM\CMSIS\5.5.1\CMSIS\Driver\Include
  C:\Users\Castellana\Documents\ARM\CMSIS\5.5.1\CMSIS\RTOS\RTX\INC
  C:\Users\Castellana\Documents\Keil\LPC1700_DFP\2.5.0\Device\Include
  C:\Users\Castellana\Documents\Keil\LPC1700_DFP\2.5.0\RTE_Driver
  C:\Users\Castellana\Documents\Keil\MDK-Middleware\7.13.0\Board
  C:\Users\Castellana\Documents\Keil\MDK-Middleware\7.13.0\Network_v6\Include

<h2>Collection of Component Files used:</h2>

   * Component: ::Board Support:LED:1.0.0 (API)
      Include file:  Board\Board_LED.h

   * Component: ::CMSIS Driver:Ethernet MAC:2.1.0 (API)
      Include file:  CMSIS\Driver\Include\Driver_ETH_MAC.h

   * Component: ::CMSIS Driver:Ethernet PHY:2.1.0 (API)
      Include file:  CMSIS\Driver\Include\Driver_ETH_PHY.h

   * Component: ::CMSIS Driver:SPI:2.2.0 (API)
      Include file:  CMSIS\Driver\Include\Driver_SPI.h

   * Component: ::CMSIS:RTOS:1.0.0 (API)

   * Component: ARM::CMSIS:CORE:5.2.0

   * Component: ARM::CMSIS:RTOS:Keil RTX:4.81.1
      Source file:   CMSIS\RTOS\RTX\Templates\RTX_Conf_CM.c
      Include file:  CMSIS\RTOS\RTX\INC\cmsis_os.h
      Source file:   CMSIS\RTOS\RTX\UserCodeTemplates\main.c
      Source file:   CMSIS\RTOS\RTX\UserCodeTemplates\MailQueue.c
      Source file:   CMSIS\RTOS\RTX\UserCodeTemplates\Semaphore.c
      Source file:   CMSIS\RTOS\RTX\SRC\ARM\SVC_Table.s
      Source file:   CMSIS\RTOS\RTX\UserCodeTemplates\Thread.c
      Source file:   CMSIS\RTOS\RTX\UserCodeTemplates\MemPool.c
      Source file:   CMSIS\RTOS\RTX\UserCodeTemplates\Mutex.c
      Source file:   CMSIS\RTOS\RTX\UserCodeTemplates\MsgQueue.c
      Source file:   CMSIS\RTOS\RTX\UserCodeTemplates\Timer.c
      Library file:  CMSIS\RTOS\RTX\LIB\ARM\RTX_CM3.lib
      Include file:  CMSIS\RTOS\RTX\UserCodeTemplates\osObjects.h

   * Component: Keil.MCB1700::Board Support:LED:1.0.0
      Source file:   Boards\Keil\MCB1700\Common\LED_MCB1700.c

   * Component: Keil.MDK-Pro Net_v6::Network:CORE:Release:6.7.7
      Source file:   Network_v6\Config\Net_Config.c
      Include file:  Network_v6\Include\rl_net.h
      Library file:  Network_v6\Lib\ARM\Net_CM3_L.lib

   * Component: Keil.MDK-Pro Net_v6::Network:Interface:ETH:6.7.7
      Include file:  Network_v6\Config\Net_Config_ETH.h

   * Component: Keil.MDK-Pro Net_v6::Network:Service:SNTP Client:6.7.7
      Include file:  Network_v6\Config\Net_Config_SNTP_Client.h

   * Component: Keil.MDK-Pro Net_v6::Network:Service:Web Server Compact:6.7.7
      Source file:   Network_v6\Template\HTTP_Server_Access.c
      Source file:   Network_v6\Template\HTTP_Server_Error.c
      Source file:   Network_v6\Template\HTTP_Server_Multiuser.c
      Source file:   Network_v6\Template\HTTP_Server_CGI.c
      Include file:  Network_v6\Config\Net_Config_HTTP_Server.h

   * Component: Keil.MDK-Pro Net_v6::Network:Socket:TCP:6.7.7
      Source file:   Network_v6\Template\TCP_Socket_Server.c
      Source file:   Network_v6\Template\TCP_Socket_Client.c
      Include file:  Network_v6\Config\Net_Config_TCP.h

   * Component: Keil.MDK-Pro Net_v6::Network:Socket:UDP:6.7.7
      Source file:   Network_v6\Template\UDP_Socket.c
      Include file:  Network_v6\Config\Net_Config_UDP.h

   * Component: Keil::CMSIS Driver:Ethernet MAC:2.11.0
      Source file:   RTE_Driver\EMAC_LPC17xx.c

   * Component: Keil::CMSIS Driver:Ethernet PHY:DP83848C:6.2.0
      Source file:   ETH\PHY_DP83848C.c

   * Component: Keil::CMSIS Driver:SPI:SSP:2.7.0
      Source file:   RTE_Driver\SSP_LPC17xx.c

   * Component: Keil::Device:GPDMA:1.2.0
      Source file:   RTE_Driver\GPDMA_LPC17xx.c
      Include file:  RTE_Driver\GPDMA_LPC17xx.h

   * Component: Keil::Device:GPIO:1.1.0
      Include file:  RTE_Driver\GPIO_LPC17xx.h
      Source file:   RTE_Driver\GPIO_LPC17xx.c

   * Component: Keil::Device:PIN:1.0.0
      Include file:  RTE_Driver\PIN_LPC17xx.h
      Source file:   RTE_Driver\PIN_LPC17xx.c

   * Component: Keil::Device:Startup:1.0.0
      Source file:   Device\Source\ARM\startup_LPC17xx.s
      Include file:  Device\Include\LPC17xx.h
      Source file:   Device\Source\system_LPC17xx.c
      Include file:  RTE_Driver\Config\RTE_Device.h
Build Time Elapsed:  00:00:01
</pre>
</body>
</html>
