Component: ARM Compiler 5.06 update 7 (build 960) Tool: armlink [4d3601]

==============================================================================

Section Cross References

    http_server.o(.text) refers to adc.o(.text) for ADC_StartConversion_lpc1768
    http_server.o(.text) refers to printfa.o(i.__0sprintf) for __2sprintf
    http_server.o(.text) refers to net_addr4.o(i.ip4_ntoa) for ip4_ntoa
    http_server.o(.text) refers to lcd.o(.text) for limpiardisplay
    http_server.o(.text) refers to rt_cmsis.o(i.osDelay) for osDelay
    http_server.o(.text) refers to leds1768.o(.text) for LED_SetOut_lpc1768
    http_server.o(.text) refers to rt_cmsis.o(i.osSignalSet) for osSignalSet
    http_server.o(.text) refers to rt_cmsis.o(i.osKernelInitialize) for osKernelInitialize
    http_server.o(.text) refers to lpc17xx_wdt.o(.text) for WDT_Init
    http_server.o(.text) refers to gpio_lpc17xx.o(.text) for GPIO_SetDir
    http_server.o(.text) refers to pin_lpc17xx.o(.text) for PIN_Configure
    http_server.o(.text) refers to net_sys.o(i.net_initialize) for net_initialize
    http_server.o(.text) refers to rtc.o(.text) for c_entry
    http_server.o(.text) refers to thread.o(.text) for Init_Thread
    http_server.o(.text) refers to rt_cmsis.o(i.osThreadCreate) for osThreadCreate
    http_server.o(.text) refers to rt_cmsis.o(i.osKernelStart) for osKernelStart
    http_server.o(.text) refers to net_sys.o(i.net_main) for net_main
    http_server.o(.text) refers to rt_cmsis.o(i.osThreadYield) for osThreadYield
    http_server.o(.text) refers to http_server.o(.bss) for .bss
    http_server.o(.text) refers to http_server.o(.data) for .data
    http_server.o(.text) refers to thread.o(.data) for tid_ThreadPulsador
    http_server.o(.text) refers to http_server.o(.constdata) for .constdata
    http_server.o(.constdata) refers to http_server.o(.text) for BlinkLed
    http_server_cgi.o(.text) refers to net_http_server.o(i.http_get_env_var) for http_get_env_var
    http_server_cgi.o(.text) refers to strncmp.o(.text) for strncmp
    http_server_cgi.o(.text) refers to net_addr4.o(i.ip4_aton) for ip4_aton
    http_server_cgi.o(.text) refers to strcmp.o(.text) for strcmp
    http_server_cgi.o(.text) refers to strcpy.o(.text) for strcpy
    http_server_cgi.o(.text) refers to leds1768.o(.text) for LED_SetOut_lpc1768
    http_server_cgi.o(.text) refers to net_addr4.o(i.ip4_ntoa) for ip4_ntoa
    http_server_cgi.o(.text) refers to printfa.o(i.__0sprintf) for __2sprintf
    http_server_cgi.o(.text) refers to net_tcp.o(i.tcp_ntoa) for tcp_ntoa
    http_server_cgi.o(.text) refers to net_http_server.o(i.http_server_get_lang) for http_server_get_lang
    http_server_cgi.o(.text) refers to http_server.o(.text) for AD_in
    http_server_cgi.o(.text) refers to ffltui.o(.text) for __aeabi_ui2f
    http_server_cgi.o(.text) refers to fmul.o(.text) for __aeabi_fmul
    http_server_cgi.o(.text) refers to fscalb.o(.text) for __ARM_scalbnf
    http_server_cgi.o(.text) refers to f2d.o(.text) for __aeabi_f2d
    http_server_cgi.o(.text) refers to net_sys.o(.bss) for localm
    http_server_cgi.o(.text) refers to http_server_cgi.o(.data) for .data
    http_server_cgi.o(.text) refers to http_server.o(.data) for LEDrun
    http_server_cgi.o(.text) refers to net_config.o(.constdata) for http_config
    http_server_cgi.o(.text) refers to http_server.o(.bss) for lcd_text
    http_server_cgi.o(.text) refers to net_config.o(.constdata) for tcp_config
    http_server_cgi.o(.text) refers to http_server_cgi.o(.conststring) for .conststring
    http_server_cgi.o(.text) refers to rtc.o(.bss) for cadenaReloj
    web.o(.text) refers to web.o(.constdata) for .constdata
    web.o(.constdata) refers to web.o(.constdata) for imageFileData
    leds1768.o(.text) refers to gpio_lpc17xx.o(.text) for GPIO_PortClock
    leds1768.o(.text) refers to pin_lpc17xx.o(.text) for PIN_Configure
    leds1768.o(.text) refers to leds1768.o(.constdata) for .constdata
    lcd.o(.text) refers to pin_lpc17xx.o(.text) for PIN_Configure
    lcd.o(.text) refers to gpio_lpc17xx.o(.text) for GPIO_SetDir
    lcd.o(.text) refers to memseta.o(.text) for __aeabi_memclr
    lcd.o(.text) refers to strlen.o(.text) for strlen
    lcd.o(.text) refers to printfa.o(i.__0sprintf) for __2sprintf
    lcd.o(.text) refers to f2d.o(.text) for __aeabi_f2d
    lcd.o(.text) refers to lcd.o(.data) for .data
    lcd.o(.text) refers to lcd.o(.bss) for .bss
    lcd.o(.text) refers to lcd.o(.constdata) for .constdata
    lcd.o(.data) refers to ssp_lpc17xx.o(.constdata) for Driver_SPI1
    adc.o(.text) refers to pin_lpc17xx.o(.text) for PIN_Configure
    adc.o(.text) refers to adc.o(.data) for .data
    thread.o(.text) refers to rt_cmsis.o(i.osThreadCreate) for osThreadCreate
    thread.o(.text) refers to rt_cmsis.o(i.osTimerCreate) for osTimerCreate
    thread.o(.text) refers to rt_cmsis.o(i.osTimerStart) for osTimerStart
    thread.o(.text) refers to rt_cmsis.o(i.osSignalSet) for osSignalSet
[...]
    memcmp                                   0x00003e29   Thumb Code    26  memcmp.o(.text)
    strncmp                                  0x00003e43   Thumb Code    30  strncmp.o(.text)
    __0sscanf                                0x00003e61   Thumb Code    48  __0sscanf.o(.text)
    _scanf_int                               0x00003e99   Thumb Code   332  _scanf_int.o(.text)
    atoi                                     0x00003fe5   Thumb Code    26  atoi.o(.text)
    __aeabi_fmul                             0x00003fff   Thumb Code   100  fmul.o(.text)
    __ARM_scalbnf                            0x00004063   Thumb Code    24  fscalb.o(.text)
    scalbnf                                  0x00004063   Thumb Code     0  fscalb.o(.text)
    __aeabi_ui2f                             0x0000407b   Thumb Code    10  ffltui.o(.text)
    __aeabi_f2d                              0x00004085   Thumb Code    38  f2d.o(.text)
    __aeabi_uidiv                            0x000040ab   Thumb Code     0  uidiv.o(.text)
    __aeabi_uidivmod                         0x000040ab   Thumb Code    44  uidiv.o(.text)
    __aeabi_llsl                             0x000040d7   Thumb Code    30  llshl.o(.text)
    _ll_shift_l                              0x000040d7   Thumb Code     0  llshl.o(.text)
    __aeabi_llsr                             0x000040f5   Thumb Code    32  llushr.o(.text)
    _ll_ushift_r                             0x000040f5   Thumb Code     0  llushr.o(.text)
    _chval                                   0x00004115   Thumb Code    28  _chval.o(.text)
    __vfscanf_char                           0x0000413d   Thumb Code    20  scanf_char.o(.text)
    _sgetc                                   0x00004159   Thumb Code    30  _sgetc.o(.text)
    _sbackspace                              0x00004177   Thumb Code    34  _sgetc.o(.text)
    strtol                                   0x00004199   Thumb Code   112  strtol.o(.text)
    __I$use$fp                               0x00004209   Thumb Code     0  iusefp.o(.text)
    _float_round                             0x00004209   Thumb Code    18  fepilogue.o(.text)
    _float_epilogue                          0x0000421b   Thumb Code    92  fepilogue.o(.text)
    __aeabi_dadd                             0x00004277   Thumb Code   322  dadd.o(.text)
    __aeabi_dsub                             0x000043b9   Thumb Code     6  dadd.o(.text)
    __aeabi_drsub                            0x000043bf   Thumb Code     6  dadd.o(.text)
    __aeabi_dmul                             0x000043c5   Thumb Code   228  dmul.o(.text)
    __aeabi_ddiv                             0x000044a9   Thumb Code   222  ddiv.o(.text)
    __aeabi_d2ulz                            0x00004587   Thumb Code    48  dfixul.o(.text)
    __aeabi_cdrcmple                         0x000045b9   Thumb Code    48  cdrcmple.o(.text)
    __scatterload                            0x000045e9   Thumb Code    28  init.o(.text)
    __scatterload_rt2                        0x000045e9   Thumb Code     0  init.o(.text)
    __aeabi_lasr                             0x0000460d   Thumb Code    36  llsshr.o(.text)
    _ll_sshift_r                             0x0000460d   Thumb Code     0  llsshr.o(.text)
    __rt_ctype_table                         0x00004631   Thumb Code     4  ctype_o.o(.text)
    isspace                                  0x00004639   Thumb Code    18  isspace_o.o(.text)
    __vfscanf                                0x0000464d   Thumb Code   810  _scanf.o(.text)
    _strtoul                                 0x0000497d   Thumb Code   158  _strtoul.o(.text)
    _double_round                            0x00004a1b   Thumb Code    30  depilogue.o(.text)
    _double_epilogue                         0x00004a39   Thumb Code   156  depilogue.o(.text)
    SVC_Count                                0x00004ad4   Data           4  svc_table.o(SVC_TABLE)
    SVC_Table                                0x00004ad8   Data           0  svc_table.o(SVC_TABLE)
    __0sprintf                               0x00004ad9   Thumb Code    34  printfa.o(i.__0sprintf)
    __1sprintf                               0x00004ad9   Thumb Code     0  printfa.o(i.__0sprintf)
    __2sprintf                               0x00004ad9   Thumb Code     0  printfa.o(i.__0sprintf)
    __c89sprintf                             0x00004ad9   Thumb Code     0  printfa.o(i.__0sprintf)
    sprintf                                  0x00004ad9   Thumb Code     0  printfa.o(i.__0sprintf)
    __aeabi_errno_addr                       0x00004b01   Thumb Code     4  errno.o(i.__aeabi_errno_addr)
    __rt_errno_addr                          0x00004b01   Thumb Code     0  errno.o(i.__aeabi_errno_addr)
    __scatterload_copy                       0x00004b09   Thumb Code    14  handlers.o(i.__scatterload_copy)
    __scatterload_null                       0x00004b17   Thumb Code     2  handlers.o(i.__scatterload_null)
    __scatterload_zeroinit                   0x00004b19   Thumb Code    14  handlers.o(i.__scatterload_zeroinit)
    _init_box                                0x00004cad   Thumb Code    70  rt_membox.o(i._init_box)
    arp_cache_add                            0x00005439   Thumb Code   156  net_arp.o(i.arp_cache_add)
    arp_cache_early                          0x00005565   Thumb Code   128  net_arp.o(i.arp_cache_early)
    arp_cache_find                           0x000055ed   Thumb Code   148  net_arp.o(i.arp_cache_find)
    arp_cache_update                         0x0000568d   Thumb Code   212  net_arp.o(i.arp_cache_update)
    arp_init                                 0x00005771   Thumb Code    38  net_arp.o(i.arp_init)
    arp_notify                               0x000057dd   Thumb Code    26  net_arp.o(i.arp_notify)
    arp_process                              0x00005879   Thumb Code   276  net_arp.o(i.arp_process)
    b64_to_asc                               0x00005ad9   Thumb Code   122  net_common.o(i.b64_to_asc)
    cgi_content_type                         0x00005b53   Thumb Code     4  net_http_server.o(i.cgi_content_type)
    cgx_content_type                         0x00005b57   Thumb Code     4  net_http_server.o(i.cgx_content_type)
    chksum16                                 0x00005ccd   Thumb Code    50  net_common.o(i.chksum16)
    dbg_init                                 0x00005d45   Thumb Code    34  hal_cm.o(i.dbg_init)
    dbg_task_notify                          0x00005d75   Thumb Code    32  hal_cm.o(i.dbg_task_notify)
    dbg_task_switch                          0x00005d95   Thumb Code    16  hal_cm.o(i.dbg_task_switch)
    eth_chk_addr                             0x00005e8d   Thumb Code    28  net_eth.o(i.eth_chk_addr)
    eth_init_link                            0x00005f1d   Thumb Code   222  net_eth.o(i.eth_init_link)
    eth_link_notify                          0x00006015   Thumb Code     2  net_eth.o(i.eth_link_notify)
    eth_output                               0x0000602d   Thumb Code    86  net_eth.o(i.eth_output)
    eth_run_link                             0x00006091   Thumb Code   210  net_eth.o(i.eth_run_link)
    eth_send_frame                           0x00006175   Thumb Code   146  net_eth.o(i.eth_send_frame)
    eth_thread                               0x00006219   Thumb Code    14  net_eth.o(i.eth_thread)
    get_rnd32                                0x000062a1   Thumb Code    18  net_sys.o(i.get_rnd32)
    http_accept_client                       0x000062cf   Thumb Code     4  net_http_server.o(i.http_accept_client)
    http_check_account                       0x000065e5   Thumb Code     4  net_http_server.o(i.http_check_account)
    http_encoding                            0x000065e9   Thumb Code     4  net_http_server.o(i.http_encoding)
    http_file_access                         0x00006765   Thumb Code     4  net_http_server.o(i.http_file_access)
    http_get_env_var                         0x00006769   Thumb Code   104  net_http_server.o(i.http_get_env_var)
    http_server_get_lang                     0x00006f69   Thumb Code    28  net_http_server.o(i.http_server_get_lang)
    http_server_init                         0x00006f8d   Thumb Code    82  net_http_server.o(i.http_server_init)
    http_server_run                          0x00006fe9   Thumb Code   808  net_http_server.o(i.http_server_run)
    icmp_process                             0x000073e1   Thumb Code   210  net_icmp.o(i.icmp_process)
    icmp_service_init                        0x0000753d   Thumb Code    10  net_icmp.o(i.icmp_service_init)
    icmp_service_run                         0x0000754d   Thumb Code    58  net_icmp.o(i.icmp_service_run)
    ip4_aton                                 0x00007595   Thumb Code    82  net_addr4.o(i.ip4_aton)
    ip4_checksum                             0x000075fd   Thumb Code    76  net_ip.o(i.ip4_checksum)
    ip4_ntoa                                 0x00007649   Thumb Code    34  net_addr4.o(i.ip4_ntoa)
    ip_chk_frame                             0x00007681   Thumb Code   196  net_ip.o(i.ip_chk_frame)
    ip_get_locadr                            0x0000775d   Thumb Code    54  net_ip.o(i.ip_get_locadr)
    ip_localhost_init                        0x0000781d   Thumb Code    68  net_ip.o(i.ip_localhost_init)
    ip_localhost_run                         0x0000786d   Thumb Code    86  net_ip.o(i.ip_localhost_run)
    ip_send_frame                            0x000078cd   Thumb Code   312  net_ip.o(i.ip_send_frame)
    ip_tx_offload                            0x00007a0d   Thumb Code    40  net_ip.o(i.ip_tx_offload)
    is_subnet                                0x00007a3d   Thumb Code    26  net_addr4.o(i.is_subnet)
    is_subnet_bcast                          0x00007a59   Thumb Code    34  net_ip.o(i.is_subnet_bcast)
    isrMessageGet                            0x00007a81   Thumb Code    42  rt_cmsis.o(i.isrMessageGet)
    isrMessagePut                            0x00007aab   Thumb Code    44  rt_cmsis.o(i.isrMessagePut)
    isrSignalSet                             0x00007ad7   Thumb Code    36  rt_cmsis.o(i.isrSignalSet)
    isr_evt_set                              0x00007afd   Thumb Code    34  rt_event.o(i.isr_evt_set)
    isr_mbx_receive                          0x00007b25   Thumb Code    86  rt_mailbox.o(i.isr_mbx_receive)
    isr_mbx_send                             0x00007b7b   Thumb Code    14  rt_mailbox.o(i.isr_mbx_send)
    mem_alloc                                0x00007b89   Thumb Code   130  net_mem.o(i.mem_alloc)
    mem_avail                                0x00007c15   Thumb Code    22  net_mem.o(i.mem_avail)
    mem_crc32                                0x00007c31   Thumb Code    32  net_common.o(i.mem_crc32)
    mem_free                                 0x00007c51   Thumb Code   100  net_mem.o(i.mem_free)
    mem_init                                 0x00007cbd   Thumb Code    86  net_mem.o(i.mem_init)
    mem_resize                               0x00007d31   Thumb Code    50  net_mem.o(i.mem_resize)
    nbns_client_init                         0x00007d75   Thumb Code    40  net_nbns_client.o(i.nbns_client_init)
    net_initialize                           0x00007f05   Thumb Code    58  net_sys.o(i.net_initialize)
    net_main                                 0x00007f51   Thumb Code    86  net_sys.o(i.net_main)
    osDelay                                  0x00007fc9   Thumb Code    18  rt_cmsis.o(i.osDelay)
    osKernelInitialize                       0x00007fe1   Thumb Code    30  rt_cmsis.o(i.osKernelInitialize)
    osKernelStart                            0x00008005   Thumb Code    98  rt_cmsis.o(i.osKernelStart)
    osKernelSysTick                          0x00008071   Thumb Code    18  rt_cmsis.o(i.osKernelSysTick)
    osMessageGet                             0x00008089   Thumb Code    18  rt_cmsis.o(i.osMessageGet)
    osMutexCreate                            0x000080a1   Thumb Code    36  rt_cmsis.o(i.osMutexCreate)
    osMutexRelease                           0x000080cd   Thumb Code    18  rt_cmsis.o(i.osMutexRelease)
    osMutexWait                              0x000080e5   Thumb Code    18  rt_cmsis.o(i.osMutexWait)
    osSignalSet                              0x000080fd   Thumb Code    18  rt_cmsis.o(i.osSignalSet)
    osSignalWait                             0x00008115   Thumb Code    18  rt_cmsis.o(i.osSignalWait)
    osThreadCreate                           0x0000812d   Thumb Code    36  rt_cmsis.o(i.osThreadCreate)
    osThreadExit                             0x00008159   Thumb Code    14  rt_cmsis.o(i.osThreadExit)
    osThreadYield                            0x00008171   Thumb Code    18  rt_cmsis.o(i.osThreadYield)
    osTimerCall                              0x00008189   Thumb Code     8  rt_cmsis.o(i.osTimerCall)
    osTimerCreate                            0x00008195   Thumb Code    36  rt_cmsis.o(i.osTimerCreate)
    osTimerStart                             0x000081c1   Thumb Code    18  rt_cmsis.o(i.osTimerStart)
    osTimerThread                            0x000081d9   Thumb Code    38  rt_cmsis.o(i.osTimerThread)
    os_tick_init                             0x00008205   Thumb Code    32  rt_system.o(i.os_tick_init)
    os_tick_irqack                           0x0000822d   Thumb Code     2  rt_system.o(i.os_tick_irqack)
    os_tick_ovf                              0x00008231   Thumb Code    10  rt_system.o(i.os_tick_ovf)
    os_tick_val                              0x00008241   Thumb Code    14  rt_system.o(i.os_tick_val)
    rt_alloc_box                             0x0000831d   Thumb Code    26  rt_membox.o(i.rt_alloc_box)
    rt_alloc_mem                             0x00008337   Thumb Code    62  rt_memory.o(i.rt_alloc_mem)
    rt_block                                 0x00008375   Thumb Code    48  rt_task.o(i.rt_block)
    rt_chk_robin                             0x000083ad   Thumb Code    60  rt_robin.o(i.rt_chk_robin)
    rt_dec_dly                               0x000083f5   Thumb Code   102  rt_list.o(i.rt_dec_dly)
    rt_dispatch                              0x00008465   Thumb Code    60  rt_task.o(i.rt_dispatch)
    rt_dly_wait                              0x000084a9   Thumb Code     6  rt_time.o(i.rt_dly_wait)
    rt_evt_psh                               0x000084b1   Thumb Code    76  rt_event.o(i.rt_evt_psh)
    rt_evt_set                               0x00008501   Thumb Code    88  rt_event.o(i.rt_evt_set)
    rt_evt_wait                              0x0000855d   Thumb Code    56  rt_event.o(i.rt_evt_wait)
    rt_free_box                              0x00008599   Thumb Code    44  rt_membox.o(i.rt_free_box)
    rt_free_mem                              0x000085c5   Thumb Code    40  rt_memory.o(i.rt_free_mem)
    rt_get_first                             0x000085ed   Thumb Code    40  rt_list.o(i.rt_get_first)
    rt_get_same_rdy_prio                     0x00008615   Thumb Code    26  rt_list.o(i.rt_get_same_rdy_prio)
    rt_init_mem                              0x00008689   Thumb Code    26  rt_memory.o(i.rt_init_mem)
    rt_init_robin                            0x000086a5   Thumb Code    14  rt_robin.o(i.rt_init_robin)
    rt_init_stack                            0x000086bd   Thumb Code   118  hal_cm.o(i.rt_init_stack)
    rt_mbx_check                             0x0000873d   Thumb Code     8  rt_mailbox.o(i.rt_mbx_check)
    rt_mbx_init                              0x00008745   Thumb Code    26  rt_mailbox.o(i.rt_mbx_init)
    rt_mbx_psh                               0x00008761   Thumb Code   236  rt_mailbox.o(i.rt_mbx_psh)
    rt_mbx_wait                              0x00008851   Thumb Code   174  rt_mailbox.o(i.rt_mbx_wait)
    rt_mut_init                              0x00008949   Thumb Code    16  rt_mutex.o(i.rt_mut_init)
    rt_mut_release                           0x00008959   Thumb Code   208  rt_mutex.o(i.rt_mut_release)
    rt_mut_wait                              0x00008a31   Thumb Code   114  rt_mutex.o(i.rt_mut_wait)
    rt_pop_req                               0x00008aa9   Thumb Code   112  rt_system.o(i.rt_pop_req)
    rt_psh_req                               0x00008b25   Thumb Code    22  rt_system.o(i.rt_psh_req)
    rt_psq_enq                               0x00008b45   Thumb Code    88  rt_list.o(i.rt_psq_enq)
    rt_put_dly                               0x00008ba1   Thumb Code    68  rt_list.o(i.rt_put_dly)
    rt_put_prio                              0x00008be9   Thumb Code    54  rt_list.o(i.rt_put_prio)
    rt_put_rdy_first                         0x00008c21   Thumb Code    14  rt_list.o(i.rt_put_rdy_first)
    rt_resort_prio                           0x00008c35   Thumb Code    46  rt_list.o(i.rt_resort_prio)
    rt_ret_val                               0x00008c69   Thumb Code     6  hal_cm.o(i.rt_ret_val)
    rt_ret_val2                              0x00008c6f   Thumb Code     8  hal_cm.o(i.rt_ret_val2)
    rt_rmv_dly                               0x00008c77   Thumb Code    40  rt_list.o(i.rt_rmv_dly)
    rt_rmv_list                              0x00008ca1   Thumb Code    44  rt_list.o(i.rt_rmv_list)
    rt_sem_psh                               0x00008cd1   Thumb Code    48  rt_semaphore.o(i.rt_sem_psh)
    rt_stk_check                             0x00008d05   Thumb Code    28  rt_system.o(i.rt_stk_check)
    rt_switch_req                            0x00008d29   Thumb Code    30  rt_task.o(i.rt_switch_req)
    rt_sys_init                              0x00008d51   Thumb Code   138  rt_task.o(i.rt_sys_init)
    rt_sys_start                             0x00008e1d   Thumb Code   110  rt_task.o(i.rt_sys_start)
    rt_systick                               0x00008e95   Thumb Code    50  rt_system.o(i.rt_systick)
    rt_tsk_create                            0x00008f59   Thumb Code   118  rt_task.o(i.rt_tsk_create)
    rt_tsk_delete                            0x00008fe1   Thumb Code   352  rt_task.o(i.rt_tsk_delete)
    rt_tsk_pass                              0x0000915d   Thumb Code    38  rt_task.o(i.rt_tsk_pass)
    rt_tsk_prio                              0x0000918d   Thumb Code   108  rt_task.o(i.rt_tsk_prio)
    rt_tsk_self                              0x00009209   Thumb Code    12  rt_task.o(i.rt_tsk_self)
    sntp_client_init                         0x00009261   Thumb Code    32  net_sntp_client.o(i.sntp_client_init)
    sntp_client_run                          0x00009289   Thumb Code    66  net_sntp_client.o(i.sntp_client_run)
    sntp_get_time                            0x000092d9   Thumb Code   112  net_sntp_client.o(i.sntp_get_time)
    str_copy                                 0x00009411   Thumb Code    18  net_common.o(i.str_copy)
    str_pos                                  0x00009423   Thumb Code    22  net_common.o(i.str_pos)
    str_scomp                                0x00009439   Thumb Code    26  net_common.o(i.str_scomp)
    str_up_case                              0x00009453   Thumb Code    26  net_common.o(i.str_up_case)
    svcDelay                                 0x0000946d   Thumb Code    18  rt_cmsis.o(i.svcDelay)
    svcKernelInitialize                      0x00009481   Thumb Code    80  rt_cmsis.o(i.svcKernelInitialize)
    svcKernelStart                           0x000094f1   Thumb Code    62  rt_cmsis.o(i.svcKernelStart)
    svcKernelSysTick                         0x00009539   Thumb Code    46  rt_cmsis.o(i.svcKernelSysTick)
    svcMessageCreate                         0x00009571   Thumb Code    36  rt_cmsis.o(i.svcMessageCreate)
    svcMessageGet                            0x00009595   Thumb Code    58  rt_cmsis.o(i.svcMessageGet)
    svcMutexCreate                           0x000095cf   Thumb Code    28  rt_cmsis.o(i.svcMutexCreate)
    svcMutexRelease                          0x000095eb   Thumb Code    34  rt_cmsis.o(i.svcMutexRelease)
    svcMutexWait                             0x0000960d   Thumb Code    58  rt_cmsis.o(i.svcMutexWait)
    svcSignalSet                             0x00009647   Thumb Code    36  rt_cmsis.o(i.svcSignalSet)
    svcSignalWait                            0x0000966d   Thumb Code    80  rt_cmsis.o(i.svcSignalWait)
    svcThreadCreate                          0x000096c1   Thumb Code    96  rt_cmsis.o(i.svcThreadCreate)
    svcThreadGetId                           0x0000972d   Thumb Code    22  rt_cmsis.o(i.svcThreadGetId)
    svcThreadTerminate                       0x00009749   Thumb Code    50  rt_cmsis.o(i.svcThreadTerminate)
    svcThreadYield                           0x00009781   Thumb Code    10  rt_cmsis.o(i.svcThreadYield)
    svcTimerCall                             0x0000978b   Thumb Code    24  rt_cmsis.o(i.svcTimerCall)
    svcTimerCreate                           0x000097a5   Thumb Code    52  rt_cmsis.o(i.svcTimerCreate)
    svcTimerStart                            0x000097dd   Thumb Code    96  rt_cmsis.o(i.svcTimerStart)
    sysTimerTick                             0x00009841   Thumb Code    84  rt_cmsis.o(i.sysTimerTick)
    tcp_abort                                0x0000989d   Thumb Code    82  net_tcp.o(i.tcp_abort)
    tcp_close                                0x000098f5   Thumb Code   154  net_tcp.o(i.tcp_close)
    tcp_get_buf                              0x00009995   Thumb Code    30  net_tcp.o(i.tcp_get_buf)
    tcp_get_socket                           0x000099b5   Thumb Code    76  net_tcp.o(i.tcp_get_socket)
    tcp_get_state                            0x00009a05   Thumb Code    34  net_tcp.o(i.tcp_get_state)
    tcp_listen                               0x00009a2d   Thumb Code   102  net_tcp.o(i.tcp_listen)
    tcp_max_data_size                        0x00009b15   Thumb Code    30  net_tcp.o(i.tcp_max_data_size)
    tcp_ntoa                                 0x00009b39   Thumb Code     8  net_tcp.o(i.tcp_ntoa)
    tcp_process                              0x00009cbd   Thumb Code  1178  net_tcp.o(i.tcp_process)
    tcp_send                                 0x0000a221   Thumb Code   214  net_tcp.o(i.tcp_send)
    tcp_socket_init                          0x0000a439   Thumb Code    16  net_tcp.o(i.tcp_socket_init)
    tcp_socket_poll                          0x0000a44d   Thumb Code   668  net_tcp.o(i.tcp_socket_poll)
    udp_close                                0x0000a801   Thumb Code    40  net_udp.o(i.udp_close)
    udp_get_buf                              0x0000a82d   Thumb Code    30  net_udp.o(i.udp_get_buf)
    udp_get_socket                           0x0000a84d   Thumb Code    68  net_udp.o(i.udp_get_socket)
    udp_open                                 0x0000a895   Thumb Code    98  net_udp.o(i.udp_open)
    udp_process                              0x0000a92d   Thumb Code   142  net_udp.o(i.udp_process)
    udp_send                                 0x0000a9c5   Thumb Code   260  net_udp.o(i.udp_send)
    udp_socket_init                          0x0000aacd   Thumb Code    16  net_udp.o(i.udp_socket_init)
    os_thread_def_BlinkLed                   0x0000abd0   Data          16  http_server.o(.constdata)
    os_thread_def_Display                    0x0000abe0   Data          16  http_server.o(.constdata)
    imageLastModified                        0x0000abf0   Data           4  web.o(.constdata)
    LED_PIN_lpc1768                          0x00011838   Data           8  leds1768.o(.constdata)
    Arial12x12                               0x00011840   Data        2400  lcd.o(.constdata)
    os_timer_def_obTiempo                    0x000121a0   Data           8  thread.o(.constdata)
    os_thread_def_ThreadLCD                  0x000121a8   Data          16  thread.o(.constdata)
    os_thread_def_ThreadLED4                 0x000121b8   Data          16  thread.o(.constdata)
    os_thread_def_ThreadLED3                 0x000121c8   Data          16  thread.o(.constdata)
    os_thread_def_ThreadSNTP                 0x000121d8   Data          16  thread.o(.constdata)
    os_thread_def_ThreadPulsador             0x000121e8   Data          16  thread.o(.constdata)
    os_maxtaskrun                            0x000121f8   Data           2  rtx_conf_cm.o(.constdata)
    os_stackinfo                             0x000121fc   Data           4  rtx_conf_cm.o(.constdata)
    os_rrobin                                0x00012200   Data           4  rtx_conf_cm.o(.constdata)
    os_tickus_i                              0x00012204   Data           2  rtx_conf_cm.o(.constdata)
    os_tickus_f                              0x00012206   Data           2  rtx_conf_cm.o(.constdata)
    os_trv                                   0x00012208   Data           4  rtx_conf_cm.o(.constdata)
    os_flags                                 0x0001220c   Data           1  rtx_conf_cm.o(.constdata)
    CMSIS_RTOS_API_Version                   0x00012210   Data           4  rtx_conf_cm.o(.constdata)
    CMSIS_RTOS_RTX_Version                   0x00012214   Data           4  rtx_conf_cm.o(.constdata)
    os_clockrate                             0x00012218   Data           4  rtx_conf_cm.o(.constdata)
    os_timernum                              0x0001221c   Data           4  rtx_conf_cm.o(.constdata)
    os_thread_def_main                       0x00012220   Data          16  rtx_conf_cm.o(.constdata)
    mp_tcb_size                              0x00012230   Data           2  rtx_conf_cm.o(.constdata)
    mp_stk_size                              0x00012234   Data           4  rtx_conf_cm.o(.constdata)
    os_stack_sz                              0x00012238   Data           4  rtx_conf_cm.o(.constdata)
    os_fifo_size                             0x0001223c   Data           1  rtx_conf_cm.o(.constdata)
    os_thread_def_osTimerThread              0x00012240   Data          16  rtx_conf_cm.o(.constdata)
    os_messageQ_def_osTimerMessageQ          0x00012250   Data           8  rtx_conf_cm.o(.constdata)
    mp_tmr_size                              0x00012258   Data           2  rtx_conf_cm.o(.constdata)
    Driver_ETH_PHY0                          0x00012260   Data          32  phy_dp83848c.o(.constdata)
    Driver_ETH_MAC0                          0x00012288   Data          68  emac_lpc17xx.o(.constdata)
    Driver_SPI1                              0x0001231c   Data          44  ssp_lpc17xx.o(.constdata)
    nlocalm                                  0x00012348   Data          60  net_config.o(.constdata)
    sys_config                               0x00012384   Data          16  net_config.o(.constdata)
    eth0_config                              0x00012394   Data          40  net_config.o(.constdata)
    udp_config                               0x000123bc   Data           8  net_config.o(.constdata)
    tcp_config                               0x000123c4   Data          24  net_config.o(.constdata)
    http_config                              0x000123dc   Data          24  net_config.o(.constdata)
    sntp_config                              0x000123f4   Data           5  net_config.o(.constdata)
    eth_bcast                                0x000123fc   Data           6  net_eth.o(.constdata)
    os_thread_def_eth_thread                 0x00012408   Data          16  net_eth.o(.constdata)
    ip_bcast                                 0x00012418   Data           4  net_ip.o(.constdata)
    net_addr_null                            0x0001254e   Data           8  net_addr4.o(.constdata)
    os_timer_def_net_tick                    0x00012558   Data           8  net_sys.o(.constdata)
    http_error                               0x00012560   Data          24  net_http_server_err.o(.constdata)
    os_mutex_def_mem_lock                    0x00012578   Data           4  net_mem.o(.constdata)
    __ctype_table                            0x00012588   Data         129  ctype_o.o(.constdata)
    Region$$Table$$Base                      0x00012960   Number         0  anon$$obj.o(Region$$Table)
    Region$$Table$$Limit                     0x00012980   Number         0  anon$$obj.o(Region$$Table)
    __MW_NET_VER                             0x06070007   Number         0  net_version.o ABSOLUTE
    LEDrun                                   0x10000000   Data           1  http_server.o(.data)
    LCDupdate                                0x10000001   Data           1  http_server.o(.data)
    i                                        0x10000004   Data           4  http_server.o(.data)
    posicionL1                               0x10000010   Data           1  lcd.o(.data)
    posicionL2                               0x10000011   Data           1  lcd.o(.data)
    SPIdrv                                   0x10000014   Data           4  lcd.o(.data)
    t                                        0x10000018   Data           4  lcd.o(.data)
    f                                        0x1000001c   Data           4  lcd.o(.data)
    j                                        0x10000024   Data           4  thread.o(.data)
    tid_ThreadLCD                            0x10000028   Data           4  thread.o(.data)
    tid_ThreadLED4                           0x1000002c   Data           4  thread.o(.data)
    tid_ThreadLED3                           0x10000030   Data           4  thread.o(.data)
    tid_ThreadSNTP                           0x10000034   Data           4  thread.o(.data)
    tid_ThreadPulsador                       0x10000038   Data           4  thread.o(.data)
    tid_obTiempo                             0x1000003c   Data           4  thread.o(.data)
    segundos                                 0x10000040   Data           4  rtc.o(.data)
    minutos                                  0x10000044   Data           4  rtc.o(.data)
    horas                                    0x10000048   Data           4  rtc.o(.data)
    dia                                      0x1000004c   Data           4  rtc.o(.data)
    mes                                      0x10000050   Data           4  rtc.o(.data)
    ano                                      0x10000054   Data           4  rtc.o(.data)
    s                                        0x10000058   Data           4  sntp.o(.data)
    m_tmr                                    0x1000005c   Data           4  rtx_conf_cm.o(.data)
    osThreadId_osTimerThread                 0x10000060   Data           4  rtx_conf_cm.o(.data)
    osMessageQId_osTimerMessageQ             0x10000064   Data           4  rtx_conf_cm.o(.data)
    iap_entry                                0x10000068   Data           4  emac_lpc17xx.o(.data)
    SystemCoreClock                          0x10000098   Data           4  system_lpc17xx_1.o(.data)
    lhost_name                               0x1000009c   Data          16  net_config.o(.data)
    os_initialized                           0x100000b4   Data           1  rt_cmsis.o(.data)
    os_running                               0x100000b5   Data           1  rt_cmsis.o(.data)
    os_timer_head                            0x100000b8   Data           4  rt_cmsis.o(.data)
    os_tsk                                   0x100000dc   Data           8  rt_task.o(.data)
    os_tick_irqn                             0x100000e8   Data           4  rt_system.o(.data)
    os_time                                  0x100000ec   Data           4  rt_time.o(.data)
    dbg_msg                                  0x100000f0   Data           1  hal_cm.o(.data)
    os_robin                                 0x100000f4   Data           8  rt_robin.o(.data)
    lcd_text                                 0x10000100   Data          42  http_server.o(.bss)
    lcd_buf                                  0x1000012a   Data          21  http_server.o(.bss)
    buffer                                   0x1000013f   Data         512  lcd.o(.bss)
    os_timer_cb_obTiempo                     0x10000340   Data          24  thread.o(.bss)
    tiempo                                   0x10000358   Data          20  rtc.o(.bss)
    fecha                                    0x1000036c   Data          20  rtc.o(.bss)
    cadenaReloj                              0x10000380   Data          21  rtc.o(.bss)
    cadenaFecha                              0x10000395   Data          21  rtc.o(.bss)
    tiempo_SNTP                              0x100003ac   Data          44  sntp.o(.bss)
    os_messageQ_q_osTimerMessageQ            0x100003d8   Data          32  rtx_conf_cm.o(.bss)
    mp_tcb                                   0x100003f8   Data         428  rtx_conf_cm.o(.bss)
    mp_stk                                   0x100005a8   Data        2144  rtx_conf_cm.o(.bss)
    os_stack_mem                             0x10000e08   Data        1032  rtx_conf_cm.o(.bss)
    os_fifo                                  0x10001210   Data         132  rtx_conf_cm.o(.bss)
    os_active_TCB                            0x10001294   Data          32  rtx_conf_cm.o(.bss)
    eth_control                              0x10007074   Data         136  net_eth.o(.bss)
    localm                                   0x1000714c   Data          60  net_sys.o(.bss)
    sys_control                              0x10007188   Data          24  net_sys.o(.bss)
    os_timer_cb_net_tick                     0x100071a0   Data          24  net_sys.o(.bss)
    os_idle_TCB                              0x100071b8   Data          52  rt_task.o(.bss)
    os_rdy                                   0x100071ec   Data          24  rt_list.o(.bss)
    os_dly                                   0x10007204   Data          24  rt_list.o(.bss)
    __initial_sp                             0x10007470   Data           0  startup_lpc17xx_1.o(STACK)



==============================================================================

Memory Map of the image

  Image Entry point : 0x000000cd

  Load Region LR_IROM1 (Base: 0x00000000, Size: 0x00012a80, Max: 0x00080000, ABSOLUTE)

    Execution Region ER_IROM1 (Exec base: 0x00000000, Load base: 0x00000000, Size: 0x00012980, Max: 0x00080000, ABSOLUTE)

    Exec Addr    Load Addr    Size         Type   Attr      Idx    E Section Name        Object

    0x00000000   0x00000000   0x000000cc   Data   RO          761    RESET               startup_lpc17xx_1.o
    0x000000cc   0x000000cc   0x00000000   Code   RO         2514  * .ARM.Collect$$$$00000000  mc_w.l(entry.o)
    0x000000cc   0x000000cc   0x00000004   Code   RO         2814    .ARM.Collect$$$$00000001  mc_w.l(entry2.o)
    0x000000d0   0x000000d0   0x00000004   Code   RO         2817    .ARM.Collect$$$$00000004  mc_w.l(entry5.o)
    0x000000d4   0x000000d4   0x00000000   Code   RO         2819    .ARM.Collect$$$$00000008  mc_w.l(entry7b.o)
    0x000000d4   0x000000d4   0x00000000   Code   RO         2821    .ARM.Collect$$$$0000000A  mc_w.l(entry8b.o)
    0x000000d4   0x000000d4   0x00000004   Code   RO         2827    .ARM.Collect$$$$0000000E  mc_w.l(entry12b.o)
    0x000000d8   0x000000d8   0x00000000   Code   RO         2822    .ARM.Collect$$$$0000000F  mc_w.l(entry10a.o)
    0x000000d8   0x000000d8   0x00000000   Code   RO         2824    .ARM.Collect$$$$00000011  mc_w.l(entry11a.o)
    0x000000d8   0x000000d8   0x00000018   Code   RO          528    .ARM.Collect$$$$000000FF  rtx_conf_cm.o
    0x000000f0   0x000000f0   0x00000004   Code   RO         2815    .ARM.Collect$$$$00002712  mc_w.l(entry2.o)
    0x000000f4   0x000000f4   0x00000130   Code   RO         2501    .emb_text           RTX_CM3.lib(hal_cm3.o)
    0x00000224   0x00000224   0x0000005c   Code   RO          154    .text               web.o
    0x00000280   0x00000280   0x00000002   Code   RO          413    .text               lpc17xx_libcfg_default.o
    0x00000282   0x00000282   0x00000002   PAD
    0x00000284   0x00000284   0x00000054   Code   RO          428    .text               sntp.o
    0x000002d8   0x000002d8   0x00000004   Code   RO          529    .text               rtx_conf_cm.o
    0x000002dc   0x000002dc   0x0000000e   Code   RO         2527    .text               mc_w.l(strlen.o)
    0x000002ea   0x000002ea   0x00000012   Code   RO         2533    .text               mc_w.l(strcpy.o)
    0x000002fc   0x000002fc   0x00000004   Code   RO          762    .ARM.__at_0x02FC    startup_lpc17xx_1.o
    0x00000300   0x00000300   0x000001c8   Code   RO            4    .text               http_server.o
    0x000004c8   0x000004c8   0x000005ac   Code   RO          114    .text               http_server_cgi.o
    0x00000a74   0x00000a74   0x000000e8   Code   RO          174    .text               leds1768.o
    0x00000b5c   0x00000b5c   0x000003e4   Code   RO          193    .text               lcd.o
    0x00000f40   0x00000f40   0x000000f4   Code   RO          251    .text               adc.o
    0x00001034   0x00001034   0x00000138   Code   RO          286    .text               thread.o
    0x0000116c   0x0000116c   0x0000022c   Code   RO          319    .text               rtc.o
    0x00001398   0x00001398   0x00000890   Code   RO          358    .text               lpc17xx_rtc.o
    0x00001c28   0x00001c28   0x0000010c   Code   RO          391    .text               lpc17xx_clkpwr.o
    0x00001d34   0x00001d34   0x00000188   Code   RO          487    .text               lpc17xx_wdt.o
    0x00001ebc   0x00001ebc   0x000001cc   Code   RO          580    .text               phy_dp83848c.o
    0x00002088   0x00002088   0x000009e4   Code   RO          602    .text               emac_lpc17xx.o
    0x00002a6c   0x00002a6c   0x00000bb8   Code   RO          645    .text               ssp_lpc17xx.o
    0x00003624   0x00003624   0x00000368   Code   RO          687    .text               gpdma_lpc17xx.o
    0x0000398c   0x0000398c   0x0000007c   Code   RO          714    .text               gpio_lpc17xx.o
    0x00003a08   0x00003a08   0x00000098   Code   RO          738    .text               pin_lpc17xx.o
    0x00003aa0   0x00003aa0   0x00000024   Code   RO          763    .text               startup_lpc17xx_1.o
    0x00003ac4   0x00003ac4   0x0000019c   Code   RO          772    .text               system_lpc17xx_1.o
    0x00003c60   0x00003c60   0x0000006e   Code   RO          799    .text               net_config.o
    0x00003cce   0x00003cce   0x00000062   Code   RO         2517    .text               mc_w.l(uldiv.o)
    0x00003d30   0x00003d30   0x00000094   Code   RO         2519    .text               mc_w.l(localtime.o)
    0x00003dc4   0x00003dc4   0x00000024   Code   RO         2523    .text               mc_w.l(memcpya.o)
    0x00003de8   0x00003de8   0x00000024   Code   RO         2525    .text               mc_w.l(memseta.o)
    0x00003e0c   0x00003e0c   0x0000001c   Code   RO         2529    .text               mc_w.l(strcmp.o)
    0x00003e28   0x00003e28   0x0000001a   Code   RO         2531    .text               mc_w.l(memcmp.o)
    0x00003e42   0x00003e42   0x0000001e   Code   RO         2535    .text               mc_w.l(strncmp.o)
    0x00003e60   0x00003e60   0x00000038   Code   RO         2800    .text               mc_w.l(__0sscanf.o)
    0x00003e98   0x00003e98   0x0000014c   Code   RO         2802    .text               mc_w.l(_scanf_int.o)
    0x00003fe4   0x00003fe4   0x0000001a   Code   RO         2804    .text               mc_w.l(atoi.o)
    0x00003ffe   0x00003ffe   0x00000064   Code   RO         2806    .text               mf_w.l(fmul.o)
    0x00004062   0x00004062   0x00000018   Code   RO         2808    .text               mf_w.l(fscalb.o)
    0x0000407a   0x0000407a   0x0000000a   Code   RO         2810    .text               mf_w.l(ffltui.o)
    0x00004084   0x00004084   0x00000026   Code   RO         2812    .text               mf_w.l(f2d.o)
    0x000040aa   0x000040aa   0x0000002c   Code   RO         2831    .text               mc_w.l(uidiv.o)
    0x000040d6   0x000040d6   0x0000001e   Code   RO         2833    .text               mc_w.l(llshl.o)
    0x000040f4   0x000040f4   0x00000020   Code   RO         2835    .text               mc_w.l(llushr.o)
    0x00004114   0x00004114   0x0000001c   Code   RO         2844    .text               mc_w.l(_chval.o)
    0x00004130   0x00004130   0x00000028   Code   RO         2846    .text               mc_w.l(scanf_char.o)
    0x00004158   0x00004158   0x00000040   Code   RO         2848    .text               mc_w.l(_sgetc.o)
    0x00004198   0x00004198   0x00000070   Code   RO         2850    .text               mc_w.l(strtol.o)
    0x00004208   0x00004208   0x00000000   Code   RO         2852    .text               mc_w.l(iusefp.o)
    0x00004208   0x00004208   0x0000006e   Code   RO         2853    .text               mf_w.l(fepilogue.o)
    0x00004276   0x00004276   0x0000014e   Code   RO         2855    .text               mf_w.l(dadd.o)
    0x000043c4   0x000043c4   0x000000e4   Code   RO         2857    .text               mf_w.l(dmul.o)
    0x000044a8   0x000044a8   0x000000de   Code   RO         2859    .text               mf_w.l(ddiv.o)
    0x00004586   0x00004586   0x00000030   Code   RO         2861    .text               mf_w.l(dfixul.o)
    0x000045b6   0x000045b6   0x00000002   PAD
    0x000045b8   0x000045b8   0x00000030   Code   RO         2863    .text               mf_w.l(cdrcmple.o)
    0x000045e8   0x000045e8   0x00000024   Code   RO         2865    .text               mc_w.l(init.o)
    0x0000460c   0x0000460c   0x00000024   Code   RO         2868    .text               mc_w.l(llsshr.o)
    0x00004630   0x00004630   0x00000008   Code   RO         2872    .text               mc_w.l(ctype_o.o)
    0x00004638   0x00004638   0x00000012   Code   RO         2894    .text               mc_w.l(isspace_o.o)
    0x0000464a   0x0000464a   0x00000002   PAD
    0x0000464c   0x0000464c   0x00000330   Code   RO         2900    .text               mc_w.l(_scanf.o)
    0x0000497c   0x0000497c   0x0000009e   Code   RO         2902    .text               mc_w.l(_strtoul.o)
    0x00004a1a   0x00004a1a   0x000000ba   Code   RO         2905    .text               mf_w.l(depilogue.o)
    0x00004ad4   0x00004ad4   0x00000004   Code   RO         2511    SVC_TABLE           RTX_CM3.lib(svc_table.o)
    0x00004ad8   0x00004ad8   0x00000028   Code   RO         2774    i.__0sprintf        mc_w.l(printfa.o)
    0x00004b00   0x00004b00   0x00000008   Code   RO         2837    i.__aeabi_errno_addr  mc_w.l(errno.o)
    0x00004b08   0x00004b08   0x0000000e   Code   RO         2911    i.__scatterload_copy  mc_w.l(handlers.o)
    0x00004b16   0x00004b16   0x00000002   Code   RO         2912    i.__scatterload_null  mc_w.l(handlers.o)
    0x00004b18   0x00004b18   0x0000000e   Code   RO         2913    i.__scatterload_zeroinit  mc_w.l(handlers.o)
    0x00004b26   0x00004b26   0x00000002   PAD
    0x00004b28   0x00004b28   0x00000184   Code   RO         2779    i._fp_digits        mc_w.l(printfa.o)
    0x00004cac   0x00004cac   0x00000046   Code   RO         2309    i._init_box         RTX_CM3.lib(rt_membox.o)
    0x00004cf2   0x00004cf2   0x00000002   PAD
    0x00004cf4   0x00004cf4   0x000006b4   Code   RO         2780    i._printf_core      mc_w.l(printfa.o)
    0x000053a8   0x000053a8   0x00000024   Code   RO         2781    i._printf_post_padding  mc_w.l(printfa.o)
    0x000053cc   0x000053cc   0x0000002e   Code   RO         2782    i._printf_pre_padding  mc_w.l(printfa.o)
    0x000053fa   0x000053fa   0x0000000a   Code   RO         2784    i._sputc            mc_w.l(printfa.o)
    0x00005404   0x00005404   0x00000034   Code   RO         1715    i.add_server_id     Net_CM3_L.lib(net_http_server.o)
    0x00005438   0x00005438   0x000000a4   Code   RO         1502    i.arp_cache_add     Net_CM3_L.lib(net_arp.o)
    0x000054dc   0x000054dc   0x00000088   Code   RO         1503    i.arp_cache_alloc   Net_CM3_L.lib(net_arp.o)
    0x00005564   0x00005564   0x00000088   Code   RO         1504    i.arp_cache_early   Net_CM3_L.lib(net_arp.o)
    0x000055ec   0x000055ec   0x000000a0   Code   RO         1505    i.arp_cache_find    Net_CM3_L.lib(net_arp.o)
    0x0000568c   0x0000568c   0x000000e4   Code   RO         1508    i.arp_cache_update  Net_CM3_L.lib(net_arp.o)
    0x00005770   0x00005770   0x00000030   Code   RO         1512    i.arp_init          Net_CM3_L.lib(net_arp.o)
    0x000057a0   0x000057a0   0x0000003c   Code   RO         1513    i.arp_is_cacheable  Net_CM3_L.lib(net_arp.o)
    0x000057dc   0x000057dc   0x00000028   Code   RO         1514    i.arp_notify        Net_CM3_L.lib(net_arp.o)
    0x00005804   0x00005804   0x00000074   Code   RO         1516    i.arp_proc_response  Net_CM3_L.lib(net_arp.o)
    0x00005878   0x00005878   0x00000120   Code   RO         1517    i.arp_process       Net_CM3_L.lib(net_arp.o)
    0x00005998   0x00005998   0x00000088   Code   RO         1518    i.arp_send_reply    Net_CM3_L.lib(net_arp.o)
    0x00005a20   0x00005a20   0x000000b8   Code   RO         1519    i.arp_send_request  Net_CM3_L.lib(net_arp.o)
    0x00005ad8   0x00005ad8   0x0000007a   Code   RO         2442    i.b64_to_asc        Net_CM3_L.lib(net_common.o)
    0x00005b52   0x00005b52   0x00000004   Code   RO         1716    i.cgi_content_type  Net_CM3_L.lib(net_http_server.o)
    0x00005b56   0x00005b56   0x00000004   Code   RO         1720    i.cgx_content_type  Net_CM3_L.lib(net_http_server.o)
    0x00005b5a   0x00005b5a   0x00000002   PAD
    0x00005b5c   0x00005b5c   0x00000170   Code   RO         1721    i.chk_post_req      Net_CM3_L.lib(net_http_server.o)
    0x00005ccc   0x00005ccc   0x00000032   Code   RO         2444    i.chksum16          Net_CM3_L.lib(net_common.o)
    0x00005cfe   0x00005cfe   0x0000001e   Code   RO         1722    i.cmp_fname_ext     Net_CM3_L.lib(net_http_server.o)
    0x00005d1c   0x00005d1c   0x00000028   Code   RO         1723    i.cmp_header        Net_CM3_L.lib(net_http_server.o)
    0x00005d44   0x00005d44   0x00000030   Code   RO         2362    i.dbg_init          RTX_CM3.lib(hal_cm.o)
    0x00005d74   0x00005d74   0x00000020   Code   RO         2363    i.dbg_task_notify   RTX_CM3.lib(hal_cm.o)
    0x00005d94   0x00005d94   0x00000010   Code   RO         2364    i.dbg_task_switch   RTX_CM3.lib(hal_cm.o)
    0x00005da4   0x00005da4   0x000000e8   Code   RO         1469    i.eth_check_link    Net_CM3_L.lib(net_eth.o)
    0x00005e8c   0x00005e8c   0x00000020   Code   RO         1470    i.eth_chk_addr      Net_CM3_L.lib(net_eth.o)
    0x00005eac   0x00005eac   0x00000070   Code   RO         1471    i.eth_fetch_frame   Net_CM3_L.lib(net_eth.o)
    0x00005f1c   0x00005f1c   0x000000f8   Code   RO         1473    i.eth_init_link     Net_CM3_L.lib(net_eth.o)
    0x00006014   0x00006014   0x00000002   Code   RO         1474    i.eth_link_notify   Net_CM3_L.lib(net_eth.o)
    0x00006016   0x00006016   0x00000002   PAD
    0x00006018   0x00006018   0x00000014   Code   RO         1475    i.eth_notify        Net_CM3_L.lib(net_eth.o)
    0x0000602c   0x0000602c   0x00000064   Code   RO         1476    i.eth_output        Net_CM3_L.lib(net_eth.o)
    0x00006090   0x00006090   0x000000e4   Code   RO         1477    i.eth_run_link      Net_CM3_L.lib(net_eth.o)
    0x00006174   0x00006174   0x000000a4   Code   RO         1478    i.eth_send_frame    Net_CM3_L.lib(net_eth.o)
    0x00006218   0x00006218   0x0000000e   Code   RO         1480    i.eth_thread        Net_CM3_L.lib(net_eth.o)
    0x00006226   0x00006226   0x00000002   PAD
    0x00006228   0x00006228   0x0000001c   Code   RO         2446    i.get_crc32         Net_CM3_L.lib(net_common.o)
    0x00006244   0x00006244   0x00000028   Code   RO         1724    i.get_next_field    Net_CM3_L.lib(net_http_server.o)
    0x0000626c   0x0000626c   0x00000032   Code   RO         1725    i.get_next_par      Net_CM3_L.lib(net_http_server.o)
    0x0000629e   0x0000629e   0x00000002   PAD
    0x000062a0   0x000062a0   0x0000001c   Code   RO         1841    i.get_rnd32         Net_CM3_L.lib(net_sys.o)
    0x000062bc   0x000062bc   0x00000012   Code   RO         1726    i.hex2byte          Net_CM3_L.lib(net_http_server.o)
    0x000062ce   0x000062ce   0x00000004   Code   RO         1727    i.http_accept_client  Net_CM3_L.lib(net_http_server.o)
    0x000062d2   0x000062d2   0x00000002   PAD
    0x000062d4   0x000062d4   0x00000310   Code   RO         1728    i.http_add_header   Net_CM3_L.lib(net_http_server.o)
    0x000065e4   0x000065e4   0x00000004   Code   RO         1729    i.http_check_account  Net_CM3_L.lib(net_http_server.o)
    0x000065e8   0x000065e8   0x00000004   Code   RO         1730    i.http_encoding     Net_CM3_L.lib(net_http_server.o)
    0x000065ec   0x000065ec   0x00000178   Code   RO         1731    i.http_error_msg    Net_CM3_L.lib(net_http_server.o)
    0x00006764   0x00006764   0x00000004   Code   RO         1732    i.http_file_access  Net_CM3_L.lib(net_http_server.o)
    0x00006768   0x00006768   0x0000006c   Code   RO         1733    i.http_get_env_var  Net_CM3_L.lib(net_http_server.o)
    0x000067d4   0x000067d4   0x00000078   Code   RO         1734    i.http_get_ftype    Net_CM3_L.lib(net_http_server.o)
    0x0000684c   0x0000684c   0x0000005e   Code   RO         1736    i.http_kill_session  Net_CM3_L.lib(net_http_server.o)
    0x000068aa   0x000068aa   0x00000002   PAD
    0x000068ac   0x000068ac   0x00000214   Code   RO         1737    i.http_listener     Net_CM3_L.lib(net_http_server.o)
    0x00006ac0   0x00006ac0   0x000000f0   Code   RO         1738    i.http_open_file    Net_CM3_L.lib(net_http_server.o)
    0x00006bb0   0x00006bb0   0x0000014c   Code   RO         1739    i.http_proc_header  Net_CM3_L.lib(net_http_server.o)
    0x00006cfc   0x00006cfc   0x00000178   Code   RO         1740    i.http_proc_multipart  Net_CM3_L.lib(net_http_server.o)
    0x00006e74   0x00006e74   0x000000f4   Code   RO         1741    i.http_proc_post    Net_CM3_L.lib(net_http_server.o)
    0x00006f68   0x00006f68   0x00000024   Code   RO         1744    i.http_server_get_lang  Net_CM3_L.lib(net_http_server.o)
    0x00006f8c   0x00006f8c   0x0000005c   Code   RO         1746    i.http_server_init  Net_CM3_L.lib(net_http_server.o)
    0x00006fe8   0x00006fe8   0x00000334   Code   RO         1747    i.http_server_run   Net_CM3_L.lib(net_http_server.o)
    0x0000731c   0x0000731c   0x00000020   Code   RO         1748    i.http_strcpy       Net_CM3_L.lib(net_http_server.o)
    0x0000733c   0x0000733c   0x000000a4   Code   RO         1749    i.http_to_utc       Net_CM3_L.lib(net_http_server.o)
    0x000073e0   0x000073e0   0x000000dc   Code   RO         1579    i.icmp_process      Net_CM3_L.lib(net_icmp.o)
    0x000074bc   0x000074bc   0x00000080   Code   RO         1580    i.icmp_send_message  Net_CM3_L.lib(net_icmp.o)
    0x0000753c   0x0000753c   0x00000010   Code   RO         1581    i.icmp_service_init  Net_CM3_L.lib(net_icmp.o)
    0x0000754c   0x0000754c   0x00000048   Code   RO         1582    i.icmp_service_run  Net_CM3_L.lib(net_icmp.o)
    0x00007594   0x00007594   0x00000068   Code   RO         1822    i.ip4_aton          Net_CM3_L.lib(net_addr4.o)
    0x000075fc   0x000075fc   0x0000004c   Code   RO         1546    i.ip4_checksum      Net_CM3_L.lib(net_ip.o)
    0x00007648   0x00007648   0x00000038   Code   RO         1823    i.ip4_ntoa          Net_CM3_L.lib(net_addr4.o)
    0x00007680   0x00007680   0x000000d0   Code   RO         1547    i.ip_chk_frame      Net_CM3_L.lib(net_ip.o)
    0x00007750   0x00007750   0x0000000a   Code   RO         1549    i.ip_get_chksum     Net_CM3_L.lib(net_ip.o)
    0x0000775a   0x0000775a   0x00000002   PAD
    0x0000775c   0x0000775c   0x00000044   Code   RO         1550    i.ip_get_locadr     Net_CM3_L.lib(net_ip.o)
    0x000077a0   0x000077a0   0x0000007c   Code   RO         1551    i.ip_get_route      Net_CM3_L.lib(net_ip.o)
    0x0000781c   0x0000781c   0x00000050   Code   RO         1552    i.ip_localhost_init  Net_CM3_L.lib(net_ip.o)
    0x0000786c   0x0000786c   0x00000060   Code   RO         1553    i.ip_localhost_run  Net_CM3_L.lib(net_ip.o)
    0x000078cc   0x000078cc   0x00000140   Code   RO         1554    i.ip_send_frame     Net_CM3_L.lib(net_ip.o)
    0x00007a0c   0x00007a0c   0x00000030   Code   RO         1555    i.ip_tx_offload     Net_CM3_L.lib(net_ip.o)
    0x00007a3c   0x00007a3c   0x0000001a   Code   RO         1824    i.is_subnet         Net_CM3_L.lib(net_addr4.o)
    0x00007a56   0x00007a56   0x00000002   PAD
    0x00007a58   0x00007a58   0x00000028   Code   RO         1556    i.is_subnet_bcast   Net_CM3_L.lib(net_ip.o)
    0x00007a80   0x00007a80   0x0000002a   Code   RO          850    i.isrMessageGet     RTX_CM3.lib(rt_cmsis.o)
    0x00007aaa   0x00007aaa   0x0000002c   Code   RO          851    i.isrMessagePut     RTX_CM3.lib(rt_cmsis.o)
    0x00007ad6   0x00007ad6   0x00000024   Code   RO          853    i.isrSignalSet      RTX_CM3.lib(rt_cmsis.o)
    0x00007afa   0x00007afa   0x00000002   PAD
    0x00007afc   0x00007afc   0x00000028   Code   RO         2033    i.isr_evt_set       RTX_CM3.lib(rt_event.o)
    0x00007b24   0x00007b24   0x00000056   Code   RO         2155    i.isr_mbx_receive   RTX_CM3.lib(rt_mailbox.o)
    0x00007b7a   0x00007b7a   0x0000000e   Code   RO         2156    i.isr_mbx_send      RTX_CM3.lib(rt_mailbox.o)
    0x00007b88   0x00007b88   0x0000008c   Code   RO         2418    i.mem_alloc         Net_CM3_L.lib(net_mem.o)
    0x00007c14   0x00007c14   0x0000001c   Code   RO         2419    i.mem_avail         Net_CM3_L.lib(net_mem.o)
    0x00007c30   0x00007c30   0x00000020   Code   RO         2447    i.mem_crc32         Net_CM3_L.lib(net_common.o)
    0x00007c50   0x00007c50   0x0000006c   Code   RO         2420    i.mem_free          Net_CM3_L.lib(net_mem.o)
    0x00007cbc   0x00007cbc   0x00000064   Code   RO         2421    i.mem_init          Net_CM3_L.lib(net_mem.o)
    0x00007d20   0x00007d20   0x00000010   Code   RO         2422    i.mem_lock          Net_CM3_L.lib(net_mem.o)
    0x00007d30   0x00007d30   0x00000038   Code   RO         2423    i.mem_resize        Net_CM3_L.lib(net_mem.o)
    0x00007d68   0x00007d68   0x0000000c   Code   RO         2424    i.mem_unlock        Net_CM3_L.lib(net_mem.o)
    0x00007d74   0x00007d74   0x00000030   Code   RO         1703    i.nbns_client_init  Net_CM3_L.lib(net_nbns_client.o)
    0x00007da4   0x00007da4   0x00000160   Code   RO         1704    i.nbns_listener     Net_CM3_L.lib(net_nbns_client.o)
    0x00007f04   0x00007f04   0x0000004c   Code   RO         1842    i.net_initialize    Net_CM3_L.lib(net_sys.o)
    0x00007f50   0x00007f50   0x00000064   Code   RO         1843    i.net_main          Net_CM3_L.lib(net_sys.o)
    0x00007fb4   0x00007fb4   0x00000014   Code   RO         1844    i.net_timer_tick    Net_CM3_L.lib(net_sys.o)
    0x00007fc8   0x00007fc8   0x00000018   Code   RO          854    i.osDelay           RTX_CM3.lib(rt_cmsis.o)
    0x00007fe0   0x00007fe0   0x00000024   Code   RO          855    i.osKernelInitialize  RTX_CM3.lib(rt_cmsis.o)
    0x00008004   0x00008004   0x0000006c   Code   RO          857    i.osKernelStart     RTX_CM3.lib(rt_cmsis.o)
    0x00008070   0x00008070   0x00000018   Code   RO          858    i.osKernelSysTick   RTX_CM3.lib(rt_cmsis.o)
    0x00008088   0x00008088   0x00000018   Code   RO          866    i.osMessageGet      RTX_CM3.lib(rt_cmsis.o)
    0x000080a0   0x000080a0   0x0000002c   Code   RO          868    i.osMutexCreate     RTX_CM3.lib(rt_cmsis.o)
    0x000080cc   0x000080cc   0x00000018   Code   RO          870    i.osMutexRelease    RTX_CM3.lib(rt_cmsis.o)
    0x000080e4   0x000080e4   0x00000018   Code   RO          871    i.osMutexWait       RTX_CM3.lib(rt_cmsis.o)
    0x000080fc   0x000080fc   0x00000018   Code   RO          881    i.osSignalSet       RTX_CM3.lib(rt_cmsis.o)
    0x00008114   0x00008114   0x00000018   Code   RO          882    i.osSignalWait      RTX_CM3.lib(rt_cmsis.o)
    0x0000812c   0x0000812c   0x0000002c   Code   RO          883    i.osThreadCreate    RTX_CM3.lib(rt_cmsis.o)
    0x00008158   0x00008158   0x00000018   Code   RO          884    i.osThreadExit      RTX_CM3.lib(rt_cmsis.o)
    0x00008170   0x00008170   0x00000018   Code   RO          889    i.osThreadYield     RTX_CM3.lib(rt_cmsis.o)
    0x00008188   0x00008188   0x0000000c   Code   RO          890    i.osTimerCall       RTX_CM3.lib(rt_cmsis.o)
    0x00008194   0x00008194   0x0000002c   Code   RO          891    i.osTimerCreate     RTX_CM3.lib(rt_cmsis.o)
    0x000081c0   0x000081c0   0x00000018   Code   RO          893    i.osTimerStart      RTX_CM3.lib(rt_cmsis.o)
    0x000081d8   0x000081d8   0x0000002c   Code   RO          895    i.osTimerThread     RTX_CM3.lib(rt_cmsis.o)
    0x00008204   0x00008204   0x00000028   Code   RO         1943    i.os_tick_init      RTX_CM3.lib(rt_system.o)
    0x0000822c   0x0000822c   0x00000002   Code   RO         1944    i.os_tick_irqack    RTX_CM3.lib(rt_system.o)
    0x0000822e   0x0000822e   0x00000002   PAD
    0x00008230   0x00008230   0x00000010   Code   RO         1945    i.os_tick_ovf       RTX_CM3.lib(rt_system.o)
    0x00008240   0x00008240   0x00000014   Code   RO         1946    i.os_tick_val       RTX_CM3.lib(rt_system.o)
    0x00008254   0x00008254   0x00000028   Code   RO         1751    i.proc_req_line     Net_CM3_L.lib(net_http_server.o)
    0x0000827c   0x0000827c   0x000000a0   Code   RO         1752    i.read_script_line  Net_CM3_L.lib(net_http_server.o)
    0x0000831c   0x0000831c   0x0000001a   Code   RO         2310    i.rt_alloc_box      RTX_CM3.lib(rt_membox.o)
    0x00008336   0x00008336   0x0000003e   Code   RO         2338    i.rt_alloc_mem      RTX_CM3.lib(rt_memory.o)
    0x00008374   0x00008374   0x00000038   Code   RO         1858    i.rt_block          RTX_CM3.lib(rt_task.o)
    0x000083ac   0x000083ac   0x00000048   Code   RO         2480    i.rt_chk_robin      RTX_CM3.lib(rt_robin.o)
    0x000083f4   0x000083f4   0x00000070   Code   RO         2079    i.rt_dec_dly        RTX_CM3.lib(rt_list.o)
    0x00008464   0x00008464   0x00000044   Code   RO         1859    i.rt_dispatch       RTX_CM3.lib(rt_task.o)
    0x000084a8   0x000084a8   0x00000006   Code   RO         2245    i.rt_dly_wait       RTX_CM3.lib(rt_time.o)
    0x000084ae   0x000084ae   0x00000002   PAD
    0x000084b0   0x000084b0   0x00000050   Code   RO         2036    i.rt_evt_psh        RTX_CM3.lib(rt_event.o)
    0x00008500   0x00008500   0x0000005c   Code   RO         2037    i.rt_evt_set        RTX_CM3.lib(rt_event.o)
    0x0000855c   0x0000855c   0x0000003c   Code   RO         2038    i.rt_evt_wait       RTX_CM3.lib(rt_event.o)
    0x00008598   0x00008598   0x0000002c   Code   RO         2311    i.rt_free_box       RTX_CM3.lib(rt_membox.o)
    0x000085c4   0x000085c4   0x00000028   Code   RO         2339    i.rt_free_mem       RTX_CM3.lib(rt_memory.o)
    0x000085ec   0x000085ec   0x00000028   Code   RO         2080    i.rt_get_first      RTX_CM3.lib(rt_list.o)
    0x00008614   0x00008614   0x00000024   Code   RO         2081    i.rt_get_same_rdy_prio  RTX_CM3.lib(rt_list.o)
    0x00008638   0x00008638   0x00000008   Code   RO          900    i.rt_id2obj         RTX_CM3.lib(rt_cmsis.o)
    0x00008640   0x00008640   0x00000048   Code   RO         1860    i.rt_init_context   RTX_CM3.lib(rt_task.o)
    0x00008688   0x00008688   0x0000001a   Code   RO         2340    i.rt_init_mem       RTX_CM3.lib(rt_memory.o)
    0x000086a2   0x000086a2   0x00000002   PAD
    0x000086a4   0x000086a4   0x00000018   Code   RO         2481    i.rt_init_robin     RTX_CM3.lib(rt_robin.o)
    0x000086bc   0x000086bc   0x00000080   Code   RO         2365    i.rt_init_stack     RTX_CM3.lib(hal_cm.o)
    0x0000873c   0x0000873c   0x00000008   Code   RO         2157    i.rt_mbx_check      RTX_CM3.lib(rt_mailbox.o)
    0x00008744   0x00008744   0x0000001a   Code   RO         2158    i.rt_mbx_init       RTX_CM3.lib(rt_mailbox.o)
    0x0000875e   0x0000875e   0x00000002   PAD
    0x00008760   0x00008760   0x000000f0   Code   RO         2159    i.rt_mbx_psh        RTX_CM3.lib(rt_mailbox.o)
    0x00008850   0x00008850   0x000000b4   Code   RO         2161    i.rt_mbx_wait       RTX_CM3.lib(rt_mailbox.o)
    0x00008904   0x00008904   0x00000044   Code   RO          901    i.rt_ms2tick        RTX_CM3.lib(rt_cmsis.o)
    0x00008948   0x00008948   0x00000010   Code   RO         2279    i.rt_mut_init       RTX_CM3.lib(rt_mutex.o)
    0x00008958   0x00008958   0x000000d8   Code   RO         2280    i.rt_mut_release    RTX_CM3.lib(rt_mutex.o)
    0x00008a30   0x00008a30   0x00000078   Code   RO         2281    i.rt_mut_wait       RTX_CM3.lib(rt_mutex.o)
    0x00008aa8   0x00008aa8   0x0000007c   Code   RO         1947    i.rt_pop_req        RTX_CM3.lib(rt_system.o)
    0x00008b24   0x00008b24   0x00000020   Code   RO         1948    i.rt_psh_req        RTX_CM3.lib(rt_system.o)
    0x00008b44   0x00008b44   0x0000005c   Code   RO         2082    i.rt_psq_enq        RTX_CM3.lib(rt_list.o)
    0x00008ba0   0x00008ba0   0x00000048   Code   RO         2083    i.rt_put_dly        RTX_CM3.lib(rt_list.o)
    0x00008be8   0x00008be8   0x00000036   Code   RO         2084    i.rt_put_prio       RTX_CM3.lib(rt_list.o)
    0x00008c1e   0x00008c1e   0x00000002   PAD
    0x00008c20   0x00008c20   0x00000014   Code   RO         2085    i.rt_put_rdy_first  RTX_CM3.lib(rt_list.o)
    0x00008c34   0x00008c34   0x00000034   Code   RO         2086    i.rt_resort_prio    RTX_CM3.lib(rt_list.o)
    0x00008c68   0x00008c68   0x00000006   Code   RO         2366    i.rt_ret_val        RTX_CM3.lib(hal_cm.o)
    0x00008c6e   0x00008c6e   0x00000008   Code   RO         2367    i.rt_ret_val2       RTX_CM3.lib(hal_cm.o)
    0x00008c76   0x00008c76   0x00000028   Code   RO         2087    i.rt_rmv_dly        RTX_CM3.lib(rt_list.o)
    0x00008c9e   0x00008c9e   0x00000002   PAD
    0x00008ca0   0x00008ca0   0x00000030   Code   RO         2088    i.rt_rmv_list       RTX_CM3.lib(rt_list.o)
    0x00008cd0   0x00008cd0   0x00000034   Code   RO         2206    i.rt_sem_psh        RTX_CM3.lib(rt_semaphore.o)
    0x00008d04   0x00008d04   0x00000024   Code   RO         1950    i.rt_stk_check      RTX_CM3.lib(rt_system.o)
    0x00008d28   0x00008d28   0x00000028   Code   RO         1861    i.rt_switch_req     RTX_CM3.lib(rt_task.o)
    0x00008d50   0x00008d50   0x000000cc   Code   RO         1862    i.rt_sys_init       RTX_CM3.lib(rt_task.o)
    0x00008e1c   0x00008e1c   0x00000078   Code   RO         1863    i.rt_sys_start      RTX_CM3.lib(rt_task.o)
    0x00008e94   0x00008e94   0x00000040   Code   RO         1952    i.rt_systick        RTX_CM3.lib(rt_system.o)
    0x00008ed4   0x00008ed4   0x00000012   Code   RO          902    i.rt_tid2ptcb       RTX_CM3.lib(rt_cmsis.o)
    0x00008ee6   0x00008ee6   0x00000002   PAD
    0x00008ee8   0x00008ee8   0x00000034   Code   RO          903    i.rt_timer_insert   RTX_CM3.lib(rt_cmsis.o)
    0x00008f1c   0x00008f1c   0x0000003c   Code   RO          904    i.rt_timer_remove   RTX_CM3.lib(rt_cmsis.o)
    0x00008f58   0x00008f58   0x00000088   Code   RO         1864    i.rt_tsk_create     RTX_CM3.lib(rt_task.o)
    0x00008fe0   0x00008fe0   0x0000017c   Code   RO         1865    i.rt_tsk_delete     RTX_CM3.lib(rt_task.o)
    0x0000915c   0x0000915c   0x00000030   Code   RO         1866    i.rt_tsk_pass       RTX_CM3.lib(rt_task.o)
    0x0000918c   0x0000918c   0x0000007c   Code   RO         1867    i.rt_tsk_prio       RTX_CM3.lib(rt_task.o)
    0x00009208   0x00009208   0x00000010   Code   RO         1868    i.rt_tsk_self       RTX_CM3.lib(rt_task.o)
    0x00009218   0x00009218   0x00000048   Code   RO         1753    i.search_delim      Net_CM3_L.lib(net_http_server.o)
    0x00009260   0x00009260   0x00000028   Code   RO         1803    i.sntp_client_init  Net_CM3_L.lib(net_sntp_client.o)
    0x00009288   0x00009288   0x00000050   Code   RO         1804    i.sntp_client_run   Net_CM3_L.lib(net_sntp_client.o)
    0x000092d8   0x000092d8   0x0000007c   Code   RO         1805    i.sntp_get_time     Net_CM3_L.lib(net_sntp_client.o)
    0x00009354   0x00009354   0x00000078   Code   RO         1806    i.sntp_listener     Net_CM3_L.lib(net_sntp_client.o)
    0x000093cc   0x000093cc   0x0000002c   Code   RO         1807    i.sntp_send_message  Net_CM3_L.lib(net_sntp_client.o)
    0x000093f8   0x000093f8   0x00000018   Code   RO         1808    i.sntp_stop         Net_CM3_L.lib(net_sntp_client.o)
    0x00009410   0x00009410   0x00000012   Code   RO         2448    i.str_copy          Net_CM3_L.lib(net_common.o)
    0x00009422   0x00009422   0x00000016   Code   RO         2450    i.str_pos           Net_CM3_L.lib(net_common.o)
    0x00009438   0x00009438   0x0000001a   Code   RO         2451    i.str_scomp         Net_CM3_L.lib(net_common.o)
    0x00009452   0x00009452   0x0000001a   Code   RO         2453    i.str_up_case       Net_CM3_L.lib(net_common.o)
    0x0000946c   0x0000946c   0x00000012   Code   RO          905    i.svcDelay          RTX_CM3.lib(rt_cmsis.o)
    0x0000947e   0x0000947e   0x00000002   PAD
    0x00009480   0x00009480   0x00000070   Code   RO          906    i.svcKernelInitialize  RTX_CM3.lib(rt_cmsis.o)
    0x000094f0   0x000094f0   0x00000048   Code   RO          908    i.svcKernelStart    RTX_CM3.lib(rt_cmsis.o)
    0x00009538   0x00009538   0x00000038   Code   RO          909    i.svcKernelSysTick  RTX_CM3.lib(rt_cmsis.o)
    0x00009570   0x00009570   0x00000024   Code   RO          911    i.svcMessageCreate  RTX_CM3.lib(rt_cmsis.o)
    0x00009594   0x00009594   0x0000003a   Code   RO          912    i.svcMessageGet     RTX_CM3.lib(rt_cmsis.o)
    0x000095ce   0x000095ce   0x0000001c   Code   RO          914    i.svcMutexCreate    RTX_CM3.lib(rt_cmsis.o)
    0x000095ea   0x000095ea   0x00000022   Code   RO          916    i.svcMutexRelease   RTX_CM3.lib(rt_cmsis.o)
    0x0000960c   0x0000960c   0x0000003a   Code   RO          917    i.svcMutexWait      RTX_CM3.lib(rt_cmsis.o)
    0x00009646   0x00009646   0x00000024   Code   RO          924    i.svcSignalSet      RTX_CM3.lib(rt_cmsis.o)
    0x0000966a   0x0000966a   0x00000002   PAD
    0x0000966c   0x0000966c   0x00000054   Code   RO          925    i.svcSignalWait     RTX_CM3.lib(rt_cmsis.o)
    0x000096c0   0x000096c0   0x0000006c   Code   RO          926    i.svcThreadCreate   RTX_CM3.lib(rt_cmsis.o)
    0x0000972c   0x0000972c   0x0000001c   Code   RO          927    i.svcThreadGetId    RTX_CM3.lib(rt_cmsis.o)
    0x00009748   0x00009748   0x00000038   Code   RO          930    i.svcThreadTerminate  RTX_CM3.lib(rt_cmsis.o)
    0x00009780   0x00009780   0x0000000a   Code   RO          931    i.svcThreadYield    RTX_CM3.lib(rt_cmsis.o)
    0x0000978a   0x0000978a   0x00000018   Code   RO          932    i.svcTimerCall      RTX_CM3.lib(rt_cmsis.o)
    0x000097a2   0x000097a2   0x00000002   PAD
    0x000097a4   0x000097a4   0x00000038   Code   RO          933    i.svcTimerCreate    RTX_CM3.lib(rt_cmsis.o)
    0x000097dc   0x000097dc   0x00000064   Code   RO          935    i.svcTimerStart     RTX_CM3.lib(rt_cmsis.o)
    0x00009840   0x00009840   0x0000005c   Code   RO          941    i.sysTimerTick      RTX_CM3.lib(rt_cmsis.o)
    0x0000989c   0x0000989c   0x00000058   Code   RO         1626    i.tcp_abort         Net_CM3_L.lib(net_tcp.o)
    0x000098f4   0x000098f4   0x000000a0   Code   RO         1628    i.tcp_close         Net_CM3_L.lib(net_tcp.o)
    0x00009994   0x00009994   0x0000001e   Code   RO         1631    i.tcp_get_buf       Net_CM3_L.lib(net_tcp.o)
    0x000099b2   0x000099b2   0x00000002   PAD
    0x000099b4   0x000099b4   0x00000050   Code   RO         1633    i.tcp_get_socket    Net_CM3_L.lib(net_tcp.o)
    0x00009a04   0x00009a04   0x00000028   Code   RO         1634    i.tcp_get_state     Net_CM3_L.lib(net_tcp.o)
    0x00009a2c   0x00009a2c   0x0000006c   Code   RO         1636    i.tcp_listen        Net_CM3_L.lib(net_tcp.o)
    0x00009a98   0x00009a98   0x0000007c   Code   RO         1637    i.tcp_map_socket    Net_CM3_L.lib(net_tcp.o)
    0x00009b14   0x00009b14   0x00000024   Code   RO         1638    i.tcp_max_data_size  Net_CM3_L.lib(net_tcp.o)
    0x00009b38   0x00009b38   0x0000000c   Code   RO         1640    i.tcp_ntoa          Net_CM3_L.lib(net_tcp.o)
    0x00009b44   0x00009b44   0x0000005e   Code   RO         1641    i.tcp_parse_opt     Net_CM3_L.lib(net_tcp.o)
    0x00009ba2   0x00009ba2   0x00000002   PAD
    0x00009ba4   0x00009ba4   0x000000c4   Code   RO         1642    i.tcp_proc_acknr    Net_CM3_L.lib(net_tcp.o)
    0x00009c68   0x00009c68   0x00000052   Code   RO         1643    i.tcp_proc_dupack   Net_CM3_L.lib(net_tcp.o)
    0x00009cba   0x00009cba   0x00000002   PAD
    0x00009cbc   0x00009cbc   0x0000049a   Code   RO         1644    i.tcp_process       Net_CM3_L.lib(net_tcp.o)
    0x0000a156   0x0000a156   0x0000001a   Code   RO         1645    i.tcp_que_free      Net_CM3_L.lib(net_tcp.o)
    0x0000a170   0x0000a170   0x0000001a   Code   RO         1646    i.tcp_que_init      Net_CM3_L.lib(net_tcp.o)
    0x0000a18a   0x0000a18a   0x00000002   PAD
    0x0000a18c   0x0000a18c   0x00000094   Code   RO         1647    i.tcp_que_resend    Net_CM3_L.lib(net_tcp.o)
    0x0000a220   0x0000a220   0x000000e0   Code   RO         1651    i.tcp_send          Net_CM3_L.lib(net_tcp.o)
    0x0000a300   0x0000a300   0x00000066   Code   RO         1652    i.tcp_send_ctrl     Net_CM3_L.lib(net_tcp.o)
    0x0000a366   0x0000a366   0x0000004c   Code   RO         1653    i.tcp_send_data     Net_CM3_L.lib(net_tcp.o)
    0x0000a3b2   0x0000a3b2   0x00000060   Code   RO         1654    i.tcp_send_reset    Net_CM3_L.lib(net_tcp.o)
    0x0000a412   0x0000a412   0x00000026   Code   RO         1655    i.tcp_set_cwnd      Net_CM3_L.lib(net_tcp.o)
    0x0000a438   0x0000a438   0x00000014   Code   RO         1656    i.tcp_socket_init   Net_CM3_L.lib(net_tcp.o)
    0x0000a44c   0x0000a44c   0x000002a8   Code   RO         1657    i.tcp_socket_poll   Net_CM3_L.lib(net_tcp.o)
    0x0000a6f4   0x0000a6f4   0x00000068   Code   RO         1658    i.tcp_transit       Net_CM3_L.lib(net_tcp.o)
    0x0000a75c   0x0000a75c   0x000000a4   Code   RO         1659    i.tcp_write         Net_CM3_L.lib(net_tcp.o)
    0x0000a800   0x0000a800   0x0000002c   Code   RO         1595    i.udp_close         Net_CM3_L.lib(net_udp.o)
    0x0000a82c   0x0000a82c   0x0000001e   Code   RO         1597    i.udp_get_buf       Net_CM3_L.lib(net_udp.o)
    0x0000a84a   0x0000a84a   0x00000002   PAD
    0x0000a84c   0x0000a84c   0x00000048   Code   RO         1598    i.udp_get_socket    Net_CM3_L.lib(net_udp.o)
    0x0000a894   0x0000a894   0x0000006c   Code   RO         1601    i.udp_open          Net_CM3_L.lib(net_udp.o)
    0x0000a900   0x0000a900   0x0000002c   Code   RO         1602    i.udp_port_in_use   Net_CM3_L.lib(net_udp.o)
    0x0000a92c   0x0000a92c   0x00000098   Code   RO         1603    i.udp_process       Net_CM3_L.lib(net_udp.o)
    0x0000a9c4   0x0000a9c4   0x00000108   Code   RO         1605    i.udp_send          Net_CM3_L.lib(net_udp.o)
    0x0000aacc   0x0000aacc   0x00000014   Code   RO         1606    i.udp_socket_init   Net_CM3_L.lib(net_udp.o)
    0x0000aae0   0x0000aae0   0x000000f0   Code   RO         1754    i.utc_to_http       Net_CM3_L.lib(net_http_server.o)
    0x0000abd0   0x0000abd0   0x00000020   Data   RO            6    .constdata          http_server.o
    0x0000abf0   0x0000abf0   0x00000004   Data   RO          155    .constdata          web.o
    0x0000abf4   0x0000abf4   0x00006ba4   Data   RO          156    .constdata          web.o
    0x00011798   0x00011798   0x000000a0   Data   RO          157    .constdata          web.o
    0x00011838   0x00011838   0x00000008   Data   RO          175    .constdata          leds1768.o
    0x00011840   0x00011840   0x00000960   Data   RO          195    .constdata          lcd.o
    0x000121a0   0x000121a0   0x00000058   Data   RO          288    .constdata          thread.o
    0x000121f8   0x000121f8   0x00000002   Data   RO          536    .constdata          rtx_conf_cm.o
    0x000121fa   0x000121fa   0x00000002   PAD
    0x000121fc   0x000121fc   0x00000004   Data   RO          537    .constdata          rtx_conf_cm.o
    0x00012200   0x00012200   0x00000004   Data   RO          538    .constdata          rtx_conf_cm.o
    0x00012204   0x00012204   0x00000002   Data   RO          540    .constdata          rtx_conf_cm.o
    0x00012206   0x00012206   0x00000002   Data   RO          541    .constdata          rtx_conf_cm.o
    0x00012208   0x00012208   0x00000004   Data   RO          542    .constdata          rtx_conf_cm.o
    0x0001220c   0x0001220c   0x00000001   Data   RO          543    .constdata          rtx_conf_cm.o
    0x0001220d   0x0001220d   0x00000003   PAD
    0x00012210   0x00012210   0x00000020   Data   RO          544    .constdata          rtx_conf_cm.o
    0x00012230   0x00012230   0x00000002   Data   RO          545    .constdata          rtx_conf_cm.o
    0x00012232   0x00012232   0x00000002   PAD
    0x00012234   0x00012234   0x00000004   Data   RO          546    .constdata          rtx_conf_cm.o
    0x00012238   0x00012238   0x00000004   Data   RO          547    .constdata          rtx_conf_cm.o
    0x0001223c   0x0001223c   0x00000001   Data   RO          548    .constdata          rtx_conf_cm.o
    0x0001223d   0x0001223d   0x00000003   PAD
    0x00012240   0x00012240   0x00000010   Data   RO          549    .constdata          rtx_conf_cm.o
    0x00012250   0x00012250   0x00000008   Data   RO          550    .constdata          rtx_conf_cm.o
    0x00012258   0x00012258   0x00000002   Data   RO          551    .constdata          rtx_conf_cm.o
    0x0001225a   0x0001225a   0x00000004   Data   RO          582    .constdata          phy_dp83848c.o
    0x0001225e   0x0001225e   0x00000002   PAD
    0x00012260   0x00012260   0x00000020   Data   RO          583    .constdata          phy_dp83848c.o
    0x00012280   0x00012280   0x00000008   Data   RO          604    .constdata          emac_lpc17xx.o
    0x00012288   0x00012288   0x00000044   Data   RO          605    .constdata          emac_lpc17xx.o
    0x000122cc   0x000122cc   0x00000050   Data   RO          648    .constdata          ssp_lpc17xx.o
    0x0001231c   0x0001231c   0x0000002c   Data   RO          649    .constdata          ssp_lpc17xx.o
    0x00012348   0x00012348   0x0000003c   Data   RO          805    .constdata          net_config.o
    0x00012384   0x00012384   0x00000010   Data   RO          806    .constdata          net_config.o
    0x00012394   0x00012394   0x00000028   Data   RO          807    .constdata          net_config.o
    0x000123bc   0x000123bc   0x00000008   Data   RO          808    .constdata          net_config.o
    0x000123c4   0x000123c4   0x00000018   Data   RO          809    .constdata          net_config.o
    0x000123dc   0x000123dc   0x00000018   Data   RO          810    .constdata          net_config.o
    0x000123f4   0x000123f4   0x00000005   Data   RO          811    .constdata          net_config.o
    0x000123f9   0x000123f9   0x00000003   PAD
    0x000123fc   0x000123fc   0x0000001c   Data   RO         1482    .constdata          Net_CM3_L.lib(net_eth.o)
    0x00012418   0x00012418   0x00000008   Data   RO         1559    .constdata          Net_CM3_L.lib(net_ip.o)
    0x00012420   0x00012420   0x0000002c   Data   RO         1660    .constdata          Net_CM3_L.lib(net_tcp.o)
    0x0001244c   0x0001244c   0x00000008   Data   RO         1705    .constdata          Net_CM3_L.lib(net_nbns_client.o)
    0x00012454   0x00012454   0x000000fa   Data   RO         1755    .constdata          Net_CM3_L.lib(net_http_server.o)
    0x0001254e   0x0001254e   0x00000008   Data   RO         1828    .constdata          Net_CM3_L.lib(net_addr4.o)
    0x00012556   0x00012556   0x00000002   PAD
    0x00012558   0x00012558   0x00000008   Data   RO         1847    .constdata          Net_CM3_L.lib(net_sys.o)
    0x00012560   0x00012560   0x00000018   Data   RO         2410    .constdata          Net_CM3_L.lib(net_http_server_err.o)
    0x00012578   0x00012578   0x00000004   Data   RO         2427    .constdata          Net_CM3_L.lib(net_mem.o)
    0x0001257c   0x0001257c   0x0000000c   Data   RO         2521    .constdata          mc_w.l(localtime.o)
    0x00012588   0x00012588   0x00000081   Data   RO         2873    .constdata          mc_w.l(ctype_o.o)
    0x00012609   0x00012609   0x00000003   PAD
    0x0001260c   0x0001260c   0x00000004   Data   RO         2874    .constdata          mc_w.l(ctype_o.o)
    0x00012610   0x00012610   0x000000da   Data   RO          115    .conststring        http_server_cgi.o
    0x000126ea   0x000126ea   0x00000002   PAD
    0x000126ec   0x000126ec   0x0000006d   Data   RO         1661    .conststring        Net_CM3_L.lib(net_tcp.o)
    0x00012759   0x00012759   0x00000003   PAD
    0x0001275c   0x0001275c   0x00000203   Data   RO         2411    .conststring        Net_CM3_L.lib(net_http_server_err.o)
    0x0001295f   0x0001295f   0x00000001   PAD
    0x00012960   0x00012960   0x00000020   Data   RO         2910    Region$$Table       anon$$obj.o


    Execution Region RW_IRAM1 (Exec base: 0x10000000, Load base: 0x00012980, Size: 0x00007470, Max: 0x00008000, ABSOLUTE)

    Exec Addr    Load Addr    Size         Type   Attr      Idx    E Section Name        Object

    0x10000000   0x00012980   0x00000008   Data   RW            7    .data               http_server.o
    0x10000008   0x00012988   0x00000008   Data   RW          116    .data               http_server_cgi.o
    0x10000010   0x00012990   0x00000010   Data   RW          196    .data               lcd.o
    0x10000020   0x000129a0   0x00000004   Data   RW          253    .data               adc.o
    0x10000024   0x000129a4   0x0000001c   Data   RW          290    .data               thread.o
    0x10000040   0x000129c0   0x00000018   Data   RW          321    .data               rtc.o
    0x10000058   0x000129d8   0x00000004   Data   RW          433    .data               sntp.o
    0x1000005c   0x000129dc   0x00000004   Data   RW          553    .data               rtx_conf_cm.o
    0x10000060   0x000129e0   0x00000004   Data   RW          554    .data               rtx_conf_cm.o
    0x10000064   0x000129e4   0x00000004   Data   RW          555    .data               rtx_conf_cm.o
    0x10000068   0x000129e8   0x00000018   Data   RW          606    .data               emac_lpc17xx.o
    0x10000080   0x00012a00   0x00000002   Data   RW          650    .data               ssp_lpc17xx.o
    0x10000082   0x00012a02   0x00000002   Data   RW          651    .data               ssp_lpc17xx.o
    0x10000084   0x00012a04   0x00000002   Data   RW          652    .data               ssp_lpc17xx.o
    0x10000086   0x00012a06   0x00000002   Data   RW          653    .data               ssp_lpc17xx.o
    0x10000088   0x00012a08   0x00000008   Data   RW          654    .data               ssp_lpc17xx.o
    0x10000090   0x00012a10   0x00000008   Data   RW          689    .data               gpdma_lpc17xx.o
    0x10000098   0x00012a18   0x00000004   Data   RW          773    .data               system_lpc17xx_1.o
    0x1000009c   0x00012a1c   0x00000010   Data   RW          813    .data               net_config.o
    0x100000ac   0x00012a2c   0x00000006   Data   RW          814    .data               net_config.o
    0x100000b2   0x00012a32   0x00000002   PAD
    0x100000b4   0x00012a34   0x00000008   Data   RW          944    .data               RTX_CM3.lib(rt_cmsis.o)
    0x100000bc   0x00012a3c   0x00000004   Data   RW         1483    .data               Net_CM3_L.lib(net_eth.o)
    0x100000c0   0x00012a40   0x00000008   Data   RW         1520    .data               Net_CM3_L.lib(net_arp.o)
    0x100000c8   0x00012a48   0x00000002   Data   RW         1607    .data               Net_CM3_L.lib(net_udp.o)
    0x100000ca   0x00012a4a   0x00000004   Data   RW         1662    .data               Net_CM3_L.lib(net_tcp.o)
    0x100000ce   0x00012a4e   0x00000001   Data   RW         1706    .data               Net_CM3_L.lib(net_nbns_client.o)
    0x100000cf   0x00012a4f   0x00000001   PAD
    0x100000d0   0x00012a50   0x0000000c   Data   RW         1756    .data               Net_CM3_L.lib(net_http_server.o)
    0x100000dc   0x00012a5c   0x00000008   Data   RW         1870    .data               RTX_CM3.lib(rt_task.o)
    0x100000e4   0x00012a64   0x00000008   Data   RW         1955    .data               RTX_CM3.lib(rt_system.o)
    0x100000ec   0x00012a6c   0x00000004   Data   RW         2249    .data               RTX_CM3.lib(rt_time.o)
    0x100000f0   0x00012a70   0x00000001   Data   RW         2368    .data               RTX_CM3.lib(hal_cm.o)
    0x100000f1   0x00012a71   0x00000003   PAD
    0x100000f4   0x00012a74   0x00000008   Data   RW         2482    .data               RTX_CM3.lib(rt_robin.o)
    0x100000fc   0x00012a7c   0x00000004   Data   RW         2840    .data               mc_w.l(errno.o)
    0x10000100        -       0x0000003f   Zero   RW            5    .bss                http_server.o
    0x1000013f        -       0x00000200   Zero   RW          194    .bss                lcd.o
    0x1000033f   0x00012a80   0x00000001   PAD
    0x10000340        -       0x00000018   Zero   RW          287    .bss                thread.o
    0x10000358        -       0x00000052   Zero   RW          320    .bss                rtc.o
    0x100003aa   0x00012a80   0x00000002   PAD
    0x100003ac        -       0x0000002c   Zero   RW          432    .bss                sntp.o
    0x100003d8        -       0x00000020   Zero   RW          530    .bss                rtx_conf_cm.o
    0x100003f8        -       0x000001ac   Zero   RW          531    .bss                rtx_conf_cm.o
    0x100005a4   0x00012a80   0x00000004   PAD
    0x100005a8        -       0x00000860   Zero   RW          532    .bss                rtx_conf_cm.o
    0x10000e08        -       0x00000408   Zero   RW          533    .bss                rtx_conf_cm.o
    0x10001210        -       0x00000084   Zero   RW          534    .bss                rtx_conf_cm.o
    0x10001294        -       0x00000020   Zero   RW          535    .bss                rtx_conf_cm.o
    0x100012b4        -       0x0000000c   Zero   RW          581    .bss                phy_dp83848c.o
    0x100012c0        -       0x00002a74   Zero   RW          603    .bss                emac_lpc17xx.o
    0x10003d34        -       0x0000000c   Zero   RW          646    .bss                ssp_lpc17xx.o
    0x10003d40        -       0x0000001c   Zero   RW          647    .bss                ssp_lpc17xx.o
    0x10003d5c        -       0x000000a0   Zero   RW          688    .bss                gpdma_lpc17xx.o
    0x10003dfc        -       0x00002ee0   Zero   RW          800    .bss                net_config.o
    0x10006cdc        -       0x0000008c   Zero   RW          801    .bss                net_config.o
    0x10006d68        -       0x0000003c   Zero   RW          802    .bss                net_config.o
    0x10006da4        -       0x00000198   Zero   RW          803    .bss                net_config.o
    0x10006f3c        -       0x00000138   Zero   RW          804    .bss                net_config.o
    0x10007074        -       0x00000088   Zero   RW         1481    .bss                Net_CM3_L.lib(net_eth.o)
    0x100070fc        -       0x0000000c   Zero   RW         1558    .bss                Net_CM3_L.lib(net_ip.o)
    0x10007108        -       0x00000010   Zero   RW         1583    .bss                Net_CM3_L.lib(net_icmp.o)
    0x10007118        -       0x00000010   Zero   RW         1809    .bss                Net_CM3_L.lib(net_sntp_client.o)
    0x10007128        -       0x00000022   Zero   RW         1827    .bss                Net_CM3_L.lib(net_addr4.o)
    0x1000714a   0x00012a80   0x00000002   PAD
    0x1000714c        -       0x00000054   Zero   RW         1845    .bss                Net_CM3_L.lib(net_sys.o)
    0x100071a0        -       0x00000018   Zero   RW         1846    .bss                Net_CM3_L.lib(net_sys.o)
    0x100071b8        -       0x00000034   Zero   RW         1869    .bss                RTX_CM3.lib(rt_task.o)
    0x100071ec        -       0x00000030   Zero   RW         2089    .bss                RTX_CM3.lib(rt_list.o)
    0x1000721c        -       0x00000010   Zero   RW         2425    .bss                Net_CM3_L.lib(net_mem.o)
    0x1000722c        -       0x00000014   Zero   RW         2426    .bss                Net_CM3_L.lib(net_mem.o)
    0x10007240        -       0x0000002c   Zero   RW         2520    .bss                mc_w.l(localtime.o)
    0x1000726c   0x00012a80   0x00000004   PAD
    0x10007270        -       0x00000200   Zero   RW          759    STACK               startup_lpc17xx_1.o


==============================================================================

Image component sizes


      Code (inc. data)   RO Data    RW Data    ZI Data      Debug   Object Name

       244         14          0          4          0      29068   adc.o
      2532        100         76         24      10868      42113   emac_lpc17xx.o
       872         20          0          8        160       5641   gpdma_lpc17xx.o
       124         10          0          0          0       1673   gpio_lpc17xx.o
       456         48         32          8         63      61633   http_server.o
      1452        356        218          8          0      22974   http_server_cgi.o
       996         68       2400         16        512       8889   lcd.o
       232          6          8          0          0       2321   leds1768.o
       268         18          0          0          0       2181   lpc17xx_clkpwr.o
         2          0          0          0          0        723   lpc17xx_libcfg_default.o
      2192         94          0          0          0       8687   lpc17xx_rtc.o
       392         28          0          0          0       2361   lpc17xx_wdt.o
       110          0        177         22      12920       4448   net_config.o
       460          8         36          0         12       6374   phy_dp83848c.o
       152          6          0          0          0       1472   pin_lpc17xx.o
       556         62          0         24         82      32011   rtc.o
        28          6         88         12       3800       7366   rtx_conf_cm.o
        84         12          0          4         44       1588   sntp.o
      3000         26        124         16         40      17782   ssp_lpc17xx.o
        40         12        204          0        512       1028   startup_lpc17xx_1.o
       412         32          0          4          0       1145   system_lpc17xx_1.o
       312         10         88         28         24       3810   thread.o
        92         10      27720          0          0       1628   web.o

    ----------------------------------------------------------------------
     15010        946      31220        180      29044     266916   Object Totals
         0          0         32          0          0          0   (incl. Generated)
         2          0         17          2          7          0   (incl. Padding)

    ----------------------------------------------------------------------

      Code (inc. data)   RO Data    RW Data    ZI Data      Debug   Library Member Name

       186         44          8          0         34        224   net_addr4.o
      1696        128          0          8          0       1024   net_arp.o
       324          4          0          0          0        584   net_common.o
      1152        110         28          4        136        792   net_eth.o
      5484       1186        250         12          0       2476   net_http_server.o
         0          0        539          0          0          0   net_http_server_err.o
       436         34          0          0         16        308   net_icmp.o
      1070         88          8          0         12        816   net_ip.o
       460         52          4          0         36        556   net_mem.o
       400         26          8          1          0        184   net_nbns_client.o
       432         56          0          0         16        472   net_sntp_client.o
       224         48          8          0        108        288   net_sys.o
      3932        164        153          4          0       2068   net_tcp.o
       734         40          0          2          0        624   net_udp.o
       238         24          0          1          0       3312   hal_cm.o
       304         36          0          0          0        768   hal_cm3.o
      1966        228          0          8          0      45744   rt_cmsis.o
       272         18          0          0          0       2650   rt_event.o
       566         44          0          0         48       8792   rt_list.o
       554         10          0          0          0       3949   rt_mailbox.o
       140          0          0          0          0       1925   rt_membox.o
       128          0          0          0          0       2307   rt_memory.o
       352         14          0          0          0       2105   rt_mutex.o
        96         22          0          8          0       1158   rt_robin.o
        52          4          0          0          0        573   rt_semaphore.o
       334         64          0          8          0       7091   rt_system.o
      1264        184          0          8         52      10147   rt_task.o
         6          0          0          4          0        652   rt_time.o
         4          4          0          0          0        208   svc_table.o
        56          8          0          0          0         84   __0sscanf.o
        28          0          0          0          0         68   _chval.o
       816          6          0          0          0        112   _scanf.o
       332          0          0          0          0         96   _scanf_int.o
        64          0          0          0          0         84   _sgetc.o
       158          0          0          0          0         92   _strtoul.o
        26          0          0          0          0         80   atoi.o
         8          4        133          0          0         68   ctype_o.o
         0          0          0          0          0          0   entry.o
         0          0          0          0          0          0   entry10a.o
         0          0          0          0          0          0   entry11a.o
         4          0          0          0          0          0   entry12b.o
         8          4          0          0          0          0   entry2.o
         4          0          0          0          0          0   entry5.o
         0          0          0          0          0          0   entry7b.o
         0          0          0          0          0          0   entry8b.o
         8          4          0          4          0         68   errno.o
        30          0          0          0          0          0   handlers.o
        36          8          0          0          0         68   init.o
        18          0          0          0          0         76   isspace_o.o
         0          0          0          0          0          0   iusefp.o
        30          0          0          0          0         68   llshl.o
        36          0          0          0          0         68   llsshr.o
        32          0          0          0          0         68   llushr.o
       148         10         12          0         44         76   localtime.o
        26          0          0          0          0         80   memcmp.o
        36          0          0          0          0         68   memcpya.o
        36          0          0          0          0        108   memseta.o
      2236         86          0          0          0        532   printfa.o
        40          8          0          0          0         84   scanf_char.o
        28          0          0          0          0         76   strcmp.o
        18          0          0          0          0         68   strcpy.o
        14          0          0          0          0         68   strlen.o
        30          0          0          0          0         80   strncmp.o
       112          0          0          0          0         88   strtol.o
        44          0          0          0          0         80   uidiv.o
        98          0          0          0          0         92   uldiv.o
        48          0          0          0          0         68   cdrcmple.o
       334          0          0          0          0        148   dadd.o
       222          0          0          0          0        100   ddiv.o
       186          0          0          0          0        176   depilogue.o
        48          0          0          0          0         68   dfixul.o
       228          0          0          0          0         96   dmul.o
        38          0          0          0          0         68   f2d.o
       110          0          0          0          0        168   fepilogue.o
        10          0          0          0          0         68   ffltui.o
       100          0          0          0          0         76   fmul.o
        24          0          0          0          0         68   fscalb.o

    ----------------------------------------------------------------------
     28770       2770       1160         76        508     105501   Library Totals
        56          0          9          4          6          0   (incl. Padding)

    ----------------------------------------------------------------------

      Code (inc. data)   RO Data    RW Data    ZI Data      Debug   Library Name

     16530       1980       1006         31        358      10416   Net_CM3_L.lib
      6276        652          0         37        100      91381   RTX_CM3.lib
      4560        138        145          4         44       2600   mc_w.l
      1348          0          0          0          0       1104   mf_w.l

    ----------------------------------------------------------------------
     28770       2770       1160         76        508     105501   Library Totals

    ----------------------------------------------------------------------

==============================================================================


      Code (inc. data)   RO Data    RW Data    ZI Data      Debug   

     43780       3716      32380        256      29552     356137   Grand Totals
     43780       3716      32380        256      29552     356137   ELF Image Totals
     43780       3716      32380        256          0          0   ROM Totals

==============================================================================

    Total RO  Size (Code + RO Data)                76160 (  74.38kB)
    Total RW  Size (RW Data + ZI Data)             29808 (  29.11kB)
    Total ROM Size (Code + RO Data + RW Data)      76416 (  74.63kB)

==============================================================================

