Component: ARM Compiler 5.06 update 7 (build 960) Tool: armlink [4d3601]

==============================================================================

Section Cross References

    http_server.o(.text) refers to adc.o(.text) for ADC_StartConversion_lpc1768
    http_server.o(.text) refers to printfa.o(i.__0sprintf) for __2sprintf
    http_server.o(.text) refers to net_addr4.o(i.ip4_ntoa) for ip4_ntoa
    http_server.o(.text) refers to lcd.o(.text) for limpiardisplay
    http_server.o(.text) refers to rt_cmsis.o(i.osDelay) for osDelay
    http_server.o(.text) refers to leds1768.o(.text) for LED_SetOut_lpc1768
    http_server.o(.text) refers to rt_cmsis.o(i.osKernelInitialize) for osKernelInitialize
    http_server.o(.text) refers to gpio_lpc17xx.o(.text) for GPIO_SetDir
    http_server.o(.text) refers to pin_lpc17xx.o(.text) for PIN_Configure
    http_server.o(.text) refers to net_sys.o(i.net_initialize) for net_initialize
    http_server.o(.text) refers to thread.o(.text) for Init_i2c
    http_server.o(.text) refers to rtc.o(.text) for c_entry
    http_server.o(.text) refers to rt_cmsis.o(i.osThreadCreate) for osThreadCreate
    http_server.o(.text) refers to rt_cmsis.o(i.osKernelStart) for osKernelStart
    http_server.o(.text) refers to net_sys.o(i.net_main) for net_main
    http_server.o(.text) refers to rt_cmsis.o(i.osThreadYield) for osThreadYield
    http_server.o(.text) refers to http_server.o(.bss) for .bss
    http_server.o(.text) refers to http_server.o(.data) for .data
    http_server.o(.text) refers to http_server.o(.constdata) for .constdata
    http_server.o(.constdata) refers to http_server.o(.text) for BlinkLed
    http_server_cgi.o(.text) refers to net_http_server.o(i.http_get_env_var) for http_get_env_var
    http_server_cgi.o(.text) refers to strncmp.o(.text) for strncmp
    http_server_cgi.o(.text) refers to net_addr4.o(i.ip4_aton) for ip4_aton
    http_server_cgi.o(.text) refers to strcmp.o(.text) for strcmp
    http_server_cgi.o(.text) refers to rt_cmsis.o(i.osSignalSet) for osSignalSet
    http_server_cgi.o(.text) refers to rt_cmsis.o(i.osDelay) for osDelay
    http_server_cgi.o(.text) refers to strcpy.o(.text) for strcpy
    http_server_cgi.o(.text) refers to atof.o(i.atof) for atof
    http_server_cgi.o(.text) refers to cdrcmple.o(.text) for __aeabi_cdrcmple
    http_server_cgi.o(.text) refers to leds1768.o(.text) for LED_SetOut_lpc1768
    http_server_cgi.o(.text) refers to net_addr4.o(i.ip4_ntoa) for ip4_ntoa
    http_server_cgi.o(.text) refers to printfa.o(i.__0sprintf) for __2sprintf
    http_server_cgi.o(.text) refers to net_tcp.o(i.tcp_ntoa) for tcp_ntoa
    http_server_cgi.o(.text) refers to net_sys.o(.bss) for localm
    http_server_cgi.o(.text) refers to http_server_cgi.o(.data) for .data
    http_server_cgi.o(.text) refers to http_server.o(.data) for ganancia
    http_server_cgi.o(.text) refers to thread.o(.data) for tid_ThreadFlash
    http_server_cgi.o(.text) refers to http_server.o(.data) for tx_over_gain
    http_server_cgi.o(.text) refers to http_server.o(.bss) for ov
    http_server_cgi.o(.text) refers to http_server.o(.data) for LCDupdate
    http_server_cgi.o(.text) refers to http_server.o(.data) for overload
    http_server_cgi.o(.text) refers to http_server.o(.data) for intOverload
    http_server_cgi.o(.text) refers to net_config.o(.constdata) for http_config
    http_server_cgi.o(.text) refers to http_server.o(.bss) for lcd_text
    http_server_cgi.o(.text) refers to thread.o(.data) for modoLeds
    http_server_cgi.o(.text) refers to net_config.o(.constdata) for tcp_config
    http_server_cgi.o(.text) refers to http_server_cgi.o(.conststring) for .conststring
    http_server_cgi.o(.text) refers to net_http_server.o(i.http_server_get_lang) for http_server_get_lang
    http_server_cgi.o(.text) refers to http_server.o(.text) for AD_in
    http_server_cgi.o(.text) refers to ffltui.o(.text) for __aeabi_ui2f
    http_server_cgi.o(.text) refers to fmul.o(.text) for __aeabi_fmul
    http_server_cgi.o(.text) refers to fscalb.o(.text) for __ARM_scalbnf
    http_server_cgi.o(.text) refers to f2d.o(.text) for __aeabi_f2d
    http_server_cgi.o(.text) refers to rtc.o(.bss) for cadenaReloj
    http_server_cgi.o(.text) refers to http_server.o(.data) for envio
    http_server_cgi.o(.text) refers to http_server.o(.data) for interrupcionOverload
    web.o(.text) refers to web.o(.constdata) for .constdata
    web.o(.constdata) refers to web.o(.constdata) for imageFileData
    leds1768.o(.text) refers to gpio_lpc17xx.o(.text) for GPIO_PortClock
    leds1768.o(.text) refers to pin_lpc17xx.o(.text) for PIN_Configure
    leds1768.o(.text) refers to leds1768.o(.constdata) for .constdata
    lcd.o(.text) refers to pin_lpc17xx.o(.text) for PIN_Configure
    lcd.o(.text) refers to gpio_lpc17xx.o(.text) for GPIO_SetDir
    lcd.o(.text) refers to memseta.o(.text) for __aeabi_memclr
    lcd.o(.text) refers to strlen.o(.text) for strlen
[...]
    arp_cache_early                          0x00006579   Thumb Code   128  net_arp.o(i.arp_cache_early)
    arp_cache_find                           0x00006601   Thumb Code   148  net_arp.o(i.arp_cache_find)
    arp_cache_update                         0x000066a1   Thumb Code   212  net_arp.o(i.arp_cache_update)
    arp_init                                 0x00006785   Thumb Code    38  net_arp.o(i.arp_init)
    arp_notify                               0x000067f1   Thumb Code    26  net_arp.o(i.arp_notify)
    arp_process                              0x0000688d   Thumb Code   276  net_arp.o(i.arp_process)
    atof                                     0x00006aed   Thumb Code    42  atof.o(i.atof)
    b64_to_asc                               0x00006b17   Thumb Code   122  net_common.o(i.b64_to_asc)
    cgi_content_type                         0x00006b91   Thumb Code     4  net_http_server.o(i.cgi_content_type)
    cgx_content_type                         0x00006b95   Thumb Code     4  net_http_server.o(i.cgx_content_type)
    chksum16                                 0x00006d09   Thumb Code    50  net_common.o(i.chksum16)
    dbg_init                                 0x00006d81   Thumb Code    34  hal_cm.o(i.dbg_init)
    dbg_task_notify                          0x00006db1   Thumb Code    32  hal_cm.o(i.dbg_task_notify)
    dbg_task_switch                          0x00006dd1   Thumb Code    16  hal_cm.o(i.dbg_task_switch)
    eth_chk_addr                             0x00006ec9   Thumb Code    28  net_eth.o(i.eth_chk_addr)
    eth_init_link                            0x00006f59   Thumb Code   222  net_eth.o(i.eth_init_link)
    eth_link_notify                          0x00007051   Thumb Code     2  net_eth.o(i.eth_link_notify)
    eth_output                               0x00007069   Thumb Code    86  net_eth.o(i.eth_output)
    eth_run_link                             0x000070cd   Thumb Code   210  net_eth.o(i.eth_run_link)
    eth_send_frame                           0x000071b1   Thumb Code   146  net_eth.o(i.eth_send_frame)
    eth_thread                               0x00007255   Thumb Code    14  net_eth.o(i.eth_thread)
    get_rnd32                                0x000072dd   Thumb Code    18  net_sys.o(i.get_rnd32)
    http_accept_client                       0x0000730b   Thumb Code     4  net_http_server.o(i.http_accept_client)
    http_check_account                       0x00007621   Thumb Code     4  net_http_server.o(i.http_check_account)
    http_encoding                            0x00007625   Thumb Code     4  net_http_server.o(i.http_encoding)
    http_file_access                         0x000077a1   Thumb Code     4  net_http_server.o(i.http_file_access)
    http_get_env_var                         0x000077a5   Thumb Code   104  net_http_server.o(i.http_get_env_var)
    http_server_get_lang                     0x00007fa5   Thumb Code    28  net_http_server.o(i.http_server_get_lang)
    http_server_init                         0x00007fc9   Thumb Code    82  net_http_server.o(i.http_server_init)
    http_server_run                          0x00008025   Thumb Code   808  net_http_server.o(i.http_server_run)
    icmp_process                             0x0000841d   Thumb Code   210  net_icmp.o(i.icmp_process)
    icmp_service_init                        0x00008579   Thumb Code    10  net_icmp.o(i.icmp_service_init)
    icmp_service_run                         0x00008589   Thumb Code    58  net_icmp.o(i.icmp_service_run)
    ip4_aton                                 0x000085d1   Thumb Code    82  net_addr4.o(i.ip4_aton)
    ip4_checksum                             0x00008639   Thumb Code    76  net_ip.o(i.ip4_checksum)
    ip4_ntoa                                 0x00008685   Thumb Code    34  net_addr4.o(i.ip4_ntoa)
    ip_chk_frame                             0x000086bd   Thumb Code   196  net_ip.o(i.ip_chk_frame)
    ip_get_locadr                            0x00008799   Thumb Code    54  net_ip.o(i.ip_get_locadr)
    ip_localhost_init                        0x00008859   Thumb Code    68  net_ip.o(i.ip_localhost_init)
    ip_localhost_run                         0x000088a9   Thumb Code    86  net_ip.o(i.ip_localhost_run)
    ip_send_frame                            0x00008909   Thumb Code   312  net_ip.o(i.ip_send_frame)
    ip_tx_offload                            0x00008a49   Thumb Code    40  net_ip.o(i.ip_tx_offload)
    is_subnet                                0x00008a79   Thumb Code    26  net_addr4.o(i.is_subnet)
    is_subnet_bcast                          0x00008a95   Thumb Code    34  net_ip.o(i.is_subnet_bcast)
    isrMessageGet                            0x00008abd   Thumb Code    42  rt_cmsis.o(i.isrMessageGet)
    isrMessagePut                            0x00008ae7   Thumb Code    44  rt_cmsis.o(i.isrMessagePut)
    isrSignalSet                             0x00008b13   Thumb Code    36  rt_cmsis.o(i.isrSignalSet)
    isr_evt_set                              0x00008b39   Thumb Code    34  rt_event.o(i.isr_evt_set)
    isr_mbx_receive                          0x00008b61   Thumb Code    86  rt_mailbox.o(i.isr_mbx_receive)
    isr_mbx_send                             0x00008bb7   Thumb Code    14  rt_mailbox.o(i.isr_mbx_send)
    mem_alloc                                0x00008bc5   Thumb Code   130  net_mem.o(i.mem_alloc)
    mem_avail                                0x00008c51   Thumb Code    22  net_mem.o(i.mem_avail)
    mem_crc32                                0x00008c6d   Thumb Code    32  net_common.o(i.mem_crc32)
    mem_free                                 0x00008c8d   Thumb Code   100  net_mem.o(i.mem_free)
    mem_init                                 0x00008cf9   Thumb Code    86  net_mem.o(i.mem_init)
    mem_resize                               0x00008d6d   Thumb Code    50  net_mem.o(i.mem_resize)
    nbns_client_init                         0x00008db1   Thumb Code    40  net_nbns_client.o(i.nbns_client_init)
    net_initialize                           0x00008f41   Thumb Code    58  net_sys.o(i.net_initialize)
    net_main                                 0x00008f8d   Thumb Code    86  net_sys.o(i.net_main)
    osDelay                                  0x00009005   Thumb Code    18  rt_cmsis.o(i.osDelay)
    osKernelInitialize                       0x0000901d   Thumb Code    30  rt_cmsis.o(i.osKernelInitialize)
    osKernelStart                            0x00009041   Thumb Code    98  rt_cmsis.o(i.osKernelStart)
    osKernelSysTick                          0x000090ad   Thumb Code    18  rt_cmsis.o(i.osKernelSysTick)
    osMessageGet                             0x000090c5   Thumb Code    18  rt_cmsis.o(i.osMessageGet)
    osMutexCreate                            0x000090dd   Thumb Code    36  rt_cmsis.o(i.osMutexCreate)
    osMutexRelease                           0x00009109   Thumb Code    18  rt_cmsis.o(i.osMutexRelease)
    osMutexWait                              0x00009121   Thumb Code    18  rt_cmsis.o(i.osMutexWait)
    osSignalSet                              0x00009139   Thumb Code    18  rt_cmsis.o(i.osSignalSet)
    osSignalWait                             0x00009151   Thumb Code    18  rt_cmsis.o(i.osSignalWait)
    osThreadCreate                           0x00009169   Thumb Code    36  rt_cmsis.o(i.osThreadCreate)
    osThreadExit                             0x00009195   Thumb Code    14  rt_cmsis.o(i.osThreadExit)
    osThreadYield                            0x000091ad   Thumb Code    18  rt_cmsis.o(i.osThreadYield)
    osTimerCall                              0x000091c5   Thumb Code     8  rt_cmsis.o(i.osTimerCall)
    osTimerCreate                            0x000091d1   Thumb Code    36  rt_cmsis.o(i.osTimerCreate)
    osTimerStart                             0x000091fd   Thumb Code    18  rt_cmsis.o(i.osTimerStart)
    osTimerThread                            0x00009215   Thumb Code    38  rt_cmsis.o(i.osTimerThread)
    os_tick_init                             0x00009241   Thumb Code    32  rt_system.o(i.os_tick_init)
    os_tick_irqack                           0x00009269   Thumb Code     2  rt_system.o(i.os_tick_irqack)
    os_tick_ovf                              0x0000926d   Thumb Code    10  rt_system.o(i.os_tick_ovf)
    os_tick_val                              0x0000927d   Thumb Code    14  rt_system.o(i.os_tick_val)
    rt_alloc_box                             0x00009359   Thumb Code    26  rt_membox.o(i.rt_alloc_box)
    rt_alloc_mem                             0x00009373   Thumb Code    62  rt_memory.o(i.rt_alloc_mem)
    rt_block                                 0x000093b1   Thumb Code    48  rt_task.o(i.rt_block)
    rt_chk_robin                             0x000093e9   Thumb Code    60  rt_robin.o(i.rt_chk_robin)
    rt_dec_dly                               0x00009431   Thumb Code   102  rt_list.o(i.rt_dec_dly)
    rt_dispatch                              0x000094a1   Thumb Code    60  rt_task.o(i.rt_dispatch)
    rt_dly_wait                              0x000094e5   Thumb Code     6  rt_time.o(i.rt_dly_wait)
    rt_evt_psh                               0x000094ed   Thumb Code    76  rt_event.o(i.rt_evt_psh)
    rt_evt_set                               0x0000953d   Thumb Code    88  rt_event.o(i.rt_evt_set)
    rt_evt_wait                              0x00009599   Thumb Code    56  rt_event.o(i.rt_evt_wait)
    rt_free_box                              0x000095d5   Thumb Code    44  rt_membox.o(i.rt_free_box)
    rt_free_mem                              0x00009601   Thumb Code    40  rt_memory.o(i.rt_free_mem)
    rt_get_first                             0x00009629   Thumb Code    40  rt_list.o(i.rt_get_first)
    rt_get_same_rdy_prio                     0x00009651   Thumb Code    26  rt_list.o(i.rt_get_same_rdy_prio)
    rt_init_mem                              0x000096c5   Thumb Code    26  rt_memory.o(i.rt_init_mem)
    rt_init_robin                            0x000096e1   Thumb Code    14  rt_robin.o(i.rt_init_robin)
    rt_init_stack                            0x000096f9   Thumb Code   118  hal_cm.o(i.rt_init_stack)
    rt_mbx_check                             0x00009779   Thumb Code     8  rt_mailbox.o(i.rt_mbx_check)
    rt_mbx_init                              0x00009781   Thumb Code    26  rt_mailbox.o(i.rt_mbx_init)
    rt_mbx_psh                               0x0000979d   Thumb Code   236  rt_mailbox.o(i.rt_mbx_psh)
    rt_mbx_wait                              0x0000988d   Thumb Code   174  rt_mailbox.o(i.rt_mbx_wait)
    rt_mut_init                              0x00009985   Thumb Code    16  rt_mutex.o(i.rt_mut_init)
    rt_mut_release                           0x00009995   Thumb Code   208  rt_mutex.o(i.rt_mut_release)
    rt_mut_wait                              0x00009a6d   Thumb Code   114  rt_mutex.o(i.rt_mut_wait)
    rt_pop_req                               0x00009ae5   Thumb Code   112  rt_system.o(i.rt_pop_req)
    rt_psh_req                               0x00009b61   Thumb Code    22  rt_system.o(i.rt_psh_req)
    rt_psq_enq                               0x00009b81   Thumb Code    88  rt_list.o(i.rt_psq_enq)
    rt_put_dly                               0x00009bdd   Thumb Code    68  rt_list.o(i.rt_put_dly)
    rt_put_prio                              0x00009c25   Thumb Code    54  rt_list.o(i.rt_put_prio)
    rt_put_rdy_first                         0x00009c5d   Thumb Code    14  rt_list.o(i.rt_put_rdy_first)
    rt_resort_prio                           0x00009c71   Thumb Code    46  rt_list.o(i.rt_resort_prio)
    rt_ret_val                               0x00009ca5   Thumb Code     6  hal_cm.o(i.rt_ret_val)
    rt_ret_val2                              0x00009cab   Thumb Code     8  hal_cm.o(i.rt_ret_val2)
    rt_rmv_dly                               0x00009cb3   Thumb Code    40  rt_list.o(i.rt_rmv_dly)
    rt_rmv_list                              0x00009cdd   Thumb Code    44  rt_list.o(i.rt_rmv_list)
    rt_sem_psh                               0x00009d0d   Thumb Code    48  rt_semaphore.o(i.rt_sem_psh)
    rt_stk_check                             0x00009d41   Thumb Code    28  rt_system.o(i.rt_stk_check)
    rt_switch_req                            0x00009d65   Thumb Code    30  rt_task.o(i.rt_switch_req)
    rt_sys_init                              0x00009d8d   Thumb Code   138  rt_task.o(i.rt_sys_init)
    rt_sys_start                             0x00009e59   Thumb Code   110  rt_task.o(i.rt_sys_start)
    rt_systick                               0x00009ed1   Thumb Code    50  rt_system.o(i.rt_systick)
    rt_tsk_create                            0x00009f95   Thumb Code   118  rt_task.o(i.rt_tsk_create)
    rt_tsk_delete                            0x0000a01d   Thumb Code   352  rt_task.o(i.rt_tsk_delete)
    rt_tsk_pass                              0x0000a199   Thumb Code    38  rt_task.o(i.rt_tsk_pass)
    rt_tsk_prio                              0x0000a1c9   Thumb Code   108  rt_task.o(i.rt_tsk_prio)
    rt_tsk_self                              0x0000a245   Thumb Code    12  rt_task.o(i.rt_tsk_self)
    sntp_client_init                         0x0000a29d   Thumb Code    32  net_sntp_client.o(i.sntp_client_init)
    sntp_client_run                          0x0000a2c5   Thumb Code    66  net_sntp_client.o(i.sntp_client_run)
    sntp_get_time                            0x0000a315   Thumb Code   112  net_sntp_client.o(i.sntp_get_time)
    str_copy                                 0x0000a44d   Thumb Code    18  net_common.o(i.str_copy)
    str_pos                                  0x0000a45f   Thumb Code    22  net_common.o(i.str_pos)
    str_scomp                                0x0000a475   Thumb Code    26  net_common.o(i.str_scomp)
    str_up_case                              0x0000a48f   Thumb Code    26  net_common.o(i.str_up_case)
    svcDelay                                 0x0000a4a9   Thumb Code    18  rt_cmsis.o(i.svcDelay)
    svcKernelInitialize                      0x0000a4bd   Thumb Code    80  rt_cmsis.o(i.svcKernelInitialize)
    svcKernelStart                           0x0000a52d   Thumb Code    62  rt_cmsis.o(i.svcKernelStart)
    svcKernelSysTick                         0x0000a575   Thumb Code    46  rt_cmsis.o(i.svcKernelSysTick)
    svcMessageCreate                         0x0000a5ad   Thumb Code    36  rt_cmsis.o(i.svcMessageCreate)
    svcMessageGet                            0x0000a5d1   Thumb Code    58  rt_cmsis.o(i.svcMessageGet)
    svcMutexCreate                           0x0000a60b   Thumb Code    28  rt_cmsis.o(i.svcMutexCreate)
    svcMutexRelease                          0x0000a627   Thumb Code    34  rt_cmsis.o(i.svcMutexRelease)
    svcMutexWait                             0x0000a649   Thumb Code    58  rt_cmsis.o(i.svcMutexWait)
    svcSignalSet                             0x0000a683   Thumb Code    36  rt_cmsis.o(i.svcSignalSet)
    svcSignalWait                            0x0000a6a9   Thumb Code    80  rt_cmsis.o(i.svcSignalWait)
    svcThreadCreate                          0x0000a6fd   Thumb Code    96  rt_cmsis.o(i.svcThreadCreate)
    svcThreadGetId                           0x0000a769   Thumb Code    22  rt_cmsis.o(i.svcThreadGetId)
    svcThreadTerminate                       0x0000a785   Thumb Code    50  rt_cmsis.o(i.svcThreadTerminate)
    svcThreadYield                           0x0000a7bd   Thumb Code    10  rt_cmsis.o(i.svcThreadYield)
    svcTimerCall                             0x0000a7c7   Thumb Code    24  rt_cmsis.o(i.svcTimerCall)
    svcTimerCreate                           0x0000a7e1   Thumb Code    52  rt_cmsis.o(i.svcTimerCreate)
    svcTimerStart                            0x0000a819   Thumb Code    96  rt_cmsis.o(i.svcTimerStart)
    sysTimerTick                             0x0000a87d   Thumb Code    84  rt_cmsis.o(i.sysTimerTick)
    tcp_abort                                0x0000a8d9   Thumb Code    82  net_tcp.o(i.tcp_abort)
    tcp_close                                0x0000a931   Thumb Code   154  net_tcp.o(i.tcp_close)
    tcp_get_buf                              0x0000a9d1   Thumb Code    30  net_tcp.o(i.tcp_get_buf)
    tcp_get_socket                           0x0000a9f1   Thumb Code    76  net_tcp.o(i.tcp_get_socket)
    tcp_get_state                            0x0000aa41   Thumb Code    34  net_tcp.o(i.tcp_get_state)
    tcp_listen                               0x0000aa69   Thumb Code   102  net_tcp.o(i.tcp_listen)
    tcp_max_data_size                        0x0000ab51   Thumb Code    30  net_tcp.o(i.tcp_max_data_size)
    tcp_ntoa                                 0x0000ab75   Thumb Code     8  net_tcp.o(i.tcp_ntoa)
    tcp_process                              0x0000acf9   Thumb Code  1178  net_tcp.o(i.tcp_process)
    tcp_send                                 0x0000b25d   Thumb Code   214  net_tcp.o(i.tcp_send)
    tcp_socket_init                          0x0000b475   Thumb Code    16  net_tcp.o(i.tcp_socket_init)
    tcp_socket_poll                          0x0000b489   Thumb Code   668  net_tcp.o(i.tcp_socket_poll)
    udp_close                                0x0000b83d   Thumb Code    40  net_udp.o(i.udp_close)
    udp_get_buf                              0x0000b869   Thumb Code    30  net_udp.o(i.udp_get_buf)
    udp_get_socket                           0x0000b889   Thumb Code    68  net_udp.o(i.udp_get_socket)
    udp_open                                 0x0000b8d1   Thumb Code    98  net_udp.o(i.udp_open)
    udp_process                              0x0000b969   Thumb Code   142  net_udp.o(i.udp_process)
    udp_send                                 0x0000ba01   Thumb Code   260  net_udp.o(i.udp_send)
    udp_socket_init                          0x0000bb09   Thumb Code    16  net_udp.o(i.udp_socket_init)
    os_thread_def_BlinkLed                   0x0000bc0c   Data          16  http_server.o(.constdata)
    os_thread_def_Display                    0x0000bc1c   Data          16  http_server.o(.constdata)
    imageLastModified                        0x0000bc2c   Data           4  web.o(.constdata)
    LED_PIN_lpc1768                          0x00013444   Data           8  leds1768.o(.constdata)
    Arial12x12                               0x0001344c   Data        2400  lcd.o(.constdata)
    os_timer_def_obTiempo                    0x00013dac   Data           8  thread.o(.constdata)
    os_thread_def_ThreadLCD                  0x00013db4   Data          16  thread.o(.constdata)
    os_thread_def_ThreadMasterI2C            0x00013dc4   Data          16  thread.o(.constdata)
    os_thread_def_ThreadSNTP                 0x00013dd4   Data          16  thread.o(.constdata)
    os_thread_def_ThreadFlash                0x00013de4   Data          16  thread.o(.constdata)
    os_maxtaskrun                            0x00013df4   Data           2  rtx_conf_cm.o(.constdata)
    os_stackinfo                             0x00013df8   Data           4  rtx_conf_cm.o(.constdata)
    os_rrobin                                0x00013dfc   Data           4  rtx_conf_cm.o(.constdata)
    os_tickus_i                              0x00013e00   Data           2  rtx_conf_cm.o(.constdata)
    os_tickus_f                              0x00013e02   Data           2  rtx_conf_cm.o(.constdata)
    os_trv                                   0x00013e04   Data           4  rtx_conf_cm.o(.constdata)
    os_flags                                 0x00013e08   Data           1  rtx_conf_cm.o(.constdata)
    CMSIS_RTOS_API_Version                   0x00013e0c   Data           4  rtx_conf_cm.o(.constdata)
    CMSIS_RTOS_RTX_Version                   0x00013e10   Data           4  rtx_conf_cm.o(.constdata)
    os_clockrate                             0x00013e14   Data           4  rtx_conf_cm.o(.constdata)
    os_timernum                              0x00013e18   Data           4  rtx_conf_cm.o(.constdata)
    os_thread_def_main                       0x00013e1c   Data          16  rtx_conf_cm.o(.constdata)
    mp_tcb_size                              0x00013e2c   Data           2  rtx_conf_cm.o(.constdata)
    mp_stk_size                              0x00013e30   Data           4  rtx_conf_cm.o(.constdata)
    os_stack_sz                              0x00013e34   Data           4  rtx_conf_cm.o(.constdata)
    os_fifo_size                             0x00013e38   Data           1  rtx_conf_cm.o(.constdata)
    os_thread_def_osTimerThread              0x00013e3c   Data          16  rtx_conf_cm.o(.constdata)
    os_messageQ_def_osTimerMessageQ          0x00013e4c   Data           8  rtx_conf_cm.o(.constdata)
    mp_tmr_size                              0x00013e54   Data           2  rtx_conf_cm.o(.constdata)
    Driver_ETH_PHY0                          0x00013e5c   Data          32  phy_dp83848c.o(.constdata)
    Driver_ETH_MAC0                          0x00013e84   Data          68  emac_lpc17xx.o(.constdata)
    Driver_I2C2                              0x00013efc   Data          48  i2c_lpc17xx.o(.constdata)
    Driver_SPI1                              0x00013f7c   Data          44  ssp_lpc17xx.o(.constdata)
    nlocalm                                  0x00013fa8   Data          60  net_config.o(.constdata)
    sys_config                               0x00013fe4   Data          16  net_config.o(.constdata)
    eth0_config                              0x00013ff4   Data          40  net_config.o(.constdata)
    udp_config                               0x0001401c   Data           8  net_config.o(.constdata)
    tcp_config                               0x00014024   Data          24  net_config.o(.constdata)
    http_config                              0x0001403c   Data          24  net_config.o(.constdata)
    sntp_config                              0x00014054   Data           5  net_config.o(.constdata)
    eth_bcast                                0x0001405c   Data           6  net_eth.o(.constdata)
    os_thread_def_eth_thread                 0x00014068   Data          16  net_eth.o(.constdata)
    ip_bcast                                 0x00014078   Data           4  net_ip.o(.constdata)
    net_addr_null                            0x000141ae   Data           8  net_addr4.o(.constdata)
    os_timer_def_net_tick                    0x000141b8   Data           8  net_sys.o(.constdata)
    http_error                               0x000141c0   Data          24  net_http_server_err.o(.constdata)
    os_mutex_def_mem_lock                    0x000141d8   Data           4  net_mem.o(.constdata)
    __ctype_table                            0x000141e8   Data         129  ctype_o.o(.constdata)
    Region$$Table$$Base                      0x000145c0   Number         0  anon$$obj.o(Region$$Table)
    Region$$Table$$Limit                     0x000145e0   Number         0  anon$$obj.o(Region$$Table)
    __MW_NET_VER                             0x06070007   Number         0  net_version.o ABSOLUTE
    bufFlash                                 0x10000000   Data          20  http_server.o(.data)
    LEDrun                                   0x10000014   Data           1  http_server.o(.data)
    LCDupdate                                0x10000015   Data           1  http_server.o(.data)
    cnt                                      0x10000018   Data           4  http_server.o(.data)
    i                                        0x1000001c   Data           4  http_server.o(.data)
    interrupcionOverload                     0x10000020   Data           1  http_server.o(.data)
    intOverload                              0x10000021   Data           1  http_server.o(.data)
    tx_over_gain                             0x10000024   Data           4  http_server.o(.data)
    envio                                    0x10000028   Data           1  http_server.o(.data)
    ganancia                                 0x10000029   Data           1  http_server.o(.data)
    overload                                 0x10000030   Data           8  http_server.o(.data)
    posicionL1                               0x10000040   Data           1  lcd.o(.data)
    posicionL2                               0x10000041   Data           1  lcd.o(.data)
    SPIdrv                                   0x10000044   Data           4  lcd.o(.data)
    r                                        0x10000048   Data           4  lcd.o(.data)
    t                                        0x1000004c   Data           4  lcd.o(.data)
    f                                        0x10000050   Data           4  lcd.o(.data)
    segundos                                 0x10000058   Data           4  rtc.o(.data)
    minutos                                  0x1000005c   Data           4  rtc.o(.data)
    horas                                    0x10000060   Data           4  rtc.o(.data)
    dia                                      0x10000064   Data           4  rtc.o(.data)
    mes                                      0x10000068   Data           4  rtc.o(.data)
    ano                                      0x1000006c   Data           4  rtc.o(.data)
    s                                        0x10000070   Data           4  sntp.o(.data)
    status2                                  0x10000074   Data           1  thread.o(.data)
    addr                                     0x1000007c   Data           4  thread.o(.data)
    statusI2C                                0x10000080   Data           4  thread.o(.data)
    m                                        0x10000084   Data           4  thread.o(.data)
    tid_ThreadLCD                            0x1000008c   Data           4  thread.o(.data)
    tid_ThreadMasterI2C                      0x10000090   Data           4  thread.o(.data)
    tid_ThreadSNTP                           0x10000094   Data           4  thread.o(.data)
    tid_ThreadFlash                          0x10000098   Data           4  thread.o(.data)
    tid_obTiempo                             0x1000009c   Data           4  thread.o(.data)
    modoLeds                                 0x100000a0   Data           1  thread.o(.data)
    iap_ent                                  0x100000a4   Data           4  lpc17xx_iap.o(.data)
    m_tmr                                    0x100000a8   Data           4  rtx_conf_cm.o(.data)
    osThreadId_osTimerThread                 0x100000ac   Data           4  rtx_conf_cm.o(.data)
    osMessageQId_osTimerMessageQ             0x100000b0   Data           4  rtx_conf_cm.o(.data)
    iap_entry                                0x100000b4   Data           4  emac_lpc17xx.o(.data)
    I2C2_PIN                                 0x100000cc   Data           4  i2c_lpc17xx.o(.data)
    SystemCoreClock                          0x100000e8   Data           4  system_lpc17xx_1.o(.data)
    lhost_name                               0x100000ec   Data          16  net_config.o(.data)
    os_initialized                           0x10000104   Data           1  rt_cmsis.o(.data)
    os_running                               0x10000105   Data           1  rt_cmsis.o(.data)
    os_timer_head                            0x10000108   Data           4  rt_cmsis.o(.data)
    os_tsk                                   0x1000012c   Data           8  rt_task.o(.data)
    os_tick_irqn                             0x10000138   Data           4  rt_system.o(.data)
    os_time                                  0x1000013c   Data           4  rt_time.o(.data)
    dbg_msg                                  0x10000140   Data           1  hal_cm.o(.data)
    os_robin                                 0x10000144   Data           8  rt_robin.o(.data)
    lcd_text                                 0x10000150   Data          42  http_server.o(.bss)
    lcd_buf                                  0x1000017a   Data          21  http_server.o(.bss)
    ov                                       0x1000018f   Data          21  http_server.o(.bss)
    buffer                                   0x100001a4   Data         512  lcd.o(.bss)
    tiempo                                   0x100003a4   Data          20  rtc.o(.bss)
    fecha                                    0x100003b8   Data          20  rtc.o(.bss)
    cadenaReloj                              0x100003cc   Data          20  rtc.o(.bss)
    cadenaFecha                              0x100003e0   Data          20  rtc.o(.bss)
    tiempo_SNTP                              0x100003f4   Data          44  sntp.o(.bss)
    buf                                      0x10000420   Data          10  thread.o(.bss)
    os_timer_cb_obTiempo                     0x1000042c   Data          24  thread.o(.bss)
    os_messageQ_q_osTimerMessageQ            0x10000444   Data          32  rtx_conf_cm.o(.bss)
    mp_tcb                                   0x10000464   Data         428  rtx_conf_cm.o(.bss)
    mp_stk                                   0x10000610   Data        2144  rtx_conf_cm.o(.bss)
    os_stack_mem                             0x10000e70   Data        1032  rtx_conf_cm.o(.bss)
    os_fifo                                  0x10001278   Data         132  rtx_conf_cm.o(.bss)
    os_active_TCB                            0x100012fc   Data          32  rtx_conf_cm.o(.bss)
    eth_control                              0x10007100   Data         136  net_eth.o(.bss)
    localm                                   0x100071d8   Data          60  net_sys.o(.bss)
    sys_control                              0x10007214   Data          24  net_sys.o(.bss)
    os_timer_cb_net_tick                     0x1000722c   Data          24  net_sys.o(.bss)
    os_idle_TCB                              0x10007244   Data          52  rt_task.o(.bss)
    os_rdy                                   0x10007278   Data          24  rt_list.o(.bss)
    os_dly                                   0x10007290   Data          24  rt_list.o(.bss)
    __initial_sp                             0x100074f8   Data           0  startup_lpc17xx_1.o(STACK)



==============================================================================

Memory Map of the image

  Image Entry point : 0x000000cd

  Load Region LR_IROM1 (Base: 0x00000000, Size: 0x00014730, Max: 0x00080000, ABSOLUTE, COMPRESSED[0x00014634])

    Execution Region ER_IROM1 (Exec base: 0x00000000, Load base: 0x00000000, Size: 0x000145e0, Max: 0x00080000, ABSOLUTE)

    Exec Addr    Load Addr    Size         Type   Attr      Idx    E Section Name        Object

    0x00000000   0x00000000   0x000000cc   Data   RO          826    RESET               startup_lpc17xx_1.o
    0x000000cc   0x000000cc   0x00000000   Code   RO         2583  * .ARM.Collect$$$$00000000  mc_w.l(entry.o)
    0x000000cc   0x000000cc   0x00000004   Code   RO         2887    .ARM.Collect$$$$00000001  mc_w.l(entry2.o)
    0x000000d0   0x000000d0   0x00000004   Code   RO         2890    .ARM.Collect$$$$00000004  mc_w.l(entry5.o)
    0x000000d4   0x000000d4   0x00000000   Code   RO         2892    .ARM.Collect$$$$00000008  mc_w.l(entry7b.o)
    0x000000d4   0x000000d4   0x00000000   Code   RO         2894    .ARM.Collect$$$$0000000A  mc_w.l(entry8b.o)
    0x000000d4   0x000000d4   0x00000004   Code   RO         2900    .ARM.Collect$$$$0000000E  mc_w.l(entry12b.o)
    0x000000d8   0x000000d8   0x00000000   Code   RO         2895    .ARM.Collect$$$$0000000F  mc_w.l(entry10a.o)
    0x000000d8   0x000000d8   0x00000000   Code   RO         2897    .ARM.Collect$$$$00000011  mc_w.l(entry11a.o)
    0x000000d8   0x000000d8   0x00000018   Code   RO          560    .ARM.Collect$$$$000000FF  rtx_conf_cm.o
    0x000000f0   0x000000f0   0x00000004   Code   RO         2888    .ARM.Collect$$$$00002712  mc_w.l(entry2.o)
    0x000000f4   0x000000f4   0x00000130   Code   RO         2566    .emb_text           RTX_CM3.lib(hal_cm3.o)
    0x00000224   0x00000224   0x0000005c   Code   RO          185    .text               web.o
    0x00000280   0x00000280   0x00000058   Code   RO          353    .text               sntp.o
    0x000002d8   0x000002d8   0x00000002   Code   RO          431    .text               lpc17xx_libcfg_default.o
    0x000002da   0x000002da   0x00000004   Code   RO          561    .text               rtx_conf_cm.o
    0x000002de   0x000002de   0x0000000e   Code   RO         2596    .text               mc_w.l(strlen.o)
    0x000002ec   0x000002ec   0x0000000a   Code   RO         2879    .text               mf_w.l(ffltui.o)
    0x000002f6   0x000002f6   0x00000000   Code   RO         2927    .text               mc_w.l(iusefp.o)
    0x000002f6   0x000002f6   0x00000002   PAD
    0x000002f8   0x000002f8   0x00000004   Code   RO         2576    SVC_TABLE           RTX_CM3.lib(svc_table.o)
    0x000002fc   0x000002fc   0x00000004   Code   RO          827    .ARM.__at_0x02FC    startup_lpc17xx_1.o
    0x00000300   0x00000300   0x00000194   Code   RO            4    .text               http_server.o
    0x00000494   0x00000494   0x00000710   Code   RO          141    .text               http_server_cgi.o
    0x00000ba4   0x00000ba4   0x000000e8   Code   RO          205    .text               leds1768.o
    0x00000c8c   0x00000c8c   0x00000438   Code   RO          224    .text               lcd.o
    0x000010c4   0x000010c4   0x000000f4   Code   RO          282    .text               adc.o
    0x000011b8   0x000011b8   0x00000228   Code   RO          314    .text               rtc.o
    0x000013e0   0x000013e0   0x00000890   Code   RO          376    .text               lpc17xx_rtc.o
    0x00001c70   0x00001c70   0x0000010c   Code   RO          409    .text               lpc17xx_clkpwr.o
    0x00001d7c   0x00001d7c   0x00000224   Code   RO          446    .text               thread.o
    0x00001fa0   0x00001fa0   0x000001a0   Code   RO          485    .text               lpc17xx_iap.o
    0x00002140   0x00002140   0x000001cc   Code   RO          612    .text               phy_dp83848c.o
    0x0000230c   0x0000230c   0x000009e4   Code   RO          634    .text               emac_lpc17xx.o
    0x00002cf0   0x00002cf0   0x0000088c   Code   RO          677    .text               i2c_lpc17xx.o
    0x0000357c   0x0000357c   0x00000bb8   Code   RO          710    .text               ssp_lpc17xx.o
    0x00004134   0x00004134   0x00000368   Code   RO          752    .text               gpdma_lpc17xx.o
    0x0000449c   0x0000449c   0x0000007c   Code   RO          779    .text               gpio_lpc17xx.o
    0x00004518   0x00004518   0x00000098   Code   RO          803    .text               pin_lpc17xx.o
    0x000045b0   0x000045b0   0x00000024   Code   RO          828    .text               startup_lpc17xx_1.o
    0x000045d4   0x000045d4   0x0000019c   Code   RO          837    .text               system_lpc17xx_1.o
    0x00004770   0x00004770   0x0000006e   Code   RO          864    .text               net_config.o
    0x000047de   0x000047de   0x00000062   Code   RO         2586    .text               mc_w.l(uldiv.o)
    0x00004840   0x00004840   0x00000094   Code   RO         2588    .text               mc_w.l(localtime.o)
    0x000048d4   0x000048d4   0x00000024   Code   RO         2592    .text               mc_w.l(memcpya.o)
    0x000048f8   0x000048f8   0x00000024   Code   RO         2594    .text               mc_w.l(memseta.o)
    0x0000491c   0x0000491c   0x0000001c   Code   RO         2598    .text               mc_w.l(strcmp.o)
    0x00004938   0x00004938   0x0000001a   Code   RO         2600    .text               mc_w.l(memcmp.o)
    0x00004952   0x00004952   0x00000012   Code   RO         2602    .text               mc_w.l(strcpy.o)
    0x00004964   0x00004964   0x0000001e   Code   RO         2604    .text               mc_w.l(strncmp.o)
    0x00004982   0x00004982   0x00000002   PAD
    0x00004984   0x00004984   0x00000038   Code   RO         2869    .text               mc_w.l(__0sscanf.o)
    0x000049bc   0x000049bc   0x0000014c   Code   RO         2871    .text               mc_w.l(_scanf_int.o)
    0x00004b08   0x00004b08   0x0000001a   Code   RO         2873    .text               mc_w.l(atoi.o)
    0x00004b22   0x00004b22   0x00000064   Code   RO         2875    .text               mf_w.l(fmul.o)
    0x00004b86   0x00004b86   0x00000018   Code   RO         2877    .text               mf_w.l(fscalb.o)
    0x00004b9e   0x00004b9e   0x00000032   Code   RO         2881    .text               mf_w.l(dfixui.o)
    0x00004bd0   0x00004bd0   0x00000026   Code   RO         2883    .text               mf_w.l(f2d.o)
    0x00004bf6   0x00004bf6   0x00000002   PAD
    0x00004bf8   0x00004bf8   0x00000030   Code   RO         2885    .text               mf_w.l(cdrcmple.o)
    0x00004c28   0x00004c28   0x0000002c   Code   RO         2904    .text               mc_w.l(uidiv.o)
    0x00004c54   0x00004c54   0x0000001e   Code   RO         2906    .text               mc_w.l(llshl.o)
    0x00004c72   0x00004c72   0x00000020   Code   RO         2908    .text               mc_w.l(llushr.o)
    0x00004c92   0x00004c92   0x0000001c   Code   RO         2917    .text               mc_w.l(_chval.o)
    0x00004cae   0x00004cae   0x00000002   PAD
    0x00004cb0   0x00004cb0   0x00000028   Code   RO         2919    .text               mc_w.l(scanf_char.o)
    0x00004cd8   0x00004cd8   0x00000040   Code   RO         2921    .text               mc_w.l(_sgetc.o)
    0x00004d18   0x00004d18   0x0000009c   Code   RO         2923    .text               mc_w.l(strtod.o)
    0x00004db4   0x00004db4   0x00000070   Code   RO         2925    .text               mc_w.l(strtol.o)
    0x00004e24   0x00004e24   0x0000006e   Code   RO         2928    .text               mf_w.l(fepilogue.o)
    0x00004e92   0x00004e92   0x0000014e   Code   RO         2930    .text               mf_w.l(dadd.o)
    0x00004fe0   0x00004fe0   0x000000e4   Code   RO         2932    .text               mf_w.l(dmul.o)
    0x000050c4   0x000050c4   0x000000de   Code   RO         2934    .text               mf_w.l(ddiv.o)
    0x000051a2   0x000051a2   0x00000030   Code   RO         2936    .text               mf_w.l(dfixul.o)
    0x000051d2   0x000051d2   0x00000002   PAD
    0x000051d4   0x000051d4   0x00000024   Code   RO         2938    .text               mc_w.l(init.o)
    0x000051f8   0x000051f8   0x00000024   Code   RO         2941    .text               mc_w.l(llsshr.o)
    0x0000521c   0x0000521c   0x00000008   Code   RO         2945    .text               mc_w.l(ctype_o.o)
    0x00005224   0x00005224   0x00000012   Code   RO         2967    .text               mc_w.l(isspace_o.o)
    0x00005236   0x00005236   0x00000002   PAD
    0x00005238   0x00005238   0x00000330   Code   RO         2973    .text               mc_w.l(_scanf.o)
    0x00005568   0x00005568   0x00000360   Code   RO         2975    .text               mc_w.l(scanf_fp.o)
    0x000058c8   0x000058c8   0x0000009e   Code   RO         2979    .text               mc_w.l(_strtoul.o)
    0x00005966   0x00005966   0x000000ba   Code   RO         2982    .text               mf_w.l(depilogue.o)
    0x00005a20   0x00005a20   0x00000018   Code   RO         2987    .text               mf_w.l(dfltul.o)
    0x00005a38   0x00005a38   0x00000038   Code   RO         2989    .text               mf_w.l(d2f.o)
    0x00005a70   0x00005a70   0x00000056   Code   RO         2998    .text               mc_w.l(__dczerorl2.o)
    0x00005ac6   0x00005ac6   0x00000002   PAD
    0x00005ac8   0x00005ac8   0x00000028   Code   RO         2843    i.__0sprintf        mc_w.l(printfa.o)
    0x00005af0   0x00005af0   0x00000008   Code   RO         2910    i.__aeabi_errno_addr  mc_w.l(errno.o)
    0x00005af8   0x00005af8   0x0000000c   Code   RO         2911    i.__read_errno      mc_w.l(errno.o)
    0x00005b04   0x00005b04   0x0000000e   Code   RO         2992    i.__scatterload_copy  mc_w.l(handlers.o)
    0x00005b12   0x00005b12   0x00000002   Code   RO         2993    i.__scatterload_null  mc_w.l(handlers.o)
    0x00005b14   0x00005b14   0x0000000e   Code   RO         2994    i.__scatterload_zeroinit  mc_w.l(handlers.o)
    0x00005b22   0x00005b22   0x00000002   PAD
    0x00005b24   0x00005b24   0x0000000c   Code   RO         2912    i.__set_errno       mc_w.l(errno.o)
    0x00005b30   0x00005b30   0x00000184   Code   RO         2848    i._fp_digits        mc_w.l(printfa.o)
    0x00005cb4   0x00005cb4   0x00000046   Code   RO         2374    i._init_box         RTX_CM3.lib(rt_membox.o)
    0x00005cfa   0x00005cfa   0x0000000e   Code   RO         2977    i._is_digit         mc_w.l(scanf_fp.o)
    0x00005d08   0x00005d08   0x000006b4   Code   RO         2849    i._printf_core      mc_w.l(printfa.o)
    0x000063bc   0x000063bc   0x00000024   Code   RO         2850    i._printf_post_padding  mc_w.l(printfa.o)
    0x000063e0   0x000063e0   0x0000002e   Code   RO         2851    i._printf_pre_padding  mc_w.l(printfa.o)
    0x0000640e   0x0000640e   0x0000000a   Code   RO         2853    i._sputc            mc_w.l(printfa.o)
    0x00006418   0x00006418   0x00000034   Code   RO         1780    i.add_server_id     Net_CM3_L.lib(net_http_server.o)
    0x0000644c   0x0000644c   0x000000a4   Code   RO         1567    i.arp_cache_add     Net_CM3_L.lib(net_arp.o)
    0x000064f0   0x000064f0   0x00000088   Code   RO         1568    i.arp_cache_alloc   Net_CM3_L.lib(net_arp.o)
    0x00006578   0x00006578   0x00000088   Code   RO         1569    i.arp_cache_early   Net_CM3_L.lib(net_arp.o)
    0x00006600   0x00006600   0x000000a0   Code   RO         1570    i.arp_cache_find    Net_CM3_L.lib(net_arp.o)
    0x000066a0   0x000066a0   0x000000e4   Code   RO         1573    i.arp_cache_update  Net_CM3_L.lib(net_arp.o)
    0x00006784   0x00006784   0x00000030   Code   RO         1577    i.arp_init          Net_CM3_L.lib(net_arp.o)
    0x000067b4   0x000067b4   0x0000003c   Code   RO         1578    i.arp_is_cacheable  Net_CM3_L.lib(net_arp.o)
    0x000067f0   0x000067f0   0x00000028   Code   RO         1579    i.arp_notify        Net_CM3_L.lib(net_arp.o)
    0x00006818   0x00006818   0x00000074   Code   RO         1581    i.arp_proc_response  Net_CM3_L.lib(net_arp.o)
    0x0000688c   0x0000688c   0x00000120   Code   RO         1582    i.arp_process       Net_CM3_L.lib(net_arp.o)
    0x000069ac   0x000069ac   0x00000088   Code   RO         1583    i.arp_send_reply    Net_CM3_L.lib(net_arp.o)
    0x00006a34   0x00006a34   0x000000b8   Code   RO         1584    i.arp_send_request  Net_CM3_L.lib(net_arp.o)
    0x00006aec   0x00006aec   0x0000002a   Code   RO         2580    i.atof              m_ws.l(atof.o)
    0x00006b16   0x00006b16   0x0000007a   Code   RO         2507    i.b64_to_asc        Net_CM3_L.lib(net_common.o)
    0x00006b90   0x00006b90   0x00000004   Code   RO         1781    i.cgi_content_type  Net_CM3_L.lib(net_http_server.o)
    0x00006b94   0x00006b94   0x00000004   Code   RO         1785    i.cgx_content_type  Net_CM3_L.lib(net_http_server.o)
    0x00006b98   0x00006b98   0x00000170   Code   RO         1786    i.chk_post_req      Net_CM3_L.lib(net_http_server.o)
    0x00006d08   0x00006d08   0x00000032   Code   RO         2509    i.chksum16          Net_CM3_L.lib(net_common.o)
    0x00006d3a   0x00006d3a   0x0000001e   Code   RO         1787    i.cmp_fname_ext     Net_CM3_L.lib(net_http_server.o)
    0x00006d58   0x00006d58   0x00000028   Code   RO         1788    i.cmp_header        Net_CM3_L.lib(net_http_server.o)
    0x00006d80   0x00006d80   0x00000030   Code   RO         2427    i.dbg_init          RTX_CM3.lib(hal_cm.o)
    0x00006db0   0x00006db0   0x00000020   Code   RO         2428    i.dbg_task_notify   RTX_CM3.lib(hal_cm.o)
    0x00006dd0   0x00006dd0   0x00000010   Code   RO         2429    i.dbg_task_switch   RTX_CM3.lib(hal_cm.o)
    0x00006de0   0x00006de0   0x000000e8   Code   RO         1534    i.eth_check_link    Net_CM3_L.lib(net_eth.o)
    0x00006ec8   0x00006ec8   0x00000020   Code   RO         1535    i.eth_chk_addr      Net_CM3_L.lib(net_eth.o)
    0x00006ee8   0x00006ee8   0x00000070   Code   RO         1536    i.eth_fetch_frame   Net_CM3_L.lib(net_eth.o)
    0x00006f58   0x00006f58   0x000000f8   Code   RO         1538    i.eth_init_link     Net_CM3_L.lib(net_eth.o)
    0x00007050   0x00007050   0x00000002   Code   RO         1539    i.eth_link_notify   Net_CM3_L.lib(net_eth.o)
    0x00007052   0x00007052   0x00000002   PAD
    0x00007054   0x00007054   0x00000014   Code   RO         1540    i.eth_notify        Net_CM3_L.lib(net_eth.o)
    0x00007068   0x00007068   0x00000064   Code   RO         1541    i.eth_output        Net_CM3_L.lib(net_eth.o)
    0x000070cc   0x000070cc   0x000000e4   Code   RO         1542    i.eth_run_link      Net_CM3_L.lib(net_eth.o)
    0x000071b0   0x000071b0   0x000000a4   Code   RO         1543    i.eth_send_frame    Net_CM3_L.lib(net_eth.o)
    0x00007254   0x00007254   0x0000000e   Code   RO         1545    i.eth_thread        Net_CM3_L.lib(net_eth.o)
    0x00007262   0x00007262   0x00000002   PAD
    0x00007264   0x00007264   0x0000001c   Code   RO         2511    i.get_crc32         Net_CM3_L.lib(net_common.o)
    0x00007280   0x00007280   0x00000028   Code   RO         1789    i.get_next_field    Net_CM3_L.lib(net_http_server.o)
    0x000072a8   0x000072a8   0x00000032   Code   RO         1790    i.get_next_par      Net_CM3_L.lib(net_http_server.o)
    0x000072da   0x000072da   0x00000002   PAD
    0x000072dc   0x000072dc   0x0000001c   Code   RO         1906    i.get_rnd32         Net_CM3_L.lib(net_sys.o)
    0x000072f8   0x000072f8   0x00000012   Code   RO         1791    i.hex2byte          Net_CM3_L.lib(net_http_server.o)
    0x0000730a   0x0000730a   0x00000004   Code   RO         1792    i.http_accept_client  Net_CM3_L.lib(net_http_server.o)
    0x0000730e   0x0000730e   0x00000002   PAD
    0x00007310   0x00007310   0x00000310   Code   RO         1793    i.http_add_header   Net_CM3_L.lib(net_http_server.o)
    0x00007620   0x00007620   0x00000004   Code   RO         1794    i.http_check_account  Net_CM3_L.lib(net_http_server.o)
    0x00007624   0x00007624   0x00000004   Code   RO         1795    i.http_encoding     Net_CM3_L.lib(net_http_server.o)
    0x00007628   0x00007628   0x00000178   Code   RO         1796    i.http_error_msg    Net_CM3_L.lib(net_http_server.o)
    0x000077a0   0x000077a0   0x00000004   Code   RO         1797    i.http_file_access  Net_CM3_L.lib(net_http_server.o)
    0x000077a4   0x000077a4   0x0000006c   Code   RO         1798    i.http_get_env_var  Net_CM3_L.lib(net_http_server.o)
    0x00007810   0x00007810   0x00000078   Code   RO         1799    i.http_get_ftype    Net_CM3_L.lib(net_http_server.o)
    0x00007888   0x00007888   0x0000005e   Code   RO         1801    i.http_kill_session  Net_CM3_L.lib(net_http_server.o)
    0x000078e6   0x000078e6   0x00000002   PAD
    0x000078e8   0x000078e8   0x00000214   Code   RO         1802    i.http_listener     Net_CM3_L.lib(net_http_server.o)
    0x00007afc   0x00007afc   0x000000f0   Code   RO         1803    i.http_open_file    Net_CM3_L.lib(net_http_server.o)
    0x00007bec   0x00007bec   0x0000014c   Code   RO         1804    i.http_proc_header  Net_CM3_L.lib(net_http_server.o)
    0x00007d38   0x00007d38   0x00000178   Code   RO         1805    i.http_proc_multipart  Net_CM3_L.lib(net_http_server.o)
    0x00007eb0   0x00007eb0   0x000000f4   Code   RO         1806    i.http_proc_post    Net_CM3_L.lib(net_http_server.o)
    0x00007fa4   0x00007fa4   0x00000024   Code   RO         1809    i.http_server_get_lang  Net_CM3_L.lib(net_http_server.o)
    0x00007fc8   0x00007fc8   0x0000005c   Code   RO         1811    i.http_server_init  Net_CM3_L.lib(net_http_server.o)
    0x00008024   0x00008024   0x00000334   Code   RO         1812    i.http_server_run   Net_CM3_L.lib(net_http_server.o)
    0x00008358   0x00008358   0x00000020   Code   RO         1813    i.http_strcpy       Net_CM3_L.lib(net_http_server.o)
    0x00008378   0x00008378   0x000000a4   Code   RO         1814    i.http_to_utc       Net_CM3_L.lib(net_http_server.o)
    0x0000841c   0x0000841c   0x000000dc   Code   RO         1644    i.icmp_process      Net_CM3_L.lib(net_icmp.o)
    0x000084f8   0x000084f8   0x00000080   Code   RO         1645    i.icmp_send_message  Net_CM3_L.lib(net_icmp.o)
    0x00008578   0x00008578   0x00000010   Code   RO         1646    i.icmp_service_init  Net_CM3_L.lib(net_icmp.o)
    0x00008588   0x00008588   0x00000048   Code   RO         1647    i.icmp_service_run  Net_CM3_L.lib(net_icmp.o)
    0x000085d0   0x000085d0   0x00000068   Code   RO         1887    i.ip4_aton          Net_CM3_L.lib(net_addr4.o)
    0x00008638   0x00008638   0x0000004c   Code   RO         1611    i.ip4_checksum      Net_CM3_L.lib(net_ip.o)
    0x00008684   0x00008684   0x00000038   Code   RO         1888    i.ip4_ntoa          Net_CM3_L.lib(net_addr4.o)
    0x000086bc   0x000086bc   0x000000d0   Code   RO         1612    i.ip_chk_frame      Net_CM3_L.lib(net_ip.o)
    0x0000878c   0x0000878c   0x0000000a   Code   RO         1614    i.ip_get_chksum     Net_CM3_L.lib(net_ip.o)
    0x00008796   0x00008796   0x00000002   PAD
    0x00008798   0x00008798   0x00000044   Code   RO         1615    i.ip_get_locadr     Net_CM3_L.lib(net_ip.o)
    0x000087dc   0x000087dc   0x0000007c   Code   RO         1616    i.ip_get_route      Net_CM3_L.lib(net_ip.o)
    0x00008858   0x00008858   0x00000050   Code   RO         1617    i.ip_localhost_init  Net_CM3_L.lib(net_ip.o)
    0x000088a8   0x000088a8   0x00000060   Code   RO         1618    i.ip_localhost_run  Net_CM3_L.lib(net_ip.o)
    0x00008908   0x00008908   0x00000140   Code   RO         1619    i.ip_send_frame     Net_CM3_L.lib(net_ip.o)
    0x00008a48   0x00008a48   0x00000030   Code   RO         1620    i.ip_tx_offload     Net_CM3_L.lib(net_ip.o)
    0x00008a78   0x00008a78   0x0000001a   Code   RO         1889    i.is_subnet         Net_CM3_L.lib(net_addr4.o)
    0x00008a92   0x00008a92   0x00000002   PAD
    0x00008a94   0x00008a94   0x00000028   Code   RO         1621    i.is_subnet_bcast   Net_CM3_L.lib(net_ip.o)
    0x00008abc   0x00008abc   0x0000002a   Code   RO          915    i.isrMessageGet     RTX_CM3.lib(rt_cmsis.o)
    0x00008ae6   0x00008ae6   0x0000002c   Code   RO          916    i.isrMessagePut     RTX_CM3.lib(rt_cmsis.o)
    0x00008b12   0x00008b12   0x00000024   Code   RO          918    i.isrSignalSet      RTX_CM3.lib(rt_cmsis.o)
    0x00008b36   0x00008b36   0x00000002   PAD
    0x00008b38   0x00008b38   0x00000028   Code   RO         2098    i.isr_evt_set       RTX_CM3.lib(rt_event.o)
    0x00008b60   0x00008b60   0x00000056   Code   RO         2220    i.isr_mbx_receive   RTX_CM3.lib(rt_mailbox.o)
    0x00008bb6   0x00008bb6   0x0000000e   Code   RO         2221    i.isr_mbx_send      RTX_CM3.lib(rt_mailbox.o)
    0x00008bc4   0x00008bc4   0x0000008c   Code   RO         2483    i.mem_alloc         Net_CM3_L.lib(net_mem.o)
    0x00008c50   0x00008c50   0x0000001c   Code   RO         2484    i.mem_avail         Net_CM3_L.lib(net_mem.o)
    0x00008c6c   0x00008c6c   0x00000020   Code   RO         2512    i.mem_crc32         Net_CM3_L.lib(net_common.o)
    0x00008c8c   0x00008c8c   0x0000006c   Code   RO         2485    i.mem_free          Net_CM3_L.lib(net_mem.o)
    0x00008cf8   0x00008cf8   0x00000064   Code   RO         2486    i.mem_init          Net_CM3_L.lib(net_mem.o)
    0x00008d5c   0x00008d5c   0x00000010   Code   RO         2487    i.mem_lock          Net_CM3_L.lib(net_mem.o)
    0x00008d6c   0x00008d6c   0x00000038   Code   RO         2488    i.mem_resize        Net_CM3_L.lib(net_mem.o)
    0x00008da4   0x00008da4   0x0000000c   Code   RO         2489    i.mem_unlock        Net_CM3_L.lib(net_mem.o)
    0x00008db0   0x00008db0   0x00000030   Code   RO         1768    i.nbns_client_init  Net_CM3_L.lib(net_nbns_client.o)
    0x00008de0   0x00008de0   0x00000160   Code   RO         1769    i.nbns_listener     Net_CM3_L.lib(net_nbns_client.o)
    0x00008f40   0x00008f40   0x0000004c   Code   RO         1907    i.net_initialize    Net_CM3_L.lib(net_sys.o)
    0x00008f8c   0x00008f8c   0x00000064   Code   RO         1908    i.net_main          Net_CM3_L.lib(net_sys.o)
    0x00008ff0   0x00008ff0   0x00000014   Code   RO         1909    i.net_timer_tick    Net_CM3_L.lib(net_sys.o)
    0x00009004   0x00009004   0x00000018   Code   RO          919    i.osDelay           RTX_CM3.lib(rt_cmsis.o)
    0x0000901c   0x0000901c   0x00000024   Code   RO          920    i.osKernelInitialize  RTX_CM3.lib(rt_cmsis.o)
    0x00009040   0x00009040   0x0000006c   Code   RO          922    i.osKernelStart     RTX_CM3.lib(rt_cmsis.o)
    0x000090ac   0x000090ac   0x00000018   Code   RO          923    i.osKernelSysTick   RTX_CM3.lib(rt_cmsis.o)
    0x000090c4   0x000090c4   0x00000018   Code   RO          931    i.osMessageGet      RTX_CM3.lib(rt_cmsis.o)
    0x000090dc   0x000090dc   0x0000002c   Code   RO          933    i.osMutexCreate     RTX_CM3.lib(rt_cmsis.o)
    0x00009108   0x00009108   0x00000018   Code   RO          935    i.osMutexRelease    RTX_CM3.lib(rt_cmsis.o)
    0x00009120   0x00009120   0x00000018   Code   RO          936    i.osMutexWait       RTX_CM3.lib(rt_cmsis.o)
    0x00009138   0x00009138   0x00000018   Code   RO          946    i.osSignalSet       RTX_CM3.lib(rt_cmsis.o)
    0x00009150   0x00009150   0x00000018   Code   RO          947    i.osSignalWait      RTX_CM3.lib(rt_cmsis.o)
    0x00009168   0x00009168   0x0000002c   Code   RO          948    i.osThreadCreate    RTX_CM3.lib(rt_cmsis.o)
    0x00009194   0x00009194   0x00000018   Code   RO          949    i.osThreadExit      RTX_CM3.lib(rt_cmsis.o)
    0x000091ac   0x000091ac   0x00000018   Code   RO          954    i.osThreadYield     RTX_CM3.lib(rt_cmsis.o)
    0x000091c4   0x000091c4   0x0000000c   Code   RO          955    i.osTimerCall       RTX_CM3.lib(rt_cmsis.o)
    0x000091d0   0x000091d0   0x0000002c   Code   RO          956    i.osTimerCreate     RTX_CM3.lib(rt_cmsis.o)
    0x000091fc   0x000091fc   0x00000018   Code   RO          958    i.osTimerStart      RTX_CM3.lib(rt_cmsis.o)
    0x00009214   0x00009214   0x0000002c   Code   RO          960    i.osTimerThread     RTX_CM3.lib(rt_cmsis.o)
    0x00009240   0x00009240   0x00000028   Code   RO         2008    i.os_tick_init      RTX_CM3.lib(rt_system.o)
    0x00009268   0x00009268   0x00000002   Code   RO         2009    i.os_tick_irqack    RTX_CM3.lib(rt_system.o)
    0x0000926a   0x0000926a   0x00000002   PAD
    0x0000926c   0x0000926c   0x00000010   Code   RO         2010    i.os_tick_ovf       RTX_CM3.lib(rt_system.o)
    0x0000927c   0x0000927c   0x00000014   Code   RO         2011    i.os_tick_val       RTX_CM3.lib(rt_system.o)
    0x00009290   0x00009290   0x00000028   Code   RO         1816    i.proc_req_line     Net_CM3_L.lib(net_http_server.o)
    0x000092b8   0x000092b8   0x000000a0   Code   RO         1817    i.read_script_line  Net_CM3_L.lib(net_http_server.o)
    0x00009358   0x00009358   0x0000001a   Code   RO         2375    i.rt_alloc_box      RTX_CM3.lib(rt_membox.o)
    0x00009372   0x00009372   0x0000003e   Code   RO         2403    i.rt_alloc_mem      RTX_CM3.lib(rt_memory.o)
    0x000093b0   0x000093b0   0x00000038   Code   RO         1923    i.rt_block          RTX_CM3.lib(rt_task.o)
    0x000093e8   0x000093e8   0x00000048   Code   RO         2545    i.rt_chk_robin      RTX_CM3.lib(rt_robin.o)
    0x00009430   0x00009430   0x00000070   Code   RO         2144    i.rt_dec_dly        RTX_CM3.lib(rt_list.o)
    0x000094a0   0x000094a0   0x00000044   Code   RO         1924    i.rt_dispatch       RTX_CM3.lib(rt_task.o)
    0x000094e4   0x000094e4   0x00000006   Code   RO         2310    i.rt_dly_wait       RTX_CM3.lib(rt_time.o)
    0x000094ea   0x000094ea   0x00000002   PAD
    0x000094ec   0x000094ec   0x00000050   Code   RO         2101    i.rt_evt_psh        RTX_CM3.lib(rt_event.o)
    0x0000953c   0x0000953c   0x0000005c   Code   RO         2102    i.rt_evt_set        RTX_CM3.lib(rt_event.o)
    0x00009598   0x00009598   0x0000003c   Code   RO         2103    i.rt_evt_wait       RTX_CM3.lib(rt_event.o)
    0x000095d4   0x000095d4   0x0000002c   Code   RO         2376    i.rt_free_box       RTX_CM3.lib(rt_membox.o)
    0x00009600   0x00009600   0x00000028   Code   RO         2404    i.rt_free_mem       RTX_CM3.lib(rt_memory.o)
    0x00009628   0x00009628   0x00000028   Code   RO         2145    i.rt_get_first      RTX_CM3.lib(rt_list.o)
    0x00009650   0x00009650   0x00000024   Code   RO         2146    i.rt_get_same_rdy_prio  RTX_CM3.lib(rt_list.o)
    0x00009674   0x00009674   0x00000008   Code   RO          965    i.rt_id2obj         RTX_CM3.lib(rt_cmsis.o)
    0x0000967c   0x0000967c   0x00000048   Code   RO         1925    i.rt_init_context   RTX_CM3.lib(rt_task.o)
    0x000096c4   0x000096c4   0x0000001a   Code   RO         2405    i.rt_init_mem       RTX_CM3.lib(rt_memory.o)
    0x000096de   0x000096de   0x00000002   PAD
    0x000096e0   0x000096e0   0x00000018   Code   RO         2546    i.rt_init_robin     RTX_CM3.lib(rt_robin.o)
    0x000096f8   0x000096f8   0x00000080   Code   RO         2430    i.rt_init_stack     RTX_CM3.lib(hal_cm.o)
    0x00009778   0x00009778   0x00000008   Code   RO         2222    i.rt_mbx_check      RTX_CM3.lib(rt_mailbox.o)
    0x00009780   0x00009780   0x0000001a   Code   RO         2223    i.rt_mbx_init       RTX_CM3.lib(rt_mailbox.o)
    0x0000979a   0x0000979a   0x00000002   PAD
    0x0000979c   0x0000979c   0x000000f0   Code   RO         2224    i.rt_mbx_psh        RTX_CM3.lib(rt_mailbox.o)
    0x0000988c   0x0000988c   0x000000b4   Code   RO         2226    i.rt_mbx_wait       RTX_CM3.lib(rt_mailbox.o)
    0x00009940   0x00009940   0x00000044   Code   RO          966    i.rt_ms2tick        RTX_CM3.lib(rt_cmsis.o)
    0x00009984   0x00009984   0x00000010   Code   RO         2344    i.rt_mut_init       RTX_CM3.lib(rt_mutex.o)
    0x00009994   0x00009994   0x000000d8   Code   RO         2345    i.rt_mut_release    RTX_CM3.lib(rt_mutex.o)
    0x00009a6c   0x00009a6c   0x00000078   Code   RO         2346    i.rt_mut_wait       RTX_CM3.lib(rt_mutex.o)
    0x00009ae4   0x00009ae4   0x0000007c   Code   RO         2012    i.rt_pop_req        RTX_CM3.lib(rt_system.o)
    0x00009b60   0x00009b60   0x00000020   Code   RO         2013    i.rt_psh_req        RTX_CM3.lib(rt_system.o)
    0x00009b80   0x00009b80   0x0000005c   Code   RO         2147    i.rt_psq_enq        RTX_CM3.lib(rt_list.o)
    0x00009bdc   0x00009bdc   0x00000048   Code   RO         2148    i.rt_put_dly        RTX_CM3.lib(rt_list.o)
    0x00009c24   0x00009c24   0x00000036   Code   RO         2149    i.rt_put_prio       RTX_CM3.lib(rt_list.o)
    0x00009c5a   0x00009c5a   0x00000002   PAD
    0x00009c5c   0x00009c5c   0x00000014   Code   RO         2150    i.rt_put_rdy_first  RTX_CM3.lib(rt_list.o)
    0x00009c70   0x00009c70   0x00000034   Code   RO         2151    i.rt_resort_prio    RTX_CM3.lib(rt_list.o)
    0x00009ca4   0x00009ca4   0x00000006   Code   RO         2431    i.rt_ret_val        RTX_CM3.lib(hal_cm.o)
    0x00009caa   0x00009caa   0x00000008   Code   RO         2432    i.rt_ret_val2       RTX_CM3.lib(hal_cm.o)
    0x00009cb2   0x00009cb2   0x00000028   Code   RO         2152    i.rt_rmv_dly        RTX_CM3.lib(rt_list.o)
    0x00009cda   0x00009cda   0x00000002   PAD
    0x00009cdc   0x00009cdc   0x00000030   Code   RO         2153    i.rt_rmv_list       RTX_CM3.lib(rt_list.o)
    0x00009d0c   0x00009d0c   0x00000034   Code   RO         2271    i.rt_sem_psh        RTX_CM3.lib(rt_semaphore.o)
    0x00009d40   0x00009d40   0x00000024   Code   RO         2015    i.rt_stk_check      RTX_CM3.lib(rt_system.o)
    0x00009d64   0x00009d64   0x00000028   Code   RO         1926    i.rt_switch_req     RTX_CM3.lib(rt_task.o)
    0x00009d8c   0x00009d8c   0x000000cc   Code   RO         1927    i.rt_sys_init       RTX_CM3.lib(rt_task.o)
    0x00009e58   0x00009e58   0x00000078   Code   RO         1928    i.rt_sys_start      RTX_CM3.lib(rt_task.o)
    0x00009ed0   0x00009ed0   0x00000040   Code   RO         2017    i.rt_systick        RTX_CM3.lib(rt_system.o)
    0x00009f10   0x00009f10   0x00000012   Code   RO          967    i.rt_tid2ptcb       RTX_CM3.lib(rt_cmsis.o)
    0x00009f22   0x00009f22   0x00000002   PAD
    0x00009f24   0x00009f24   0x00000034   Code   RO          968    i.rt_timer_insert   RTX_CM3.lib(rt_cmsis.o)
    0x00009f58   0x00009f58   0x0000003c   Code   RO          969    i.rt_timer_remove   RTX_CM3.lib(rt_cmsis.o)
    0x00009f94   0x00009f94   0x00000088   Code   RO         1929    i.rt_tsk_create     RTX_CM3.lib(rt_task.o)
    0x0000a01c   0x0000a01c   0x0000017c   Code   RO         1930    i.rt_tsk_delete     RTX_CM3.lib(rt_task.o)
    0x0000a198   0x0000a198   0x00000030   Code   RO         1931    i.rt_tsk_pass       RTX_CM3.lib(rt_task.o)
    0x0000a1c8   0x0000a1c8   0x0000007c   Code   RO         1932    i.rt_tsk_prio       RTX_CM3.lib(rt_task.o)
    0x0000a244   0x0000a244   0x00000010   Code   RO         1933    i.rt_tsk_self       RTX_CM3.lib(rt_task.o)
    0x0000a254   0x0000a254   0x00000048   Code   RO         1818    i.search_delim      Net_CM3_L.lib(net_http_server.o)
    0x0000a29c   0x0000a29c   0x00000028   Code   RO         1868    i.sntp_client_init  Net_CM3_L.lib(net_sntp_client.o)
    0x0000a2c4   0x0000a2c4   0x00000050   Code   RO         1869    i.sntp_client_run   Net_CM3_L.lib(net_sntp_client.o)
    0x0000a314   0x0000a314   0x0000007c   Code   RO         1870    i.sntp_get_time     Net_CM3_L.lib(net_sntp_client.o)
    0x0000a390   0x0000a390   0x00000078   Code   RO         1871    i.sntp_listener     Net_CM3_L.lib(net_sntp_client.o)
    0x0000a408   0x0000a408   0x0000002c   Code   RO         1872    i.sntp_send_message  Net_CM3_L.lib(net_sntp_client.o)
    0x0000a434   0x0000a434   0x00000018   Code   RO         1873    i.sntp_stop         Net_CM3_L.lib(net_sntp_client.o)
    0x0000a44c   0x0000a44c   0x00000012   Code   RO         2513    i.str_copy          Net_CM3_L.lib(net_common.o)
    0x0000a45e   0x0000a45e   0x00000016   Code   RO         2515    i.str_pos           Net_CM3_L.lib(net_common.o)
    0x0000a474   0x0000a474   0x0000001a   Code   RO         2516    i.str_scomp         Net_CM3_L.lib(net_common.o)
    0x0000a48e   0x0000a48e   0x0000001a   Code   RO         2518    i.str_up_case       Net_CM3_L.lib(net_common.o)
    0x0000a4a8   0x0000a4a8   0x00000012   Code   RO          970    i.svcDelay          RTX_CM3.lib(rt_cmsis.o)
    0x0000a4ba   0x0000a4ba   0x00000002   PAD
    0x0000a4bc   0x0000a4bc   0x00000070   Code   RO          971    i.svcKernelInitialize  RTX_CM3.lib(rt_cmsis.o)
    0x0000a52c   0x0000a52c   0x00000048   Code   RO          973    i.svcKernelStart    RTX_CM3.lib(rt_cmsis.o)
    0x0000a574   0x0000a574   0x00000038   Code   RO          974    i.svcKernelSysTick  RTX_CM3.lib(rt_cmsis.o)
    0x0000a5ac   0x0000a5ac   0x00000024   Code   RO          976    i.svcMessageCreate  RTX_CM3.lib(rt_cmsis.o)
    0x0000a5d0   0x0000a5d0   0x0000003a   Code   RO          977    i.svcMessageGet     RTX_CM3.lib(rt_cmsis.o)
    0x0000a60a   0x0000a60a   0x0000001c   Code   RO          979    i.svcMutexCreate    RTX_CM3.lib(rt_cmsis.o)
    0x0000a626   0x0000a626   0x00000022   Code   RO          981    i.svcMutexRelease   RTX_CM3.lib(rt_cmsis.o)
    0x0000a648   0x0000a648   0x0000003a   Code   RO          982    i.svcMutexWait      RTX_CM3.lib(rt_cmsis.o)
    0x0000a682   0x0000a682   0x00000024   Code   RO          989    i.svcSignalSet      RTX_CM3.lib(rt_cmsis.o)
    0x0000a6a6   0x0000a6a6   0x00000002   PAD
    0x0000a6a8   0x0000a6a8   0x00000054   Code   RO          990    i.svcSignalWait     RTX_CM3.lib(rt_cmsis.o)
    0x0000a6fc   0x0000a6fc   0x0000006c   Code   RO          991    i.svcThreadCreate   RTX_CM3.lib(rt_cmsis.o)
    0x0000a768   0x0000a768   0x0000001c   Code   RO          992    i.svcThreadGetId    RTX_CM3.lib(rt_cmsis.o)
    0x0000a784   0x0000a784   0x00000038   Code   RO          995    i.svcThreadTerminate  RTX_CM3.lib(rt_cmsis.o)
    0x0000a7bc   0x0000a7bc   0x0000000a   Code   RO          996    i.svcThreadYield    RTX_CM3.lib(rt_cmsis.o)
    0x0000a7c6   0x0000a7c6   0x00000018   Code   RO          997    i.svcTimerCall      RTX_CM3.lib(rt_cmsis.o)
    0x0000a7de   0x0000a7de   0x00000002   PAD
    0x0000a7e0   0x0000a7e0   0x00000038   Code   RO          998    i.svcTimerCreate    RTX_CM3.lib(rt_cmsis.o)
    0x0000a818   0x0000a818   0x00000064   Code   RO         1000    i.svcTimerStart     RTX_CM3.lib(rt_cmsis.o)
    0x0000a87c   0x0000a87c   0x0000005c   Code   RO         1006    i.sysTimerTick      RTX_CM3.lib(rt_cmsis.o)
    0x0000a8d8   0x0000a8d8   0x00000058   Code   RO         1691    i.tcp_abort         Net_CM3_L.lib(net_tcp.o)
    0x0000a930   0x0000a930   0x000000a0   Code   RO         1693    i.tcp_close         Net_CM3_L.lib(net_tcp.o)
    0x0000a9d0   0x0000a9d0   0x0000001e   Code   RO         1696    i.tcp_get_buf       Net_CM3_L.lib(net_tcp.o)
    0x0000a9ee   0x0000a9ee   0x00000002   PAD
    0x0000a9f0   0x0000a9f0   0x00000050   Code   RO         1698    i.tcp_get_socket    Net_CM3_L.lib(net_tcp.o)
    0x0000aa40   0x0000aa40   0x00000028   Code   RO         1699    i.tcp_get_state     Net_CM3_L.lib(net_tcp.o)
    0x0000aa68   0x0000aa68   0x0000006c   Code   RO         1701    i.tcp_listen        Net_CM3_L.lib(net_tcp.o)
    0x0000aad4   0x0000aad4   0x0000007c   Code   RO         1702    i.tcp_map_socket    Net_CM3_L.lib(net_tcp.o)
    0x0000ab50   0x0000ab50   0x00000024   Code   RO         1703    i.tcp_max_data_size  Net_CM3_L.lib(net_tcp.o)
    0x0000ab74   0x0000ab74   0x0000000c   Code   RO         1705    i.tcp_ntoa          Net_CM3_L.lib(net_tcp.o)
    0x0000ab80   0x0000ab80   0x0000005e   Code   RO         1706    i.tcp_parse_opt     Net_CM3_L.lib(net_tcp.o)
    0x0000abde   0x0000abde   0x00000002   PAD
    0x0000abe0   0x0000abe0   0x000000c4   Code   RO         1707    i.tcp_proc_acknr    Net_CM3_L.lib(net_tcp.o)
    0x0000aca4   0x0000aca4   0x00000052   Code   RO         1708    i.tcp_proc_dupack   Net_CM3_L.lib(net_tcp.o)
    0x0000acf6   0x0000acf6   0x00000002   PAD
    0x0000acf8   0x0000acf8   0x0000049a   Code   RO         1709    i.tcp_process       Net_CM3_L.lib(net_tcp.o)
    0x0000b192   0x0000b192   0x0000001a   Code   RO         1710    i.tcp_que_free      Net_CM3_L.lib(net_tcp.o)
    0x0000b1ac   0x0000b1ac   0x0000001a   Code   RO         1711    i.tcp_que_init      Net_CM3_L.lib(net_tcp.o)
    0x0000b1c6   0x0000b1c6   0x00000002   PAD
    0x0000b1c8   0x0000b1c8   0x00000094   Code   RO         1712    i.tcp_que_resend    Net_CM3_L.lib(net_tcp.o)
    0x0000b25c   0x0000b25c   0x000000e0   Code   RO         1716    i.tcp_send          Net_CM3_L.lib(net_tcp.o)
    0x0000b33c   0x0000b33c   0x00000066   Code   RO         1717    i.tcp_send_ctrl     Net_CM3_L.lib(net_tcp.o)
    0x0000b3a2   0x0000b3a2   0x0000004c   Code   RO         1718    i.tcp_send_data     Net_CM3_L.lib(net_tcp.o)
    0x0000b3ee   0x0000b3ee   0x00000060   Code   RO         1719    i.tcp_send_reset    Net_CM3_L.lib(net_tcp.o)
    0x0000b44e   0x0000b44e   0x00000026   Code   RO         1720    i.tcp_set_cwnd      Net_CM3_L.lib(net_tcp.o)
    0x0000b474   0x0000b474   0x00000014   Code   RO         1721    i.tcp_socket_init   Net_CM3_L.lib(net_tcp.o)
    0x0000b488   0x0000b488   0x000002a8   Code   RO         1722    i.tcp_socket_poll   Net_CM3_L.lib(net_tcp.o)
    0x0000b730   0x0000b730   0x00000068   Code   RO         1723    i.tcp_transit       Net_CM3_L.lib(net_tcp.o)
    0x0000b798   0x0000b798   0x000000a4   Code   RO         1724    i.tcp_write         Net_CM3_L.lib(net_tcp.o)
    0x0000b83c   0x0000b83c   0x0000002c   Code   RO         1660    i.udp_close         Net_CM3_L.lib(net_udp.o)
    0x0000b868   0x0000b868   0x0000001e   Code   RO         1662    i.udp_get_buf       Net_CM3_L.lib(net_udp.o)
    0x0000b886   0x0000b886   0x00000002   PAD
    0x0000b888   0x0000b888   0x00000048   Code   RO         1663    i.udp_get_socket    Net_CM3_L.lib(net_udp.o)
    0x0000b8d0   0x0000b8d0   0x0000006c   Code   RO         1666    i.udp_open          Net_CM3_L.lib(net_udp.o)
    0x0000b93c   0x0000b93c   0x0000002c   Code   RO         1667    i.udp_port_in_use   Net_CM3_L.lib(net_udp.o)
    0x0000b968   0x0000b968   0x00000098   Code   RO         1668    i.udp_process       Net_CM3_L.lib(net_udp.o)
    0x0000ba00   0x0000ba00   0x00000108   Code   RO         1670    i.udp_send          Net_CM3_L.lib(net_udp.o)
    0x0000bb08   0x0000bb08   0x00000014   Code   RO         1671    i.udp_socket_init   Net_CM3_L.lib(net_udp.o)
    0x0000bb1c   0x0000bb1c   0x000000f0   Code   RO         1819    i.utc_to_http       Net_CM3_L.lib(net_http_server.o)
    0x0000bc0c   0x0000bc0c   0x00000020   Data   RO            7    .constdata          http_server.o
    0x0000bc2c   0x0000bc2c   0x00000004   Data   RO          186    .constdata          web.o
    0x0000bc30   0x0000bc30   0x0000775a   Data   RO          187    .constdata          web.o
    0x0001338a   0x0001338a   0x00000002   PAD
    0x0001338c   0x0001338c   0x000000b8   Data   RO          188    .constdata          web.o
    0x00013444   0x00013444   0x00000008   Data   RO          206    .constdata          leds1768.o
    0x0001344c   0x0001344c   0x00000960   Data   RO          226    .constdata          lcd.o
    0x00013dac   0x00013dac   0x00000048   Data   RO          449    .constdata          thread.o
    0x00013df4   0x00013df4   0x00000002   Data   RO          568    .constdata          rtx_conf_cm.o
    0x00013df6   0x00013df6   0x00000002   PAD
    0x00013df8   0x00013df8   0x00000004   Data   RO          569    .constdata          rtx_conf_cm.o
    0x00013dfc   0x00013dfc   0x00000004   Data   RO          570    .constdata          rtx_conf_cm.o
    0x00013e00   0x00013e00   0x00000002   Data   RO          572    .constdata          rtx_conf_cm.o
    0x00013e02   0x00013e02   0x00000002   Data   RO          573    .constdata          rtx_conf_cm.o
    0x00013e04   0x00013e04   0x00000004   Data   RO          574    .constdata          rtx_conf_cm.o
    0x00013e08   0x00013e08   0x00000001   Data   RO          575    .constdata          rtx_conf_cm.o
    0x00013e09   0x00013e09   0x00000003   PAD
    0x00013e0c   0x00013e0c   0x00000020   Data   RO          576    .constdata          rtx_conf_cm.o
    0x00013e2c   0x00013e2c   0x00000002   Data   RO          577    .constdata          rtx_conf_cm.o
    0x00013e2e   0x00013e2e   0x00000002   PAD
    0x00013e30   0x00013e30   0x00000004   Data   RO          578    .constdata          rtx_conf_cm.o
    0x00013e34   0x00013e34   0x00000004   Data   RO          579    .constdata          rtx_conf_cm.o
    0x00013e38   0x00013e38   0x00000001   Data   RO          580    .constdata          rtx_conf_cm.o
    0x00013e39   0x00013e39   0x00000003   PAD
    0x00013e3c   0x00013e3c   0x00000010   Data   RO          581    .constdata          rtx_conf_cm.o
    0x00013e4c   0x00013e4c   0x00000008   Data   RO          582    .constdata          rtx_conf_cm.o
    0x00013e54   0x00013e54   0x00000002   Data   RO          583    .constdata          rtx_conf_cm.o
    0x00013e56   0x00013e56   0x00000004   Data   RO          614    .constdata          phy_dp83848c.o
    0x00013e5a   0x00013e5a   0x00000002   PAD
    0x00013e5c   0x00013e5c   0x00000020   Data   RO          615    .constdata          phy_dp83848c.o
    0x00013e7c   0x00013e7c   0x00000008   Data   RO          636    .constdata          emac_lpc17xx.o
    0x00013e84   0x00013e84   0x00000044   Data   RO          637    .constdata          emac_lpc17xx.o
    0x00013ec8   0x00013ec8   0x00000034   Data   RO          679    .constdata          i2c_lpc17xx.o
    0x00013efc   0x00013efc   0x00000030   Data   RO          680    .constdata          i2c_lpc17xx.o
    0x00013f2c   0x00013f2c   0x00000050   Data   RO          713    .constdata          ssp_lpc17xx.o
    0x00013f7c   0x00013f7c   0x0000002c   Data   RO          714    .constdata          ssp_lpc17xx.o
    0x00013fa8   0x00013fa8   0x0000003c   Data   RO          870    .constdata          net_config.o
    0x00013fe4   0x00013fe4   0x00000010   Data   RO          871    .constdata          net_config.o
    0x00013ff4   0x00013ff4   0x00000028   Data   RO          872    .constdata          net_config.o
    0x0001401c   0x0001401c   0x00000008   Data   RO          873    .constdata          net_config.o
    0x00014024   0x00014024   0x00000018   Data   RO          874    .constdata          net_config.o
    0x0001403c   0x0001403c   0x00000018   Data   RO          875    .constdata          net_config.o
    0x00014054   0x00014054   0x00000005   Data   RO          876    .constdata          net_config.o
    0x00014059   0x00014059   0x00000003   PAD
    0x0001405c   0x0001405c   0x0000001c   Data   RO         1547    .constdata          Net_CM3_L.lib(net_eth.o)
    0x00014078   0x00014078   0x00000008   Data   RO         1624    .constdata          Net_CM3_L.lib(net_ip.o)
    0x00014080   0x00014080   0x0000002c   Data   RO         1725    .constdata          Net_CM3_L.lib(net_tcp.o)
    0x000140ac   0x000140ac   0x00000008   Data   RO         1770    .constdata          Net_CM3_L.lib(net_nbns_client.o)
    0x000140b4   0x000140b4   0x000000fa   Data   RO         1820    .constdata          Net_CM3_L.lib(net_http_server.o)
    0x000141ae   0x000141ae   0x00000008   Data   RO         1893    .constdata          Net_CM3_L.lib(net_addr4.o)
    0x000141b6   0x000141b6   0x00000002   PAD
    0x000141b8   0x000141b8   0x00000008   Data   RO         1912    .constdata          Net_CM3_L.lib(net_sys.o)
    0x000141c0   0x000141c0   0x00000018   Data   RO         2475    .constdata          Net_CM3_L.lib(net_http_server_err.o)
    0x000141d8   0x000141d8   0x00000004   Data   RO         2492    .constdata          Net_CM3_L.lib(net_mem.o)
    0x000141dc   0x000141dc   0x0000000c   Data   RO         2590    .constdata          mc_w.l(localtime.o)
    0x000141e8   0x000141e8   0x00000081   Data   RO         2946    .constdata          mc_w.l(ctype_o.o)
    0x00014269   0x00014269   0x00000003   PAD
    0x0001426c   0x0001426c   0x00000004   Data   RO         2947    .constdata          mc_w.l(ctype_o.o)
    0x00014270   0x00014270   0x000000da   Data   RO          142    .conststring        http_server_cgi.o
    0x0001434a   0x0001434a   0x00000002   PAD
    0x0001434c   0x0001434c   0x0000006d   Data   RO         1726    .conststring        Net_CM3_L.lib(net_tcp.o)
    0x000143b9   0x000143b9   0x00000003   PAD
    0x000143bc   0x000143bc   0x00000203   Data   RO         2476    .conststring        Net_CM3_L.lib(net_http_server_err.o)
    0x000145bf   0x000145bf   0x00000001   PAD
    0x000145c0   0x000145c0   0x00000020   Data   RO         2991    Region$$Table       anon$$obj.o


    Execution Region RW_IRAM1 (Exec base: 0x10000000, Load base: 0x000145e0, Size: 0x000074f8, Max: 0x00008000, ABSOLUTE, COMPRESSED[0x00000054])

    Exec Addr    Load Addr    Size         Type   Attr      Idx    E Section Name        Object

    0x10000000   COMPRESSED   0x00000014   Data   RW            8    .data               http_server.o
    0x10000014   COMPRESSED   0x0000000c   Data   RW            9    .data               http_server.o
    0x10000020   COMPRESSED   0x00000001   Data   RW           10    .data               http_server.o
    0x10000021   COMPRESSED   0x00000001   Data   RW           11    .data               http_server.o
    0x10000022   COMPRESSED   0x00000002   PAD
    0x10000024   COMPRESSED   0x00000004   Data   RW           12    .data               http_server.o
    0x10000028   COMPRESSED   0x00000001   Data   RW           16    .data               http_server.o
    0x10000029   COMPRESSED   0x00000001   Data   RW           17    .data               http_server.o
    0x1000002a   COMPRESSED   0x00000006   PAD
    0x10000030   COMPRESSED   0x00000008   Data   RW           18    .data               http_server.o
    0x10000038   COMPRESSED   0x00000008   Data   RW          143    .data               http_server_cgi.o
    0x10000040   COMPRESSED   0x00000014   Data   RW          227    .data               lcd.o
    0x10000054   COMPRESSED   0x00000004   Data   RW          284    .data               adc.o
    0x10000058   COMPRESSED   0x00000018   Data   RW          316    .data               rtc.o
    0x10000070   COMPRESSED   0x00000004   Data   RW          358    .data               sntp.o
    0x10000074   COMPRESSED   0x0000002c   Data   RW          453    .data               thread.o
    0x100000a0   COMPRESSED   0x00000001   Data   RW          456    .data               thread.o
    0x100000a1   COMPRESSED   0x00000003   PAD
    0x100000a4   COMPRESSED   0x00000004   Data   RW          486    .data               lpc17xx_iap.o
    0x100000a8   COMPRESSED   0x00000004   Data   RW          585    .data               rtx_conf_cm.o
    0x100000ac   COMPRESSED   0x00000004   Data   RW          586    .data               rtx_conf_cm.o
    0x100000b0   COMPRESSED   0x00000004   Data   RW          587    .data               rtx_conf_cm.o
    0x100000b4   COMPRESSED   0x00000018   Data   RW          638    .data               emac_lpc17xx.o
    0x100000cc   COMPRESSED   0x00000004   Data   RW          681    .data               i2c_lpc17xx.o
    0x100000d0   COMPRESSED   0x00000002   Data   RW          715    .data               ssp_lpc17xx.o
    0x100000d2   COMPRESSED   0x00000002   Data   RW          716    .data               ssp_lpc17xx.o
    0x100000d4   COMPRESSED   0x00000002   Data   RW          717    .data               ssp_lpc17xx.o
    0x100000d6   COMPRESSED   0x00000002   Data   RW          718    .data               ssp_lpc17xx.o
    0x100000d8   COMPRESSED   0x00000008   Data   RW          719    .data               ssp_lpc17xx.o
    0x100000e0   COMPRESSED   0x00000008   Data   RW          754    .data               gpdma_lpc17xx.o
    0x100000e8   COMPRESSED   0x00000004   Data   RW          838    .data               system_lpc17xx_1.o
    0x100000ec   COMPRESSED   0x00000010   Data   RW          878    .data               net_config.o
    0x100000fc   COMPRESSED   0x00000006   Data   RW          879    .data               net_config.o
    0x10000102   COMPRESSED   0x00000002   PAD
    0x10000104   COMPRESSED   0x00000008   Data   RW         1009    .data               RTX_CM3.lib(rt_cmsis.o)
    0x1000010c   COMPRESSED   0x00000004   Data   RW         1548    .data               Net_CM3_L.lib(net_eth.o)
    0x10000110   COMPRESSED   0x00000008   Data   RW         1585    .data               Net_CM3_L.lib(net_arp.o)
    0x10000118   COMPRESSED   0x00000002   Data   RW         1672    .data               Net_CM3_L.lib(net_udp.o)
    0x1000011a   COMPRESSED   0x00000004   Data   RW         1727    .data               Net_CM3_L.lib(net_tcp.o)
    0x1000011e   COMPRESSED   0x00000001   Data   RW         1771    .data               Net_CM3_L.lib(net_nbns_client.o)
    0x1000011f   COMPRESSED   0x00000001   PAD
    0x10000120   COMPRESSED   0x0000000c   Data   RW         1821    .data               Net_CM3_L.lib(net_http_server.o)
    0x1000012c   COMPRESSED   0x00000008   Data   RW         1935    .data               RTX_CM3.lib(rt_task.o)
    0x10000134   COMPRESSED   0x00000008   Data   RW         2020    .data               RTX_CM3.lib(rt_system.o)
    0x1000013c   COMPRESSED   0x00000004   Data   RW         2314    .data               RTX_CM3.lib(rt_time.o)
    0x10000140   COMPRESSED   0x00000001   Data   RW         2433    .data               RTX_CM3.lib(hal_cm.o)
    0x10000141   COMPRESSED   0x00000003   PAD
    0x10000144   COMPRESSED   0x00000008   Data   RW         2547    .data               RTX_CM3.lib(rt_robin.o)
    0x1000014c   COMPRESSED   0x00000004   Data   RW         2913    .data               mc_w.l(errno.o)
    0x10000150        -       0x0000003f   Zero   RW            5    .bss                http_server.o
    0x1000018f        -       0x00000015   Zero   RW            6    .bss                http_server.o
    0x100001a4        -       0x00000200   Zero   RW          225    .bss                lcd.o
    0x100003a4        -       0x00000050   Zero   RW          315    .bss                rtc.o
    0x100003f4        -       0x0000002c   Zero   RW          357    .bss                sntp.o
    0x10000420        -       0x0000000a   Zero   RW          447    .bss                thread.o
    0x1000042a   COMPRESSED   0x00000002   PAD
    0x1000042c        -       0x00000018   Zero   RW          448    .bss                thread.o
    0x10000444        -       0x00000020   Zero   RW          562    .bss                rtx_conf_cm.o
    0x10000464        -       0x000001ac   Zero   RW          563    .bss                rtx_conf_cm.o
    0x10000610        -       0x00000860   Zero   RW          564    .bss                rtx_conf_cm.o
    0x10000e70        -       0x00000408   Zero   RW          565    .bss                rtx_conf_cm.o
    0x10001278        -       0x00000084   Zero   RW          566    .bss                rtx_conf_cm.o
    0x100012fc        -       0x00000020   Zero   RW          567    .bss                rtx_conf_cm.o
    0x1000131c        -       0x0000000c   Zero   RW          613    .bss                phy_dp83848c.o
    0x10001328        -       0x00002a74   Zero   RW          635    .bss                emac_lpc17xx.o
    0x10003d9c        -       0x00000024   Zero   RW          678    .bss                i2c_lpc17xx.o
    0x10003dc0        -       0x0000000c   Zero   RW          711    .bss                ssp_lpc17xx.o
    0x10003dcc        -       0x0000001c   Zero   RW          712    .bss                ssp_lpc17xx.o
    0x10003de8        -       0x000000a0   Zero   RW          753    .bss                gpdma_lpc17xx.o
    0x10003e88        -       0x00002ee0   Zero   RW          865    .bss                net_config.o
    0x10006d68        -       0x0000008c   Zero   RW          866    .bss                net_config.o
    0x10006df4        -       0x0000003c   Zero   RW          867    .bss                net_config.o
    0x10006e30        -       0x00000198   Zero   RW          868    .bss                net_config.o
    0x10006fc8        -       0x00000138   Zero   RW          869    .bss                net_config.o
    0x10007100        -       0x00000088   Zero   RW         1546    .bss                Net_CM3_L.lib(net_eth.o)
    0x10007188        -       0x0000000c   Zero   RW         1623    .bss                Net_CM3_L.lib(net_ip.o)
    0x10007194        -       0x00000010   Zero   RW         1648    .bss                Net_CM3_L.lib(net_icmp.o)
    0x100071a4        -       0x00000010   Zero   RW         1874    .bss                Net_CM3_L.lib(net_sntp_client.o)
    0x100071b4        -       0x00000022   Zero   RW         1892    .bss                Net_CM3_L.lib(net_addr4.o)
    0x100071d6   COMPRESSED   0x00000002   PAD
    0x100071d8        -       0x00000054   Zero   RW         1910    .bss                Net_CM3_L.lib(net_sys.o)
    0x1000722c        -       0x00000018   Zero   RW         1911    .bss                Net_CM3_L.lib(net_sys.o)
    0x10007244        -       0x00000034   Zero   RW         1934    .bss                RTX_CM3.lib(rt_task.o)
    0x10007278        -       0x00000030   Zero   RW         2154    .bss                RTX_CM3.lib(rt_list.o)
    0x100072a8        -       0x00000010   Zero   RW         2490    .bss                Net_CM3_L.lib(net_mem.o)
    0x100072b8        -       0x00000014   Zero   RW         2491    .bss                Net_CM3_L.lib(net_mem.o)
    0x100072cc        -       0x0000002c   Zero   RW         2589    .bss                mc_w.l(localtime.o)
    0x100072f8        -       0x00000200   Zero   RW          824    STACK               startup_lpc17xx_1.o


==============================================================================

Image component sizes


      Code (inc. data)   RO Data    RW Data    ZI Data      Debug   Object Name

       244         14          0          4          0      29044   adc.o
      2532        100         76         24      10868      42113   emac_lpc17xx.o
       872         20          0          8        160       5641   gpdma_lpc17xx.o
       124         10          0          0          0       1673   gpio_lpc17xx.o
       404         42         32         48         84      64767   http_server.o
      1808        462        218          8          0      22601   http_server_cgi.o
      2188         58        100          4         36      11733   i2c_lpc17xx.o
      1080         92       2400         20        512       9243   lcd.o
       232          6          8          0          0       2373   leds1768.o
       268         18          0          0          0       2213   lpc17xx_clkpwr.o
       416         10          0          4          0       4110   lpc17xx_iap.o
         2          0          0          0          0        759   lpc17xx_libcfg_default.o
      2192         94          0          0          0       8739   lpc17xx_rtc.o
       110          0        177         22      12920       4480   net_config.o
       460          8         36          0         12       6374   phy_dp83848c.o
       152          6          0          0          0       1472   pin_lpc17xx.o
       552         60          0         24         80      32989   rtc.o
        28          6         88         12       3800       7414   rtx_conf_cm.o
        88         14          0          4         44       1596   sntp.o
      3000         26        124         16         40      17782   ssp_lpc17xx.o
        40         12        204          0        512       1060   startup_lpc17xx_1.o
       412         32          0          4          0       1181   system_lpc17xx_1.o
       548         54         72         45         34       4166   thread.o
        92         10      30742          0          0       1680   web.o

    ----------------------------------------------------------------------
     17844       1154      34328        260      29104     285203   Object Totals
         0          0         32          0          0          0   (incl. Generated)
         0          0         19         13          2          0   (incl. Padding)

    ----------------------------------------------------------------------

      Code (inc. data)   RO Data    RW Data    ZI Data      Debug   Library Member Name

       186         44          8          0         34        224   net_addr4.o
      1696        128          0          8          0       1024   net_arp.o
       324          4          0          0          0        584   net_common.o
      1152        110         28          4        136        792   net_eth.o
      5484       1186        250         12          0       2476   net_http_server.o
         0          0        539          0          0          0   net_http_server_err.o
       436         34          0          0         16        308   net_icmp.o
      1070         88          8          0         12        816   net_ip.o
       460         52          4          0         36        556   net_mem.o
       400         26          8          1          0        184   net_nbns_client.o
       432         56          0          0         16        472   net_sntp_client.o
       224         48          8          0        108        288   net_sys.o
      3932        164        153          4          0       2068   net_tcp.o
       734         40          0          2          0        624   net_udp.o
       238         24          0          1          0       3312   hal_cm.o
       304         36          0          0          0        768   hal_cm3.o
      1966        228          0          8          0      45744   rt_cmsis.o
       272         18          0          0          0       2650   rt_event.o
       566         44          0          0         48       8792   rt_list.o
       554         10          0          0          0       3949   rt_mailbox.o
       140          0          0          0          0       1925   rt_membox.o
       128          0          0          0          0       2307   rt_memory.o
       352         14          0          0          0       2105   rt_mutex.o
        96         22          0          8          0       1158   rt_robin.o
        52          4          0          0          0        573   rt_semaphore.o
       334         64          0          8          0       7091   rt_system.o
      1264        184          0          8         52      10147   rt_task.o
         6          0          0          4          0        652   rt_time.o
         4          4          0          0          0        208   svc_table.o
        42          0          0          0          0         84   atof.o
        56          8          0          0          0         84   __0sscanf.o
        86          0          0          0          0          0   __dczerorl2.o
        28          0          0          0          0         68   _chval.o
       816          6          0          0          0        112   _scanf.o
       332          0          0          0          0         96   _scanf_int.o
        64          0          0          0          0         84   _sgetc.o
       158          0          0          0          0         92   _strtoul.o
        26          0          0          0          0         80   atoi.o
         8          4        133          0          0         68   ctype_o.o
         0          0          0          0          0          0   entry.o
         0          0          0          0          0          0   entry10a.o
         0          0          0          0          0          0   entry11a.o
         4          0          0          0          0          0   entry12b.o
         8          4          0          0          0          0   entry2.o
         4          0          0          0          0          0   entry5.o
         0          0          0          0          0          0   entry7b.o
         0          0          0          0          0          0   entry8b.o
        32         16          0          4          0        204   errno.o
        30          0          0          0          0          0   handlers.o
        36          8          0          0          0         68   init.o
        18          0          0          0          0         76   isspace_o.o
         0          0          0          0          0          0   iusefp.o
        30          0          0          0          0         68   llshl.o
        36          0          0          0          0         68   llsshr.o
        32          0          0          0          0         68   llushr.o
       148         10         12          0         44         76   localtime.o
        26          0          0          0          0         80   memcmp.o
        36          0          0          0          0         68   memcpya.o
        36          0          0          0          0        108   memseta.o
      2236         86          0          0          0        532   printfa.o
        40          8          0          0          0         84   scanf_char.o
       878         12          0          0          0        216   scanf_fp.o
        28          0          0          0          0         76   strcmp.o
        18          0          0          0          0         68   strcpy.o
        14          0          0          0          0         68   strlen.o
        30          0          0          0          0         80   strncmp.o
       156         12          0          0          0        120   strtod.o
       112          0          0          0          0         88   strtol.o
        44          0          0          0          0         80   uidiv.o
        98          0          0          0          0         92   uldiv.o
        48          0          0          0          0         68   cdrcmple.o
        56          0          0          0          0         88   d2f.o
       334          0          0          0          0        148   dadd.o
       222          0          0          0          0        100   ddiv.o
       186          0          0          0          0        176   depilogue.o
        50          0          0          0          0         76   dfixui.o
        48          0          0          0          0         68   dfixul.o
        24          0          0          0          0         76   dfltul.o
       228          0          0          0          0         96   dmul.o
        38          0          0          0          0         68   f2d.o
       110          0          0          0          0        168   fepilogue.o
        10          0          0          0          0         68   ffltui.o
       100          0          0          0          0         76   fmul.o
        24          0          0          0          0         68   fscalb.o

    ----------------------------------------------------------------------
     30092       2806       1160         76        504     106297   Library Totals
        62          0          9          4          2          0   (incl. Padding)

    ----------------------------------------------------------------------

      Code (inc. data)   RO Data    RW Data    ZI Data      Debug   Library Name

     16530       1980       1006         31        358      10416   Net_CM3_L.lib
      6276        652          0         37        100      91381   RTX_CM3.lib
        42          0          0          0          0         84   m_ws.l
      5704        174        145          4         44       3072   mc_w.l
      1478          0          0          0          0       1344   mf_w.l

    ----------------------------------------------------------------------
     30092       2806       1160         76        504     106297   Library Totals

    ----------------------------------------------------------------------

==============================================================================


      Code (inc. data)   RO Data    RW Data    ZI Data      Debug   

     47936       3960      35488        336      29608     374780   Grand Totals
     47936       3960      35488         84      29608     374780   ELF Image Totals (compressed)
     47936       3960      35488         84          0          0   ROM Totals

==============================================================================

    Total RO  Size (Code + RO Data)                83424 (  81.47kB)
    Total RW  Size (RW Data + ZI Data)             29944 (  29.24kB)
    Total ROM Size (Code + RO Data + RW Data)      83508 (  81.55kB)

==============================================================================

