Component: ARM Compiler 5.06 update 7 (build 960) Tool: armlink [4d3601]

==============================================================================

Section Cross References

    http_server.o(.text) refers to adc.o(.text) for ADC_StartConversion_lpc1768
    http_server.o(.text) refers to printfa.o(i.__0sprintf) for __2sprintf
    http_server.o(.text) refers to net_addr4.o(i.ip4_ntoa) for ip4_ntoa
    http_server.o(.text) refers to lcd.o(.text) for limpiardisplay
    http_server.o(.text) refers to rt_cmsis.o(i.osDelay) for osDelay
    http_server.o(.text) refers to leds1768.o(.text) for LED_SetOut_lpc1768
    http_server.o(.text) refers to rt_cmsis.o(i.osKernelInitialize) for osKernelInitialize
    http_server.o(.text) refers to net_sys.o(i.net_initialize) for net_initialize
    http_server.o(.text) refers to rtc.o(.text) for c_entry
    http_server.o(.text) refers to thread.o(.text) for Init_Thread
    http_server.o(.text) refers to rt_cmsis.o(i.osThreadCreate) for osThreadCreate
    http_server.o(.text) refers to rt_cmsis.o(i.osKernelStart) for osKernelStart
    http_server.o(.text) refers to net_sys.o(i.net_main) for net_main
    http_server.o(.text) refers to rt_cmsis.o(i.osThreadYield) for osThreadYield
    http_server.o(.text) refers to http_server.o(.bss) for .bss
    http_server.o(.text) refers to http_server.o(.data) for .data
    http_server.o(.text) refers to http_server.o(.constdata) for .constdata
    http_server.o(.constdata) refers to http_server.o(.text) for BlinkLed
    http_server_cgi.o(.text) refers to net_http_server.o(i.http_get_env_var) for http_get_env_var
    http_server_cgi.o(.text) refers to strncmp.o(.text) for strncmp
    http_server_cgi.o(.text) refers to net_addr4.o(i.ip4_aton) for ip4_aton
    http_server_cgi.o(.text) refers to strcmp.o(.text) for strcmp
    http_server_cgi.o(.text) refers to strcpy.o(.text) for strcpy
    http_server_cgi.o(.text) refers to leds1768.o(.text) for LED_SetOut_lpc1768
    http_server_cgi.o(.text) refers to net_addr4.o(i.ip4_ntoa) for ip4_ntoa
    http_server_cgi.o(.text) refers to printfa.o(i.__0sprintf) for __2sprintf
    http_server_cgi.o(.text) refers to net_tcp.o(i.tcp_ntoa) for tcp_ntoa
    http_server_cgi.o(.text) refers to net_http_server.o(i.http_server_get_lang) for http_server_get_lang
    http_server_cgi.o(.text) refers to http_server.o(.text) for AD_in
    http_server_cgi.o(.text) refers to ffltui.o(.text) for __aeabi_ui2f
    http_server_cgi.o(.text) refers to fmul.o(.text) for __aeabi_fmul
    http_server_cgi.o(.text) refers to fscalb.o(.text) for __ARM_scalbnf
    http_server_cgi.o(.text) refers to f2d.o(.text) for __aeabi_f2d
    http_server_cgi.o(.text) refers to net_sys.o(.bss) for localm
    http_server_cgi.o(.text) refers to http_server_cgi.o(.data) for .data
    http_server_cgi.o(.text) refers to http_server.o(.data) for LEDrun
    http_server_cgi.o(.text) refers to net_config.o(.constdata) for http_config
    http_server_cgi.o(.text) refers to http_server.o(.bss) for lcd_text
    http_server_cgi.o(.text) refers to net_config.o(.constdata) for tcp_config
    http_server_cgi.o(.text) refers to http_server_cgi.o(.conststring) for .conststring
    web.o(.text) refers to web.o(.constdata) for .constdata
    web.o(.constdata) refers to web.o(.constdata) for imageFileData
    leds1768.o(.text) refers to gpio_lpc17xx.o(.text) for GPIO_PortClock
    leds1768.o(.text) refers to pin_lpc17xx.o(.text) for PIN_Configure
    leds1768.o(.text) refers to leds1768.o(.constdata) for .constdata
    lcd.o(.text) refers to pin_lpc17xx.o(.text) for PIN_Configure
    lcd.o(.text) refers to gpio_lpc17xx.o(.text) for GPIO_SetDir
    lcd.o(.text) refers to memseta.o(.text) for __aeabi_memclr
    lcd.o(.text) refers to strlen.o(.text) for strlen
    lcd.o(.text) refers to printfa.o(i.__0sprintf) for __2sprintf
    lcd.o(.text) refers to f2d.o(.text) for __aeabi_f2d
    lcd.o(.text) refers to lcd.o(.data) for .data
    lcd.o(.text) refers to lcd.o(.bss) for .bss
    lcd.o(.text) refers to lcd.o(.constdata) for .constdata
    lcd.o(.data) refers to ssp_lpc17xx.o(.constdata) for Driver_SPI1
    adc.o(.text) refers to pin_lpc17xx.o(.text) for PIN_Configure
    adc.o(.text) refers to adc.o(.data) for .data
    thread.o(.text) refers to rt_cmsis.o(i.osThreadCreate) for osThreadCreate
    thread.o(.text) refers to gpio_lpc17xx.o(.text) for GPIO_PinWrite
    thread.o(.text) refers to rt_cmsis.o(i.osSignalWait) for osSignalWait
    thread.o(.text) refers to rtc.o(.text) for RTC_getTime_Date
    thread.o(.text) refers to rt_cmsis.o(i.osDelay) for osDelay
    thread.o(.text) refers to thread.o(.constdata) for .constdata
    thread.o(.text) refers to thread.o(.data) for .data
    thread.o(.constdata) refers to thread.o(.text) for ThreadLCD
    thread.o(.constdata) refers to thread.o(.text) for parpadeoLED4
    thread.o(.constdata) refers to thread.o(.bss) for os_timer_cb_parpLed4
    rtc.o(.text) refers to lpc17xx_rtc.o(.text) for RTC_GetTime
[...]
    SSPx_GPDMA_Tx_SignalEvent                0x00003093   Thumb Code    12  ssp_lpc17xx.o(.text)
    SSPx_GPDMA_Rx_SignalEvent                0x0000309f   Thumb Code    30  ssp_lpc17xx.o(.text)
    SSP1_GPDMA_Tx_SignalEvent                0x000031ed   Thumb Code     4  ssp_lpc17xx.o(.text)
    SSP1_GPDMA_Rx_SignalEvent                0x000031f1   Thumb Code     4  ssp_lpc17xx.o(.text)
    SSP1_IRQHandler                          0x000031f5   Thumb Code     4  ssp_lpc17xx.o(.text)
    GPDMA_Initialize                         0x0000327d   Thumb Code    98  gpdma_lpc17xx.o(.text)
    GPDMA_Uninitialize                       0x000032df   Thumb Code    64  gpdma_lpc17xx.o(.text)
    GPDMA_PeripheralSelect                   0x0000331f   Thumb Code    48  gpdma_lpc17xx.o(.text)
    GPDMA_ChannelConfigure                   0x0000334f   Thumb Code   186  gpdma_lpc17xx.o(.text)
    GPDMA_ChannelEnable                      0x00003409   Thumb Code    46  gpdma_lpc17xx.o(.text)
    GPDMA_ChannelDisable                     0x00003437   Thumb Code    40  gpdma_lpc17xx.o(.text)
    GPDMA_ChannelGetStatus                   0x0000345f   Thumb Code    24  gpdma_lpc17xx.o(.text)
    GPDMA_ChannelGetCount                    0x00003477   Thumb Code    38  gpdma_lpc17xx.o(.text)
    DMA_IRQHandler                           0x0000349d   Thumb Code   220  gpdma_lpc17xx.o(.text)
    GPIO_PortClock                           0x000035e5   Thumb Code    24  gpio_lpc17xx.o(.text)
    GPIO_SetDir                              0x000035fd   Thumb Code    26  gpio_lpc17xx.o(.text)
    GPIO_PinWrite                            0x00003617   Thumb Code    20  gpio_lpc17xx.o(.text)
    GPIO_PinRead                             0x0000362b   Thumb Code    20  gpio_lpc17xx.o(.text)
    GPIO_PortWrite                           0x0000363f   Thumb Code    14  gpio_lpc17xx.o(.text)
    GPIO_PortRead                            0x0000364d   Thumb Code    10  gpio_lpc17xx.o(.text)
    PIN_Configure                            0x00003661   Thumb Code   100  pin_lpc17xx.o(.text)
    PIN_ConfigureTPIU                        0x000036c5   Thumb Code    24  pin_lpc17xx.o(.text)
    PIN_ConfigureI2C0Pins                    0x000036dd   Thumb Code    22  pin_lpc17xx.o(.text)
    SystemCoreClockUpdate                    0x000036f9   Thumb Code   184  system_lpc17xx_1.o(.text)
    SystemInit                               0x000037b1   Thumb Code   196  system_lpc17xx_1.o(.text)
    net_sys_init                             0x00003895   Thumb Code    38  net_config.o(.text)
    net_sys_run                              0x000038bb   Thumb Code    26  net_config.o(.text)
    igmp_is_member                           0x000038d5   Thumb Code     4  net_config.o(.text)
    igmp_process                             0x000038d9   Thumb Code     2  net_config.o(.text)
    dhcp_disable                             0x000038db   Thumb Code     4  net_config.o(.text)
    ppp_send_frame                           0x000038df   Thumb Code     4  net_config.o(.text)
    slip_send_frame                          0x000038e3   Thumb Code     4  net_config.o(.text)
    sntp_get_time                            0x000038e7   Thumb Code     4  net_config.o(.text)
    http_server_fopen                        0x000038eb   Thumb Code     4  net_config.o(.text)
    http_server_fclose                       0x000038ef   Thumb Code     2  net_config.o(.text)
    http_server_fread                        0x000038f1   Thumb Code     4  net_config.o(.text)
    http_server_fgets                        0x000038f5   Thumb Code     4  net_config.o(.text)
    http_server_ftime                        0x000038f9   Thumb Code     4  net_config.o(.text)
    net_sys_error                            0x000038fd   Thumb Code     2  net_config.o(.text)
    __aeabi_uldivmod                         0x000038ff   Thumb Code    98  uldiv.o(.text)
    strlen                                   0x00003961   Thumb Code    14  strlen.o(.text)
    strcmp                                   0x0000396f   Thumb Code    28  strcmp.o(.text)
    memcmp                                   0x0000398b   Thumb Code    26  memcmp.o(.text)
    strcpy                                   0x000039a5   Thumb Code    18  strcpy.o(.text)
    strncmp                                  0x000039b7   Thumb Code    30  strncmp.o(.text)
    __0sscanf                                0x000039d5   Thumb Code    48  __0sscanf.o(.text)
    _scanf_int                               0x00003a0d   Thumb Code   332  _scanf_int.o(.text)
    atoi                                     0x00003b59   Thumb Code    26  atoi.o(.text)
    __aeabi_fmul                             0x00003b73   Thumb Code   100  fmul.o(.text)
    __ARM_scalbnf                            0x00003bd7   Thumb Code    24  fscalb.o(.text)
    scalbnf                                  0x00003bd7   Thumb Code     0  fscalb.o(.text)
    __aeabi_ui2f                             0x00003bef   Thumb Code    10  ffltui.o(.text)
    __aeabi_f2d                              0x00003bf9   Thumb Code    38  f2d.o(.text)
    __aeabi_uidiv                            0x00003c1f   Thumb Code     0  uidiv.o(.text)
    __aeabi_uidivmod                         0x00003c1f   Thumb Code    44  uidiv.o(.text)
    __aeabi_llsl                             0x00003c4b   Thumb Code    30  llshl.o(.text)
    _ll_shift_l                              0x00003c4b   Thumb Code     0  llshl.o(.text)
    __aeabi_llsr                             0x00003c69   Thumb Code    32  llushr.o(.text)
    _ll_ushift_r                             0x00003c69   Thumb Code     0  llushr.o(.text)
    _chval                                   0x00003c89   Thumb Code    28  _chval.o(.text)
    __vfscanf_char                           0x00003cb1   Thumb Code    20  scanf_char.o(.text)
    _sgetc                                   0x00003ccd   Thumb Code    30  _sgetc.o(.text)
    _sbackspace                              0x00003ceb   Thumb Code    34  _sgetc.o(.text)
    strtol                                   0x00003d0d   Thumb Code   112  strtol.o(.text)
    _float_round                             0x00003d7d   Thumb Code    18  fepilogue.o(.text)
    _float_epilogue                          0x00003d8f   Thumb Code    92  fepilogue.o(.text)
    __aeabi_dadd                             0x00003deb   Thumb Code   322  dadd.o(.text)
    __aeabi_dsub                             0x00003f2d   Thumb Code     6  dadd.o(.text)
    __aeabi_drsub                            0x00003f33   Thumb Code     6  dadd.o(.text)
    __aeabi_dmul                             0x00003f39   Thumb Code   228  dmul.o(.text)
    __aeabi_ddiv                             0x0000401d   Thumb Code   222  ddiv.o(.text)
    __aeabi_d2ulz                            0x000040fb   Thumb Code    48  dfixul.o(.text)
    __aeabi_cdrcmple                         0x0000412d   Thumb Code    48  cdrcmple.o(.text)
    __scatterload                            0x0000415d   Thumb Code    28  init.o(.text)
    __scatterload_rt2                        0x0000415d   Thumb Code     0  init.o(.text)
    __aeabi_lasr                             0x00004181   Thumb Code    36  llsshr.o(.text)
    _ll_sshift_r                             0x00004181   Thumb Code     0  llsshr.o(.text)
    isspace                                  0x000041a5   Thumb Code    18  isspace_o.o(.text)
    __vfscanf                                0x000041b9   Thumb Code   810  _scanf.o(.text)
    _strtoul                                 0x000044e9   Thumb Code   158  _strtoul.o(.text)
    _double_round                            0x00004587   Thumb Code    30  depilogue.o(.text)
    _double_epilogue                         0x000045a5   Thumb Code   156  depilogue.o(.text)
    SVC_Count                                0x00004640   Data           4  svc_table.o(SVC_TABLE)
    SVC_Table                                0x00004644   Data           0  svc_table.o(SVC_TABLE)
    __0sprintf                               0x00004645   Thumb Code    34  printfa.o(i.__0sprintf)
    __1sprintf                               0x00004645   Thumb Code     0  printfa.o(i.__0sprintf)
    __2sprintf                               0x00004645   Thumb Code     0  printfa.o(i.__0sprintf)
    __c89sprintf                             0x00004645   Thumb Code     0  printfa.o(i.__0sprintf)
    sprintf                                  0x00004645   Thumb Code     0  printfa.o(i.__0sprintf)
    __aeabi_errno_addr                       0x0000466d   Thumb Code     4  errno.o(i.__aeabi_errno_addr)
    __rt_errno_addr                          0x0000466d   Thumb Code     0  errno.o(i.__aeabi_errno_addr)
    __scatterload_copy                       0x00004675   Thumb Code    14  handlers.o(i.__scatterload_copy)
    __scatterload_null                       0x00004683   Thumb Code     2  handlers.o(i.__scatterload_null)
    __scatterload_zeroinit                   0x00004685   Thumb Code    14  handlers.o(i.__scatterload_zeroinit)
    _init_box                                0x00004819   Thumb Code    70  rt_membox.o(i._init_box)
    arp_cache_add                            0x00004fa5   Thumb Code   156  net_arp.o(i.arp_cache_add)
    arp_cache_early                          0x000050d1   Thumb Code   128  net_arp.o(i.arp_cache_early)
    arp_cache_find                           0x00005159   Thumb Code   148  net_arp.o(i.arp_cache_find)
    arp_cache_update                         0x000051f9   Thumb Code   212  net_arp.o(i.arp_cache_update)
    arp_init                                 0x000052dd   Thumb Code    38  net_arp.o(i.arp_init)
    arp_notify                               0x00005349   Thumb Code    26  net_arp.o(i.arp_notify)
    arp_process                              0x000053e5   Thumb Code   276  net_arp.o(i.arp_process)
    b64_to_asc                               0x00005645   Thumb Code   122  net_common.o(i.b64_to_asc)
    cgi_content_type                         0x000056bf   Thumb Code     4  net_http_server.o(i.cgi_content_type)
    cgx_content_type                         0x000056c3   Thumb Code     4  net_http_server.o(i.cgx_content_type)
    chksum16                                 0x00005839   Thumb Code    50  net_common.o(i.chksum16)
    dbg_init                                 0x000058b1   Thumb Code    34  hal_cm.o(i.dbg_init)
    dbg_task_notify                          0x000058e1   Thumb Code    32  hal_cm.o(i.dbg_task_notify)
    dbg_task_switch                          0x00005901   Thumb Code    16  hal_cm.o(i.dbg_task_switch)
    eth_chk_addr                             0x000059f9   Thumb Code    28  net_eth.o(i.eth_chk_addr)
    eth_init_link                            0x00005a89   Thumb Code   222  net_eth.o(i.eth_init_link)
    eth_link_notify                          0x00005b81   Thumb Code     2  net_eth.o(i.eth_link_notify)
    eth_output                               0x00005b99   Thumb Code    86  net_eth.o(i.eth_output)
    eth_run_link                             0x00005bfd   Thumb Code   210  net_eth.o(i.eth_run_link)
    eth_send_frame                           0x00005ce1   Thumb Code   146  net_eth.o(i.eth_send_frame)
    eth_thread                               0x00005d85   Thumb Code    14  net_eth.o(i.eth_thread)
    get_rnd32                                0x00005e0d   Thumb Code    18  net_sys.o(i.get_rnd32)
    http_accept_client                       0x00005e3b   Thumb Code     4  net_http_server.o(i.http_accept_client)
    http_check_account                       0x00006151   Thumb Code     4  net_http_server.o(i.http_check_account)
    http_encoding                            0x00006155   Thumb Code     4  net_http_server.o(i.http_encoding)
    http_file_access                         0x000062d1   Thumb Code     4  net_http_server.o(i.http_file_access)
    http_get_env_var                         0x000062d5   Thumb Code   104  net_http_server.o(i.http_get_env_var)
    http_server_get_lang                     0x00006ad5   Thumb Code    28  net_http_server.o(i.http_server_get_lang)
    http_server_init                         0x00006af9   Thumb Code    82  net_http_server.o(i.http_server_init)
    http_server_run                          0x00006b55   Thumb Code   808  net_http_server.o(i.http_server_run)
    icmp_process                             0x00006f4d   Thumb Code   210  net_icmp.o(i.icmp_process)
    icmp_service_init                        0x000070a9   Thumb Code    10  net_icmp.o(i.icmp_service_init)
    icmp_service_run                         0x000070b9   Thumb Code    58  net_icmp.o(i.icmp_service_run)
    ip4_aton                                 0x00007101   Thumb Code    82  net_addr4.o(i.ip4_aton)
    ip4_checksum                             0x00007169   Thumb Code    76  net_ip.o(i.ip4_checksum)
    ip4_ntoa                                 0x000071b5   Thumb Code    34  net_addr4.o(i.ip4_ntoa)
    ip_chk_frame                             0x000071ed   Thumb Code   196  net_ip.o(i.ip_chk_frame)
    ip_get_locadr                            0x000072c9   Thumb Code    54  net_ip.o(i.ip_get_locadr)
    ip_localhost_init                        0x00007389   Thumb Code    68  net_ip.o(i.ip_localhost_init)
    ip_localhost_run                         0x000073d9   Thumb Code    86  net_ip.o(i.ip_localhost_run)
    ip_send_frame                            0x00007439   Thumb Code   312  net_ip.o(i.ip_send_frame)
    ip_tx_offload                            0x00007579   Thumb Code    40  net_ip.o(i.ip_tx_offload)
    is_subnet                                0x000075a9   Thumb Code    26  net_addr4.o(i.is_subnet)
    is_subnet_bcast                          0x000075c5   Thumb Code    34  net_ip.o(i.is_subnet_bcast)
    isrMessageGet                            0x000075ed   Thumb Code    42  rt_cmsis.o(i.isrMessageGet)
    isrMessagePut                            0x00007617   Thumb Code    44  rt_cmsis.o(i.isrMessagePut)
    isrSignalSet                             0x00007643   Thumb Code    36  rt_cmsis.o(i.isrSignalSet)
    isr_evt_set                              0x00007669   Thumb Code    34  rt_event.o(i.isr_evt_set)
    isr_mbx_receive                          0x00007691   Thumb Code    86  rt_mailbox.o(i.isr_mbx_receive)
    isr_mbx_send                             0x000076e7   Thumb Code    14  rt_mailbox.o(i.isr_mbx_send)
    mem_alloc                                0x000076f5   Thumb Code   130  net_mem.o(i.mem_alloc)
    mem_avail                                0x00007781   Thumb Code    22  net_mem.o(i.mem_avail)
    mem_crc32                                0x0000779d   Thumb Code    32  net_common.o(i.mem_crc32)
    mem_free                                 0x000077bd   Thumb Code   100  net_mem.o(i.mem_free)
    mem_init                                 0x00007829   Thumb Code    86  net_mem.o(i.mem_init)
    mem_resize                               0x0000789d   Thumb Code    50  net_mem.o(i.mem_resize)
    nbns_client_init                         0x000078e1   Thumb Code    40  net_nbns_client.o(i.nbns_client_init)
    net_initialize                           0x00007a71   Thumb Code    58  net_sys.o(i.net_initialize)
    net_main                                 0x00007abd   Thumb Code    86  net_sys.o(i.net_main)
    osDelay                                  0x00007b35   Thumb Code    18  rt_cmsis.o(i.osDelay)
    osKernelInitialize                       0x00007b4d   Thumb Code    30  rt_cmsis.o(i.osKernelInitialize)
    osKernelStart                            0x00007b71   Thumb Code    98  rt_cmsis.o(i.osKernelStart)
    osKernelSysTick                          0x00007bdd   Thumb Code    18  rt_cmsis.o(i.osKernelSysTick)
    osMessageGet                             0x00007bf5   Thumb Code    18  rt_cmsis.o(i.osMessageGet)
    osMutexCreate                            0x00007c0d   Thumb Code    36  rt_cmsis.o(i.osMutexCreate)
    osMutexRelease                           0x00007c39   Thumb Code    18  rt_cmsis.o(i.osMutexRelease)
    osMutexWait                              0x00007c51   Thumb Code    18  rt_cmsis.o(i.osMutexWait)
    osSignalSet                              0x00007c69   Thumb Code    18  rt_cmsis.o(i.osSignalSet)
    osSignalWait                             0x00007c81   Thumb Code    18  rt_cmsis.o(i.osSignalWait)
    osThreadCreate                           0x00007c99   Thumb Code    36  rt_cmsis.o(i.osThreadCreate)
    osThreadExit                             0x00007cc5   Thumb Code    14  rt_cmsis.o(i.osThreadExit)
    osThreadYield                            0x00007cdd   Thumb Code    18  rt_cmsis.o(i.osThreadYield)
    osTimerCall                              0x00007cf5   Thumb Code     8  rt_cmsis.o(i.osTimerCall)
    osTimerCreate                            0x00007d01   Thumb Code    36  rt_cmsis.o(i.osTimerCreate)
    osTimerStart                             0x00007d2d   Thumb Code    18  rt_cmsis.o(i.osTimerStart)
    osTimerThread                            0x00007d45   Thumb Code    38  rt_cmsis.o(i.osTimerThread)
    os_tick_init                             0x00007d71   Thumb Code    32  rt_system.o(i.os_tick_init)
    os_tick_irqack                           0x00007d99   Thumb Code     2  rt_system.o(i.os_tick_irqack)
    os_tick_ovf                              0x00007d9d   Thumb Code    10  rt_system.o(i.os_tick_ovf)
    os_tick_val                              0x00007dad   Thumb Code    14  rt_system.o(i.os_tick_val)
    rt_alloc_box                             0x00007e89   Thumb Code    26  rt_membox.o(i.rt_alloc_box)
    rt_alloc_mem                             0x00007ea3   Thumb Code    62  rt_memory.o(i.rt_alloc_mem)
    rt_block                                 0x00007ee1   Thumb Code    48  rt_task.o(i.rt_block)
    rt_chk_robin                             0x00007f19   Thumb Code    60  rt_robin.o(i.rt_chk_robin)
    rt_dec_dly                               0x00007f61   Thumb Code   102  rt_list.o(i.rt_dec_dly)
    rt_dispatch                              0x00007fd1   Thumb Code    60  rt_task.o(i.rt_dispatch)
    rt_dly_wait                              0x00008015   Thumb Code     6  rt_time.o(i.rt_dly_wait)
    rt_evt_psh                               0x0000801d   Thumb Code    76  rt_event.o(i.rt_evt_psh)
    rt_evt_set                               0x0000806d   Thumb Code    88  rt_event.o(i.rt_evt_set)
    rt_evt_wait                              0x000080c9   Thumb Code    56  rt_event.o(i.rt_evt_wait)
    rt_free_box                              0x00008105   Thumb Code    44  rt_membox.o(i.rt_free_box)
    rt_free_mem                              0x00008131   Thumb Code    40  rt_memory.o(i.rt_free_mem)
    rt_get_first                             0x00008159   Thumb Code    40  rt_list.o(i.rt_get_first)
    rt_get_same_rdy_prio                     0x00008181   Thumb Code    26  rt_list.o(i.rt_get_same_rdy_prio)
    rt_init_mem                              0x000081f5   Thumb Code    26  rt_memory.o(i.rt_init_mem)
    rt_init_robin                            0x00008211   Thumb Code    14  rt_robin.o(i.rt_init_robin)
    rt_init_stack                            0x00008229   Thumb Code   118  hal_cm.o(i.rt_init_stack)
    rt_mbx_check                             0x000082a9   Thumb Code     8  rt_mailbox.o(i.rt_mbx_check)
    rt_mbx_init                              0x000082b1   Thumb Code    26  rt_mailbox.o(i.rt_mbx_init)
    rt_mbx_psh                               0x000082cd   Thumb Code   236  rt_mailbox.o(i.rt_mbx_psh)
    rt_mbx_wait                              0x000083bd   Thumb Code   174  rt_mailbox.o(i.rt_mbx_wait)
    rt_mut_init                              0x000084b5   Thumb Code    16  rt_mutex.o(i.rt_mut_init)
    rt_mut_release                           0x000084c5   Thumb Code   208  rt_mutex.o(i.rt_mut_release)
    rt_mut_wait                              0x0000859d   Thumb Code   114  rt_mutex.o(i.rt_mut_wait)
    rt_pop_req                               0x00008615   Thumb Code   112  rt_system.o(i.rt_pop_req)
    rt_psh_req                               0x00008691   Thumb Code    22  rt_system.o(i.rt_psh_req)
    rt_psq_enq                               0x000086b1   Thumb Code    88  rt_list.o(i.rt_psq_enq)
    rt_put_dly                               0x0000870d   Thumb Code    68  rt_list.o(i.rt_put_dly)
    rt_put_prio                              0x00008755   Thumb Code    54  rt_list.o(i.rt_put_prio)
    rt_put_rdy_first                         0x0000878d   Thumb Code    14  rt_list.o(i.rt_put_rdy_first)
    rt_resort_prio                           0x000087a1   Thumb Code    46  rt_list.o(i.rt_resort_prio)
    rt_ret_val                               0x000087d5   Thumb Code     6  hal_cm.o(i.rt_ret_val)
    rt_ret_val2                              0x000087db   Thumb Code     8  hal_cm.o(i.rt_ret_val2)
    rt_rmv_dly                               0x000087e3   Thumb Code    40  rt_list.o(i.rt_rmv_dly)
    rt_rmv_list                              0x0000880d   Thumb Code    44  rt_list.o(i.rt_rmv_list)
    rt_sem_psh                               0x0000883d   Thumb Code    48  rt_semaphore.o(i.rt_sem_psh)
    rt_stk_check                             0x00008871   Thumb Code    28  rt_system.o(i.rt_stk_check)
    rt_switch_req                            0x00008895   Thumb Code    30  rt_task.o(i.rt_switch_req)
    rt_sys_init                              0x000088bd   Thumb Code   138  rt_task.o(i.rt_sys_init)
    rt_sys_start                             0x00008989   Thumb Code   110  rt_task.o(i.rt_sys_start)
    rt_systick                               0x00008a01   Thumb Code    50  rt_system.o(i.rt_systick)
    rt_tsk_create                            0x00008ac5   Thumb Code   118  rt_task.o(i.rt_tsk_create)
    rt_tsk_delete                            0x00008b4d   Thumb Code   352  rt_task.o(i.rt_tsk_delete)
    rt_tsk_pass                              0x00008cc9   Thumb Code    38  rt_task.o(i.rt_tsk_pass)
    rt_tsk_prio                              0x00008cf9   Thumb Code   108  rt_task.o(i.rt_tsk_prio)
    rt_tsk_self                              0x00008d75   Thumb Code    12  rt_task.o(i.rt_tsk_self)
    str_copy                                 0x00008dcd   Thumb Code    18  net_common.o(i.str_copy)
    str_pos                                  0x00008ddf   Thumb Code    22  net_common.o(i.str_pos)
    str_scomp                                0x00008df5   Thumb Code    26  net_common.o(i.str_scomp)
    str_up_case                              0x00008e0f   Thumb Code    26  net_common.o(i.str_up_case)
    svcDelay                                 0x00008e29   Thumb Code    18  rt_cmsis.o(i.svcDelay)
    svcKernelInitialize                      0x00008e3d   Thumb Code    80  rt_cmsis.o(i.svcKernelInitialize)
    svcKernelStart                           0x00008ead   Thumb Code    62  rt_cmsis.o(i.svcKernelStart)
    svcKernelSysTick                         0x00008ef5   Thumb Code    46  rt_cmsis.o(i.svcKernelSysTick)
    svcMessageCreate                         0x00008f2d   Thumb Code    36  rt_cmsis.o(i.svcMessageCreate)
    svcMessageGet                            0x00008f51   Thumb Code    58  rt_cmsis.o(i.svcMessageGet)
    svcMutexCreate                           0x00008f8b   Thumb Code    28  rt_cmsis.o(i.svcMutexCreate)
    svcMutexRelease                          0x00008fa7   Thumb Code    34  rt_cmsis.o(i.svcMutexRelease)
    svcMutexWait                             0x00008fc9   Thumb Code    58  rt_cmsis.o(i.svcMutexWait)
    svcSignalSet                             0x00009003   Thumb Code    36  rt_cmsis.o(i.svcSignalSet)
    svcSignalWait                            0x00009029   Thumb Code    80  rt_cmsis.o(i.svcSignalWait)
    svcThreadCreate                          0x0000907d   Thumb Code    96  rt_cmsis.o(i.svcThreadCreate)
    svcThreadGetId                           0x000090e9   Thumb Code    22  rt_cmsis.o(i.svcThreadGetId)
    svcThreadTerminate                       0x00009105   Thumb Code    50  rt_cmsis.o(i.svcThreadTerminate)
    svcThreadYield                           0x0000913d   Thumb Code    10  rt_cmsis.o(i.svcThreadYield)
    svcTimerCall                             0x00009147   Thumb Code    24  rt_cmsis.o(i.svcTimerCall)
    svcTimerCreate                           0x00009161   Thumb Code    52  rt_cmsis.o(i.svcTimerCreate)
    svcTimerStart                            0x00009199   Thumb Code    96  rt_cmsis.o(i.svcTimerStart)
    sysTimerTick                             0x000091fd   Thumb Code    84  rt_cmsis.o(i.sysTimerTick)
    tcp_abort                                0x00009259   Thumb Code    82  net_tcp.o(i.tcp_abort)
    tcp_close                                0x000092b1   Thumb Code   154  net_tcp.o(i.tcp_close)
    tcp_get_buf                              0x00009351   Thumb Code    30  net_tcp.o(i.tcp_get_buf)
    tcp_get_socket                           0x00009371   Thumb Code    76  net_tcp.o(i.tcp_get_socket)
    tcp_get_state                            0x000093c1   Thumb Code    34  net_tcp.o(i.tcp_get_state)
    tcp_listen                               0x000093e9   Thumb Code   102  net_tcp.o(i.tcp_listen)
    tcp_max_data_size                        0x000094d1   Thumb Code    30  net_tcp.o(i.tcp_max_data_size)
    tcp_ntoa                                 0x000094f5   Thumb Code     8  net_tcp.o(i.tcp_ntoa)
    tcp_process                              0x00009679   Thumb Code  1178  net_tcp.o(i.tcp_process)
    tcp_send                                 0x00009bdd   Thumb Code   214  net_tcp.o(i.tcp_send)
    tcp_socket_init                          0x00009df5   Thumb Code    16  net_tcp.o(i.tcp_socket_init)
    tcp_socket_poll                          0x00009e09   Thumb Code   668  net_tcp.o(i.tcp_socket_poll)
    udp_get_buf                              0x0000a1bd   Thumb Code    30  net_udp.o(i.udp_get_buf)
    udp_get_socket                           0x0000a1dd   Thumb Code    68  net_udp.o(i.udp_get_socket)
    udp_open                                 0x0000a225   Thumb Code    98  net_udp.o(i.udp_open)
    udp_process                              0x0000a2bd   Thumb Code   142  net_udp.o(i.udp_process)
    udp_send                                 0x0000a355   Thumb Code   260  net_udp.o(i.udp_send)
    udp_socket_init                          0x0000a45d   Thumb Code    16  net_udp.o(i.udp_socket_init)
    os_thread_def_BlinkLed                   0x0000a560   Data          16  http_server.o(.constdata)
    os_thread_def_Display                    0x0000a570   Data          16  http_server.o(.constdata)
    imageLastModified                        0x0000a580   Data           4  web.o(.constdata)
    LED_PIN_lpc1768                          0x00011300   Data           8  leds1768.o(.constdata)
    Arial12x12                               0x00011308   Data        2400  lcd.o(.constdata)
    os_thread_def_ThreadLCD                  0x00011c68   Data          16  thread.o(.constdata)
    os_thread_def_ThreadLED4                 0x00011c78   Data          16  thread.o(.constdata)
    os_maxtaskrun                            0x00011c88   Data           2  rtx_conf_cm.o(.constdata)
    os_stackinfo                             0x00011c8c   Data           4  rtx_conf_cm.o(.constdata)
    os_rrobin                                0x00011c90   Data           4  rtx_conf_cm.o(.constdata)
    os_tickus_i                              0x00011c94   Data           2  rtx_conf_cm.o(.constdata)
    os_tickus_f                              0x00011c96   Data           2  rtx_conf_cm.o(.constdata)
    os_trv                                   0x00011c98   Data           4  rtx_conf_cm.o(.constdata)
    os_flags                                 0x00011c9c   Data           1  rtx_conf_cm.o(.constdata)
    CMSIS_RTOS_API_Version                   0x00011ca0   Data           4  rtx_conf_cm.o(.constdata)
    CMSIS_RTOS_RTX_Version                   0x00011ca4   Data           4  rtx_conf_cm.o(.constdata)
    os_clockrate                             0x00011ca8   Data           4  rtx_conf_cm.o(.constdata)
    os_timernum                              0x00011cac   Data           4  rtx_conf_cm.o(.constdata)
    os_thread_def_main                       0x00011cb0   Data          16  rtx_conf_cm.o(.constdata)
    mp_tcb_size                              0x00011cc0   Data           2  rtx_conf_cm.o(.constdata)
    mp_stk_size                              0x00011cc4   Data           4  rtx_conf_cm.o(.constdata)
    os_stack_sz                              0x00011cc8   Data           4  rtx_conf_cm.o(.constdata)
    os_fifo_size                             0x00011ccc   Data           1  rtx_conf_cm.o(.constdata)
    os_thread_def_osTimerThread              0x00011cd0   Data          16  rtx_conf_cm.o(.constdata)
    os_messageQ_def_osTimerMessageQ          0x00011ce0   Data           8  rtx_conf_cm.o(.constdata)
    mp_tmr_size                              0x00011ce8   Data           2  rtx_conf_cm.o(.constdata)
    Driver_ETH_PHY0                          0x00011cf0   Data          32  phy_dp83848c.o(.constdata)
    Driver_ETH_MAC0                          0x00011d18   Data          68  emac_lpc17xx.o(.constdata)
    Driver_SPI1                              0x00011dac   Data          44  ssp_lpc17xx.o(.constdata)
    nlocalm                                  0x00011dd8   Data          60  net_config.o(.constdata)
    sys_config                               0x00011e14   Data          16  net_config.o(.constdata)
    eth0_config                              0x00011e24   Data          40  net_config.o(.constdata)
    udp_config                               0x00011e4c   Data           8  net_config.o(.constdata)
    tcp_config                               0x00011e54   Data          24  net_config.o(.constdata)
    http_config                              0x00011e6c   Data          24  net_config.o(.constdata)
    eth_bcast                                0x00011e84   Data           6  net_eth.o(.constdata)
    os_thread_def_eth_thread                 0x00011e90   Data          16  net_eth.o(.constdata)
    ip_bcast                                 0x00011ea0   Data           4  net_ip.o(.constdata)
    net_addr_null                            0x00011fd6   Data           8  net_addr4.o(.constdata)
    os_timer_def_net_tick                    0x00011fe0   Data           8  net_sys.o(.constdata)
    http_error                               0x00011fe8   Data          24  net_http_server_err.o(.constdata)
    os_mutex_def_mem_lock                    0x00012000   Data           4  net_mem.o(.constdata)
    __ctype_table                            0x00012004   Data         129  ctype_o.o(.constdata)
    Region$$Table$$Base                      0x000123dc   Number         0  anon$$obj.o(Region$$Table)
    Region$$Table$$Limit                     0x000123fc   Number         0  anon$$obj.o(Region$$Table)
    __MW_NET_VER                             0x06070007   Number         0  net_version.o ABSOLUTE
    LEDrun                                   0x10000000   Data           1  http_server.o(.data)
    LCDupdate                                0x10000001   Data           1  http_server.o(.data)
    i                                        0x10000004   Data           4  http_server.o(.data)
    posicionL1                               0x10000010   Data           1  lcd.o(.data)
    posicionL2                               0x10000011   Data           1  lcd.o(.data)
    SPIdrv                                   0x10000014   Data           4  lcd.o(.data)
    t                                        0x10000018   Data           4  lcd.o(.data)
    f                                        0x1000001c   Data           4  lcd.o(.data)
    valor                                    0x10000024   Data           4  thread.o(.data)
    tid_ThreadLCD                            0x10000028   Data           4  thread.o(.data)
    tid_ThreadLED4                           0x1000002c   Data           4  thread.o(.data)
    segundos                                 0x10000030   Data           4  rtc.o(.data)
    minutos                                  0x10000034   Data           4  rtc.o(.data)
    horas                                    0x10000038   Data           4  rtc.o(.data)
    dia                                      0x1000003c   Data           4  rtc.o(.data)
    mes                                      0x10000040   Data           4  rtc.o(.data)
    ano                                      0x10000044   Data           4  rtc.o(.data)
    m_tmr                                    0x10000048   Data           4  rtx_conf_cm.o(.data)
    osThreadId_osTimerThread                 0x1000004c   Data           4  rtx_conf_cm.o(.data)
    osMessageQId_osTimerMessageQ             0x10000050   Data           4  rtx_conf_cm.o(.data)
    iap_entry                                0x10000054   Data           4  emac_lpc17xx.o(.data)
    SystemCoreClock                          0x10000084   Data           4  system_lpc17xx_1.o(.data)
    lhost_name                               0x10000088   Data          16  net_config.o(.data)
    os_initialized                           0x100000a0   Data           1  rt_cmsis.o(.data)
    os_running                               0x100000a1   Data           1  rt_cmsis.o(.data)
    os_timer_head                            0x100000a4   Data           4  rt_cmsis.o(.data)
    os_tsk                                   0x100000c8   Data           8  rt_task.o(.data)
    os_tick_irqn                             0x100000d4   Data           4  rt_system.o(.data)
    os_time                                  0x100000d8   Data           4  rt_time.o(.data)
    dbg_msg                                  0x100000dc   Data           1  hal_cm.o(.data)
    os_robin                                 0x100000e0   Data           8  rt_robin.o(.data)
    lcd_text                                 0x100000ec   Data          42  http_server.o(.bss)
    lcd_buf                                  0x10000116   Data          21  http_server.o(.bss)
    buffer                                   0x1000012b   Data         512  lcd.o(.bss)
    tiempo                                   0x1000032b   Data          20  rtc.o(.bss)
    fecha                                    0x1000033f   Data          20  rtc.o(.bss)
    os_messageQ_q_osTimerMessageQ            0x10000354   Data          32  rtx_conf_cm.o(.bss)
    mp_tcb                                   0x10000374   Data         272  rtx_conf_cm.o(.bss)
    mp_stk                                   0x10000488   Data        1232  rtx_conf_cm.o(.bss)
    os_stack_mem                             0x10000958   Data        1032  rtx_conf_cm.o(.bss)
    os_fifo                                  0x10000d60   Data         132  rtx_conf_cm.o(.bss)
    os_active_TCB                            0x10000de4   Data          20  rtx_conf_cm.o(.bss)
    eth_control                              0x10006bbc   Data         136  net_eth.o(.bss)
    localm                                   0x10006c84   Data          60  net_sys.o(.bss)
    sys_control                              0x10006cc0   Data          24  net_sys.o(.bss)
    os_timer_cb_net_tick                     0x10006cd8   Data          24  net_sys.o(.bss)
    os_idle_TCB                              0x10006cf0   Data          52  rt_task.o(.bss)
    os_rdy                                   0x10006d24   Data          24  rt_list.o(.bss)
    os_dly                                   0x10006d3c   Data          24  rt_list.o(.bss)
    __initial_sp                             0x10006f78   Data           0  startup_lpc17xx_1.o(STACK)



==============================================================================

Memory Map of the image

  Image Entry point : 0x000000cd

  Load Region LR_IROM1 (Base: 0x00000000, Size: 0x000124e8, Max: 0x00080000, ABSOLUTE)

    Execution Region ER_IROM1 (Exec base: 0x00000000, Load base: 0x00000000, Size: 0x000123fc, Max: 0x00080000, ABSOLUTE)

    Exec Addr    Load Addr    Size         Type   Attr      Idx    E Section Name        Object

    0x00000000   0x00000000   0x000000cc   Data   RO          633    RESET               startup_lpc17xx_1.o
    0x000000cc   0x000000cc   0x00000000   Code   RO         2366  * .ARM.Collect$$$$00000000  mc_w.l(entry.o)
    0x000000cc   0x000000cc   0x00000004   Code   RO         2662    .ARM.Collect$$$$00000001  mc_w.l(entry2.o)
    0x000000d0   0x000000d0   0x00000004   Code   RO         2665    .ARM.Collect$$$$00000004  mc_w.l(entry5.o)
    0x000000d4   0x000000d4   0x00000000   Code   RO         2667    .ARM.Collect$$$$00000008  mc_w.l(entry7b.o)
    0x000000d4   0x000000d4   0x00000000   Code   RO         2669    .ARM.Collect$$$$0000000A  mc_w.l(entry8b.o)
    0x000000d4   0x000000d4   0x00000004   Code   RO         2675    .ARM.Collect$$$$0000000E  mc_w.l(entry12b.o)
    0x000000d8   0x000000d8   0x00000000   Code   RO         2670    .ARM.Collect$$$$0000000F  mc_w.l(entry10a.o)
    0x000000d8   0x000000d8   0x00000000   Code   RO         2672    .ARM.Collect$$$$00000011  mc_w.l(entry11a.o)
    0x000000d8   0x000000d8   0x00000018   Code   RO          397    .ARM.Collect$$$$000000FF  rtx_conf_cm.o
    0x000000f0   0x000000f0   0x00000004   Code   RO         2663    .ARM.Collect$$$$00002712  mc_w.l(entry2.o)
    0x000000f4   0x000000f4   0x00000130   Code   RO         2353    .emb_text           RTX_CM3.lib(hal_cm3.o)
    0x00000224   0x00000224   0x0000005c   Code   RO           95    .text               web.o
    0x00000280   0x00000280   0x00000002   Code   RO          366    .text               lpc17xx_libcfg_default.o
    0x00000282   0x00000282   0x00000004   Code   RO          398    .text               rtx_conf_cm.o
    0x00000286   0x00000286   0x00000002   PAD
    0x00000288   0x00000288   0x00000024   Code   RO          635    .text               startup_lpc17xx_1.o
    0x000002ac   0x000002ac   0x00000024   Code   RO         2371    .text               mc_w.l(memcpya.o)
    0x000002d0   0x000002d0   0x00000024   Code   RO         2373    .text               mc_w.l(memseta.o)
    0x000002f4   0x000002f4   0x00000000   Code   RO         2700    .text               mc_w.l(iusefp.o)
    0x000002f4   0x000002f4   0x00000008   Code   RO         2720    .text               mc_w.l(ctype_o.o)
    0x000002fc   0x000002fc   0x00000004   Code   RO          634    .ARM.__at_0x02FC    startup_lpc17xx_1.o
    0x00000300   0x00000300   0x00000140   Code   RO            1    .text               http_server.o
    0x00000440   0x00000440   0x00000580   Code   RO           55    .text               http_server_cgi.o
    0x000009c0   0x000009c0   0x000000e8   Code   RO          115    .text               leds1768.o
    0x00000aa8   0x00000aa8   0x000003e4   Code   RO          140    .text               lcd.o
    0x00000e8c   0x00000e8c   0x000000f4   Code   RO          215    .text               adc.o
    0x00000f80   0x00000f80   0x0000009c   Code   RO          247    .text               thread.o
    0x0000101c   0x0000101c   0x000001a4   Code   RO          269    .text               rtc.o
    0x000011c0   0x000011c0   0x00000890   Code   RO          311    .text               lpc17xx_rtc.o
    0x00001a50   0x00001a50   0x0000010c   Code   RO          344    .text               lpc17xx_clkpwr.o
    0x00001b5c   0x00001b5c   0x000001b0   Code   RO          449    .text               phy_dp83848c.o
    0x00001d0c   0x00001d0c   0x000009e4   Code   RO          471    .text               emac_lpc17xx.o
    0x000026f0   0x000026f0   0x00000b8c   Code   RO          517    .text               ssp_lpc17xx.o
    0x0000327c   0x0000327c   0x00000368   Code   RO          559    .text               gpdma_lpc17xx.o
    0x000035e4   0x000035e4   0x0000007c   Code   RO          586    .text               gpio_lpc17xx.o
    0x00003660   0x00003660   0x00000098   Code   RO          610    .text               pin_lpc17xx.o
    0x000036f8   0x000036f8   0x0000019c   Code   RO          644    .text               system_lpc17xx_1.o
    0x00003894   0x00003894   0x0000006a   Code   RO          671    .text               net_config.o
    0x000038fe   0x000038fe   0x00000062   Code   RO         2369    .text               mc_w.l(uldiv.o)
    0x00003960   0x00003960   0x0000000e   Code   RO         2375    .text               mc_w.l(strlen.o)
    0x0000396e   0x0000396e   0x0000001c   Code   RO         2377    .text               mc_w.l(strcmp.o)
    0x0000398a   0x0000398a   0x0000001a   Code   RO         2379    .text               mc_w.l(memcmp.o)
    0x000039a4   0x000039a4   0x00000012   Code   RO         2381    .text               mc_w.l(strcpy.o)
    0x000039b6   0x000039b6   0x0000001e   Code   RO         2383    .text               mc_w.l(strncmp.o)
    0x000039d4   0x000039d4   0x00000038   Code   RO         2648    .text               mc_w.l(__0sscanf.o)
    0x00003a0c   0x00003a0c   0x0000014c   Code   RO         2650    .text               mc_w.l(_scanf_int.o)
    0x00003b58   0x00003b58   0x0000001a   Code   RO         2652    .text               mc_w.l(atoi.o)
    0x00003b72   0x00003b72   0x00000064   Code   RO         2654    .text               mf_w.l(fmul.o)
    0x00003bd6   0x00003bd6   0x00000018   Code   RO         2656    .text               mf_w.l(fscalb.o)
    0x00003bee   0x00003bee   0x0000000a   Code   RO         2658    .text               mf_w.l(ffltui.o)
    0x00003bf8   0x00003bf8   0x00000026   Code   RO         2660    .text               mf_w.l(f2d.o)
    0x00003c1e   0x00003c1e   0x0000002c   Code   RO         2679    .text               mc_w.l(uidiv.o)
    0x00003c4a   0x00003c4a   0x0000001e   Code   RO         2681    .text               mc_w.l(llshl.o)
    0x00003c68   0x00003c68   0x00000020   Code   RO         2683    .text               mc_w.l(llushr.o)
    0x00003c88   0x00003c88   0x0000001c   Code   RO         2692    .text               mc_w.l(_chval.o)
    0x00003ca4   0x00003ca4   0x00000028   Code   RO         2694    .text               mc_w.l(scanf_char.o)
    0x00003ccc   0x00003ccc   0x00000040   Code   RO         2696    .text               mc_w.l(_sgetc.o)
    0x00003d0c   0x00003d0c   0x00000070   Code   RO         2698    .text               mc_w.l(strtol.o)
    0x00003d7c   0x00003d7c   0x0000006e   Code   RO         2701    .text               mf_w.l(fepilogue.o)
    0x00003dea   0x00003dea   0x0000014e   Code   RO         2703    .text               mf_w.l(dadd.o)
    0x00003f38   0x00003f38   0x000000e4   Code   RO         2705    .text               mf_w.l(dmul.o)
    0x0000401c   0x0000401c   0x000000de   Code   RO         2707    .text               mf_w.l(ddiv.o)
    0x000040fa   0x000040fa   0x00000030   Code   RO         2709    .text               mf_w.l(dfixul.o)
    0x0000412a   0x0000412a   0x00000002   PAD
    0x0000412c   0x0000412c   0x00000030   Code   RO         2711    .text               mf_w.l(cdrcmple.o)
    0x0000415c   0x0000415c   0x00000024   Code   RO         2713    .text               mc_w.l(init.o)
    0x00004180   0x00004180   0x00000024   Code   RO         2716    .text               mc_w.l(llsshr.o)
    0x000041a4   0x000041a4   0x00000012   Code   RO         2742    .text               mc_w.l(isspace_o.o)
    0x000041b6   0x000041b6   0x00000002   PAD
    0x000041b8   0x000041b8   0x00000330   Code   RO         2748    .text               mc_w.l(_scanf.o)
    0x000044e8   0x000044e8   0x0000009e   Code   RO         2750    .text               mc_w.l(_strtoul.o)
    0x00004586   0x00004586   0x000000ba   Code   RO         2753    .text               mf_w.l(depilogue.o)
    0x00004640   0x00004640   0x00000004   Code   RO         2363    SVC_TABLE           RTX_CM3.lib(svc_table.o)
    0x00004644   0x00004644   0x00000028   Code   RO         2622    i.__0sprintf        mc_w.l(printfa.o)
    0x0000466c   0x0000466c   0x00000008   Code   RO         2685    i.__aeabi_errno_addr  mc_w.l(errno.o)
    0x00004674   0x00004674   0x0000000e   Code   RO         2759    i.__scatterload_copy  mc_w.l(handlers.o)
    0x00004682   0x00004682   0x00000002   Code   RO         2760    i.__scatterload_null  mc_w.l(handlers.o)
    0x00004684   0x00004684   0x0000000e   Code   RO         2761    i.__scatterload_zeroinit  mc_w.l(handlers.o)
    0x00004692   0x00004692   0x00000002   PAD
    0x00004694   0x00004694   0x00000184   Code   RO         2627    i._fp_digits        mc_w.l(printfa.o)
    0x00004818   0x00004818   0x00000046   Code   RO         2161    i._init_box         RTX_CM3.lib(rt_membox.o)
    0x0000485e   0x0000485e   0x00000002   PAD
    0x00004860   0x00004860   0x000006b4   Code   RO         2628    i._printf_core      mc_w.l(printfa.o)
    0x00004f14   0x00004f14   0x00000024   Code   RO         2629    i._printf_post_padding  mc_w.l(printfa.o)
    0x00004f38   0x00004f38   0x0000002e   Code   RO         2630    i._printf_pre_padding  mc_w.l(printfa.o)
    0x00004f66   0x00004f66   0x0000000a   Code   RO         2632    i._sputc            mc_w.l(printfa.o)
    0x00004f70   0x00004f70   0x00000034   Code   RO         1586    i.add_server_id     Net_CM3_L.lib(net_http_server.o)
    0x00004fa4   0x00004fa4   0x000000a4   Code   RO         1373    i.arp_cache_add     Net_CM3_L.lib(net_arp.o)
    0x00005048   0x00005048   0x00000088   Code   RO         1374    i.arp_cache_alloc   Net_CM3_L.lib(net_arp.o)
    0x000050d0   0x000050d0   0x00000088   Code   RO         1375    i.arp_cache_early   Net_CM3_L.lib(net_arp.o)
    0x00005158   0x00005158   0x000000a0   Code   RO         1376    i.arp_cache_find    Net_CM3_L.lib(net_arp.o)
    0x000051f8   0x000051f8   0x000000e4   Code   RO         1379    i.arp_cache_update  Net_CM3_L.lib(net_arp.o)
    0x000052dc   0x000052dc   0x00000030   Code   RO         1383    i.arp_init          Net_CM3_L.lib(net_arp.o)
    0x0000530c   0x0000530c   0x0000003c   Code   RO         1384    i.arp_is_cacheable  Net_CM3_L.lib(net_arp.o)
    0x00005348   0x00005348   0x00000028   Code   RO         1385    i.arp_notify        Net_CM3_L.lib(net_arp.o)
    0x00005370   0x00005370   0x00000074   Code   RO         1387    i.arp_proc_response  Net_CM3_L.lib(net_arp.o)
    0x000053e4   0x000053e4   0x00000120   Code   RO         1388    i.arp_process       Net_CM3_L.lib(net_arp.o)
    0x00005504   0x00005504   0x00000088   Code   RO         1389    i.arp_send_reply    Net_CM3_L.lib(net_arp.o)
    0x0000558c   0x0000558c   0x000000b8   Code   RO         1390    i.arp_send_request  Net_CM3_L.lib(net_arp.o)
    0x00005644   0x00005644   0x0000007a   Code   RO         2294    i.b64_to_asc        Net_CM3_L.lib(net_common.o)
    0x000056be   0x000056be   0x00000004   Code   RO         1587    i.cgi_content_type  Net_CM3_L.lib(net_http_server.o)
    0x000056c2   0x000056c2   0x00000004   Code   RO         1591    i.cgx_content_type  Net_CM3_L.lib(net_http_server.o)
    0x000056c6   0x000056c6   0x00000002   PAD
    0x000056c8   0x000056c8   0x00000170   Code   RO         1592    i.chk_post_req      Net_CM3_L.lib(net_http_server.o)
    0x00005838   0x00005838   0x00000032   Code   RO         2296    i.chksum16          Net_CM3_L.lib(net_common.o)
    0x0000586a   0x0000586a   0x0000001e   Code   RO         1593    i.cmp_fname_ext     Net_CM3_L.lib(net_http_server.o)
    0x00005888   0x00005888   0x00000028   Code   RO         1594    i.cmp_header        Net_CM3_L.lib(net_http_server.o)
    0x000058b0   0x000058b0   0x00000030   Code   RO         2214    i.dbg_init          RTX_CM3.lib(hal_cm.o)
    0x000058e0   0x000058e0   0x00000020   Code   RO         2215    i.dbg_task_notify   RTX_CM3.lib(hal_cm.o)
    0x00005900   0x00005900   0x00000010   Code   RO         2216    i.dbg_task_switch   RTX_CM3.lib(hal_cm.o)
    0x00005910   0x00005910   0x000000e8   Code   RO         1340    i.eth_check_link    Net_CM3_L.lib(net_eth.o)
    0x000059f8   0x000059f8   0x00000020   Code   RO         1341    i.eth_chk_addr      Net_CM3_L.lib(net_eth.o)
    0x00005a18   0x00005a18   0x00000070   Code   RO         1342    i.eth_fetch_frame   Net_CM3_L.lib(net_eth.o)
    0x00005a88   0x00005a88   0x000000f8   Code   RO         1344    i.eth_init_link     Net_CM3_L.lib(net_eth.o)
    0x00005b80   0x00005b80   0x00000002   Code   RO         1345    i.eth_link_notify   Net_CM3_L.lib(net_eth.o)
    0x00005b82   0x00005b82   0x00000002   PAD
    0x00005b84   0x00005b84   0x00000014   Code   RO         1346    i.eth_notify        Net_CM3_L.lib(net_eth.o)
    0x00005b98   0x00005b98   0x00000064   Code   RO         1347    i.eth_output        Net_CM3_L.lib(net_eth.o)
    0x00005bfc   0x00005bfc   0x000000e4   Code   RO         1348    i.eth_run_link      Net_CM3_L.lib(net_eth.o)
    0x00005ce0   0x00005ce0   0x000000a4   Code   RO         1349    i.eth_send_frame    Net_CM3_L.lib(net_eth.o)
    0x00005d84   0x00005d84   0x0000000e   Code   RO         1351    i.eth_thread        Net_CM3_L.lib(net_eth.o)
    0x00005d92   0x00005d92   0x00000002   PAD
    0x00005d94   0x00005d94   0x0000001c   Code   RO         2298    i.get_crc32         Net_CM3_L.lib(net_common.o)
    0x00005db0   0x00005db0   0x00000028   Code   RO         1595    i.get_next_field    Net_CM3_L.lib(net_http_server.o)
    0x00005dd8   0x00005dd8   0x00000032   Code   RO         1596    i.get_next_par      Net_CM3_L.lib(net_http_server.o)
    0x00005e0a   0x00005e0a   0x00000002   PAD
    0x00005e0c   0x00005e0c   0x0000001c   Code   RO         1693    i.get_rnd32         Net_CM3_L.lib(net_sys.o)
    0x00005e28   0x00005e28   0x00000012   Code   RO         1597    i.hex2byte          Net_CM3_L.lib(net_http_server.o)
    0x00005e3a   0x00005e3a   0x00000004   Code   RO         1598    i.http_accept_client  Net_CM3_L.lib(net_http_server.o)
    0x00005e3e   0x00005e3e   0x00000002   PAD
    0x00005e40   0x00005e40   0x00000310   Code   RO         1599    i.http_add_header   Net_CM3_L.lib(net_http_server.o)
    0x00006150   0x00006150   0x00000004   Code   RO         1600    i.http_check_account  Net_CM3_L.lib(net_http_server.o)
    0x00006154   0x00006154   0x00000004   Code   RO         1601    i.http_encoding     Net_CM3_L.lib(net_http_server.o)
    0x00006158   0x00006158   0x00000178   Code   RO         1602    i.http_error_msg    Net_CM3_L.lib(net_http_server.o)
    0x000062d0   0x000062d0   0x00000004   Code   RO         1603    i.http_file_access  Net_CM3_L.lib(net_http_server.o)
    0x000062d4   0x000062d4   0x0000006c   Code   RO         1604    i.http_get_env_var  Net_CM3_L.lib(net_http_server.o)
    0x00006340   0x00006340   0x00000078   Code   RO         1605    i.http_get_ftype    Net_CM3_L.lib(net_http_server.o)
    0x000063b8   0x000063b8   0x0000005e   Code   RO         1607    i.http_kill_session  Net_CM3_L.lib(net_http_server.o)
    0x00006416   0x00006416   0x00000002   PAD
    0x00006418   0x00006418   0x00000214   Code   RO         1608    i.http_listener     Net_CM3_L.lib(net_http_server.o)
    0x0000662c   0x0000662c   0x000000f0   Code   RO         1609    i.http_open_file    Net_CM3_L.lib(net_http_server.o)
    0x0000671c   0x0000671c   0x0000014c   Code   RO         1610    i.http_proc_header  Net_CM3_L.lib(net_http_server.o)
    0x00006868   0x00006868   0x00000178   Code   RO         1611    i.http_proc_multipart  Net_CM3_L.lib(net_http_server.o)
    0x000069e0   0x000069e0   0x000000f4   Code   RO         1612    i.http_proc_post    Net_CM3_L.lib(net_http_server.o)
    0x00006ad4   0x00006ad4   0x00000024   Code   RO         1615    i.http_server_get_lang  Net_CM3_L.lib(net_http_server.o)
    0x00006af8   0x00006af8   0x0000005c   Code   RO         1617    i.http_server_init  Net_CM3_L.lib(net_http_server.o)
    0x00006b54   0x00006b54   0x00000334   Code   RO         1618    i.http_server_run   Net_CM3_L.lib(net_http_server.o)
    0x00006e88   0x00006e88   0x00000020   Code   RO         1619    i.http_strcpy       Net_CM3_L.lib(net_http_server.o)
    0x00006ea8   0x00006ea8   0x000000a4   Code   RO         1620    i.http_to_utc       Net_CM3_L.lib(net_http_server.o)
    0x00006f4c   0x00006f4c   0x000000dc   Code   RO         1450    i.icmp_process      Net_CM3_L.lib(net_icmp.o)
    0x00007028   0x00007028   0x00000080   Code   RO         1451    i.icmp_send_message  Net_CM3_L.lib(net_icmp.o)
    0x000070a8   0x000070a8   0x00000010   Code   RO         1452    i.icmp_service_init  Net_CM3_L.lib(net_icmp.o)
    0x000070b8   0x000070b8   0x00000048   Code   RO         1453    i.icmp_service_run  Net_CM3_L.lib(net_icmp.o)
    0x00007100   0x00007100   0x00000068   Code   RO         1674    i.ip4_aton          Net_CM3_L.lib(net_addr4.o)
    0x00007168   0x00007168   0x0000004c   Code   RO         1417    i.ip4_checksum      Net_CM3_L.lib(net_ip.o)
    0x000071b4   0x000071b4   0x00000038   Code   RO         1675    i.ip4_ntoa          Net_CM3_L.lib(net_addr4.o)
    0x000071ec   0x000071ec   0x000000d0   Code   RO         1418    i.ip_chk_frame      Net_CM3_L.lib(net_ip.o)
    0x000072bc   0x000072bc   0x0000000a   Code   RO         1420    i.ip_get_chksum     Net_CM3_L.lib(net_ip.o)
    0x000072c6   0x000072c6   0x00000002   PAD
    0x000072c8   0x000072c8   0x00000044   Code   RO         1421    i.ip_get_locadr     Net_CM3_L.lib(net_ip.o)
    0x0000730c   0x0000730c   0x0000007c   Code   RO         1422    i.ip_get_route      Net_CM3_L.lib(net_ip.o)
    0x00007388   0x00007388   0x00000050   Code   RO         1423    i.ip_localhost_init  Net_CM3_L.lib(net_ip.o)
    0x000073d8   0x000073d8   0x00000060   Code   RO         1424    i.ip_localhost_run  Net_CM3_L.lib(net_ip.o)
    0x00007438   0x00007438   0x00000140   Code   RO         1425    i.ip_send_frame     Net_CM3_L.lib(net_ip.o)
    0x00007578   0x00007578   0x00000030   Code   RO         1426    i.ip_tx_offload     Net_CM3_L.lib(net_ip.o)
    0x000075a8   0x000075a8   0x0000001a   Code   RO         1676    i.is_subnet         Net_CM3_L.lib(net_addr4.o)
    0x000075c2   0x000075c2   0x00000002   PAD
    0x000075c4   0x000075c4   0x00000028   Code   RO         1427    i.is_subnet_bcast   Net_CM3_L.lib(net_ip.o)
    0x000075ec   0x000075ec   0x0000002a   Code   RO          718    i.isrMessageGet     RTX_CM3.lib(rt_cmsis.o)
    0x00007616   0x00007616   0x0000002c   Code   RO          719    i.isrMessagePut     RTX_CM3.lib(rt_cmsis.o)
    0x00007642   0x00007642   0x00000024   Code   RO          721    i.isrSignalSet      RTX_CM3.lib(rt_cmsis.o)
    0x00007666   0x00007666   0x00000002   PAD
    0x00007668   0x00007668   0x00000028   Code   RO         1885    i.isr_evt_set       RTX_CM3.lib(rt_event.o)
    0x00007690   0x00007690   0x00000056   Code   RO         2007    i.isr_mbx_receive   RTX_CM3.lib(rt_mailbox.o)
    0x000076e6   0x000076e6   0x0000000e   Code   RO         2008    i.isr_mbx_send      RTX_CM3.lib(rt_mailbox.o)
    0x000076f4   0x000076f4   0x0000008c   Code   RO         2270    i.mem_alloc         Net_CM3_L.lib(net_mem.o)
    0x00007780   0x00007780   0x0000001c   Code   RO         2271    i.mem_avail         Net_CM3_L.lib(net_mem.o)
    0x0000779c   0x0000779c   0x00000020   Code   RO         2299    i.mem_crc32         Net_CM3_L.lib(net_common.o)
    0x000077bc   0x000077bc   0x0000006c   Code   RO         2272    i.mem_free          Net_CM3_L.lib(net_mem.o)
    0x00007828   0x00007828   0x00000064   Code   RO         2273    i.mem_init          Net_CM3_L.lib(net_mem.o)
    0x0000788c   0x0000788c   0x00000010   Code   RO         2274    i.mem_lock          Net_CM3_L.lib(net_mem.o)
    0x0000789c   0x0000789c   0x00000038   Code   RO         2275    i.mem_resize        Net_CM3_L.lib(net_mem.o)
    0x000078d4   0x000078d4   0x0000000c   Code   RO         2276    i.mem_unlock        Net_CM3_L.lib(net_mem.o)
    0x000078e0   0x000078e0   0x00000030   Code   RO         1574    i.nbns_client_init  Net_CM3_L.lib(net_nbns_client.o)
    0x00007910   0x00007910   0x00000160   Code   RO         1575    i.nbns_listener     Net_CM3_L.lib(net_nbns_client.o)
    0x00007a70   0x00007a70   0x0000004c   Code   RO         1694    i.net_initialize    Net_CM3_L.lib(net_sys.o)
    0x00007abc   0x00007abc   0x00000064   Code   RO         1695    i.net_main          Net_CM3_L.lib(net_sys.o)
    0x00007b20   0x00007b20   0x00000014   Code   RO         1696    i.net_timer_tick    Net_CM3_L.lib(net_sys.o)
    0x00007b34   0x00007b34   0x00000018   Code   RO          722    i.osDelay           RTX_CM3.lib(rt_cmsis.o)
    0x00007b4c   0x00007b4c   0x00000024   Code   RO          723    i.osKernelInitialize  RTX_CM3.lib(rt_cmsis.o)
    0x00007b70   0x00007b70   0x0000006c   Code   RO          725    i.osKernelStart     RTX_CM3.lib(rt_cmsis.o)
    0x00007bdc   0x00007bdc   0x00000018   Code   RO          726    i.osKernelSysTick   RTX_CM3.lib(rt_cmsis.o)
    0x00007bf4   0x00007bf4   0x00000018   Code   RO          734    i.osMessageGet      RTX_CM3.lib(rt_cmsis.o)
    0x00007c0c   0x00007c0c   0x0000002c   Code   RO          736    i.osMutexCreate     RTX_CM3.lib(rt_cmsis.o)
    0x00007c38   0x00007c38   0x00000018   Code   RO          738    i.osMutexRelease    RTX_CM3.lib(rt_cmsis.o)
    0x00007c50   0x00007c50   0x00000018   Code   RO          739    i.osMutexWait       RTX_CM3.lib(rt_cmsis.o)
    0x00007c68   0x00007c68   0x00000018   Code   RO          749    i.osSignalSet       RTX_CM3.lib(rt_cmsis.o)
    0x00007c80   0x00007c80   0x00000018   Code   RO          750    i.osSignalWait      RTX_CM3.lib(rt_cmsis.o)
    0x00007c98   0x00007c98   0x0000002c   Code   RO          751    i.osThreadCreate    RTX_CM3.lib(rt_cmsis.o)
    0x00007cc4   0x00007cc4   0x00000018   Code   RO          752    i.osThreadExit      RTX_CM3.lib(rt_cmsis.o)
    0x00007cdc   0x00007cdc   0x00000018   Code   RO          757    i.osThreadYield     RTX_CM3.lib(rt_cmsis.o)
    0x00007cf4   0x00007cf4   0x0000000c   Code   RO          758    i.osTimerCall       RTX_CM3.lib(rt_cmsis.o)
    0x00007d00   0x00007d00   0x0000002c   Code   RO          759    i.osTimerCreate     RTX_CM3.lib(rt_cmsis.o)
    0x00007d2c   0x00007d2c   0x00000018   Code   RO          761    i.osTimerStart      RTX_CM3.lib(rt_cmsis.o)
    0x00007d44   0x00007d44   0x0000002c   Code   RO          763    i.osTimerThread     RTX_CM3.lib(rt_cmsis.o)
    0x00007d70   0x00007d70   0x00000028   Code   RO         1795    i.os_tick_init      RTX_CM3.lib(rt_system.o)
    0x00007d98   0x00007d98   0x00000002   Code   RO         1796    i.os_tick_irqack    RTX_CM3.lib(rt_system.o)
    0x00007d9a   0x00007d9a   0x00000002   PAD
    0x00007d9c   0x00007d9c   0x00000010   Code   RO         1797    i.os_tick_ovf       RTX_CM3.lib(rt_system.o)
    0x00007dac   0x00007dac   0x00000014   Code   RO         1798    i.os_tick_val       RTX_CM3.lib(rt_system.o)
    0x00007dc0   0x00007dc0   0x00000028   Code   RO         1622    i.proc_req_line     Net_CM3_L.lib(net_http_server.o)
    0x00007de8   0x00007de8   0x000000a0   Code   RO         1623    i.read_script_line  Net_CM3_L.lib(net_http_server.o)
    0x00007e88   0x00007e88   0x0000001a   Code   RO         2162    i.rt_alloc_box      RTX_CM3.lib(rt_membox.o)
    0x00007ea2   0x00007ea2   0x0000003e   Code   RO         2190    i.rt_alloc_mem      RTX_CM3.lib(rt_memory.o)
    0x00007ee0   0x00007ee0   0x00000038   Code   RO         1710    i.rt_block          RTX_CM3.lib(rt_task.o)
    0x00007f18   0x00007f18   0x00000048   Code   RO         2332    i.rt_chk_robin      RTX_CM3.lib(rt_robin.o)
    0x00007f60   0x00007f60   0x00000070   Code   RO         1931    i.rt_dec_dly        RTX_CM3.lib(rt_list.o)
    0x00007fd0   0x00007fd0   0x00000044   Code   RO         1711    i.rt_dispatch       RTX_CM3.lib(rt_task.o)
    0x00008014   0x00008014   0x00000006   Code   RO         2097    i.rt_dly_wait       RTX_CM3.lib(rt_time.o)
    0x0000801a   0x0000801a   0x00000002   PAD
    0x0000801c   0x0000801c   0x00000050   Code   RO         1888    i.rt_evt_psh        RTX_CM3.lib(rt_event.o)
    0x0000806c   0x0000806c   0x0000005c   Code   RO         1889    i.rt_evt_set        RTX_CM3.lib(rt_event.o)
    0x000080c8   0x000080c8   0x0000003c   Code   RO         1890    i.rt_evt_wait       RTX_CM3.lib(rt_event.o)
    0x00008104   0x00008104   0x0000002c   Code   RO         2163    i.rt_free_box       RTX_CM3.lib(rt_membox.o)
    0x00008130   0x00008130   0x00000028   Code   RO         2191    i.rt_free_mem       RTX_CM3.lib(rt_memory.o)
    0x00008158   0x00008158   0x00000028   Code   RO         1932    i.rt_get_first      RTX_CM3.lib(rt_list.o)
    0x00008180   0x00008180   0x00000024   Code   RO         1933    i.rt_get_same_rdy_prio  RTX_CM3.lib(rt_list.o)
    0x000081a4   0x000081a4   0x00000008   Code   RO          768    i.rt_id2obj         RTX_CM3.lib(rt_cmsis.o)
    0x000081ac   0x000081ac   0x00000048   Code   RO         1712    i.rt_init_context   RTX_CM3.lib(rt_task.o)
    0x000081f4   0x000081f4   0x0000001a   Code   RO         2192    i.rt_init_mem       RTX_CM3.lib(rt_memory.o)
    0x0000820e   0x0000820e   0x00000002   PAD
    0x00008210   0x00008210   0x00000018   Code   RO         2333    i.rt_init_robin     RTX_CM3.lib(rt_robin.o)
    0x00008228   0x00008228   0x00000080   Code   RO         2217    i.rt_init_stack     RTX_CM3.lib(hal_cm.o)
    0x000082a8   0x000082a8   0x00000008   Code   RO         2009    i.rt_mbx_check      RTX_CM3.lib(rt_mailbox.o)
    0x000082b0   0x000082b0   0x0000001a   Code   RO         2010    i.rt_mbx_init       RTX_CM3.lib(rt_mailbox.o)
    0x000082ca   0x000082ca   0x00000002   PAD
    0x000082cc   0x000082cc   0x000000f0   Code   RO         2011    i.rt_mbx_psh        RTX_CM3.lib(rt_mailbox.o)
    0x000083bc   0x000083bc   0x000000b4   Code   RO         2013    i.rt_mbx_wait       RTX_CM3.lib(rt_mailbox.o)
    0x00008470   0x00008470   0x00000044   Code   RO          769    i.rt_ms2tick        RTX_CM3.lib(rt_cmsis.o)
    0x000084b4   0x000084b4   0x00000010   Code   RO         2131    i.rt_mut_init       RTX_CM3.lib(rt_mutex.o)
    0x000084c4   0x000084c4   0x000000d8   Code   RO         2132    i.rt_mut_release    RTX_CM3.lib(rt_mutex.o)
    0x0000859c   0x0000859c   0x00000078   Code   RO         2133    i.rt_mut_wait       RTX_CM3.lib(rt_mutex.o)
    0x00008614   0x00008614   0x0000007c   Code   RO         1799    i.rt_pop_req        RTX_CM3.lib(rt_system.o)
    0x00008690   0x00008690   0x00000020   Code   RO         1800    i.rt_psh_req        RTX_CM3.lib(rt_system.o)
    0x000086b0   0x000086b0   0x0000005c   Code   RO         1934    i.rt_psq_enq        RTX_CM3.lib(rt_list.o)
    0x0000870c   0x0000870c   0x00000048   Code   RO         1935    i.rt_put_dly        RTX_CM3.lib(rt_list.o)
    0x00008754   0x00008754   0x00000036   Code   RO         1936    i.rt_put_prio       RTX_CM3.lib(rt_list.o)
    0x0000878a   0x0000878a   0x00000002   PAD
    0x0000878c   0x0000878c   0x00000014   Code   RO         1937    i.rt_put_rdy_first  RTX_CM3.lib(rt_list.o)
    0x000087a0   0x000087a0   0x00000034   Code   RO         1938    i.rt_resort_prio    RTX_CM3.lib(rt_list.o)
    0x000087d4   0x000087d4   0x00000006   Code   RO         2218    i.rt_ret_val        RTX_CM3.lib(hal_cm.o)
    0x000087da   0x000087da   0x00000008   Code   RO         2219    i.rt_ret_val2       RTX_CM3.lib(hal_cm.o)
    0x000087e2   0x000087e2   0x00000028   Code   RO         1939    i.rt_rmv_dly        RTX_CM3.lib(rt_list.o)
    0x0000880a   0x0000880a   0x00000002   PAD
    0x0000880c   0x0000880c   0x00000030   Code   RO         1940    i.rt_rmv_list       RTX_CM3.lib(rt_list.o)
    0x0000883c   0x0000883c   0x00000034   Code   RO         2058    i.rt_sem_psh        RTX_CM3.lib(rt_semaphore.o)
    0x00008870   0x00008870   0x00000024   Code   RO         1802    i.rt_stk_check      RTX_CM3.lib(rt_system.o)
    0x00008894   0x00008894   0x00000028   Code   RO         1713    i.rt_switch_req     RTX_CM3.lib(rt_task.o)
    0x000088bc   0x000088bc   0x000000cc   Code   RO         1714    i.rt_sys_init       RTX_CM3.lib(rt_task.o)
    0x00008988   0x00008988   0x00000078   Code   RO         1715    i.rt_sys_start      RTX_CM3.lib(rt_task.o)
    0x00008a00   0x00008a00   0x00000040   Code   RO         1804    i.rt_systick        RTX_CM3.lib(rt_system.o)
    0x00008a40   0x00008a40   0x00000012   Code   RO          770    i.rt_tid2ptcb       RTX_CM3.lib(rt_cmsis.o)
    0x00008a52   0x00008a52   0x00000002   PAD
    0x00008a54   0x00008a54   0x00000034   Code   RO          771    i.rt_timer_insert   RTX_CM3.lib(rt_cmsis.o)
    0x00008a88   0x00008a88   0x0000003c   Code   RO          772    i.rt_timer_remove   RTX_CM3.lib(rt_cmsis.o)
    0x00008ac4   0x00008ac4   0x00000088   Code   RO         1716    i.rt_tsk_create     RTX_CM3.lib(rt_task.o)
    0x00008b4c   0x00008b4c   0x0000017c   Code   RO         1717    i.rt_tsk_delete     RTX_CM3.lib(rt_task.o)
    0x00008cc8   0x00008cc8   0x00000030   Code   RO         1718    i.rt_tsk_pass       RTX_CM3.lib(rt_task.o)
    0x00008cf8   0x00008cf8   0x0000007c   Code   RO         1719    i.rt_tsk_prio       RTX_CM3.lib(rt_task.o)
    0x00008d74   0x00008d74   0x00000010   Code   RO         1720    i.rt_tsk_self       RTX_CM3.lib(rt_task.o)
    0x00008d84   0x00008d84   0x00000048   Code   RO         1624    i.search_delim      Net_CM3_L.lib(net_http_server.o)
    0x00008dcc   0x00008dcc   0x00000012   Code   RO         2300    i.str_copy          Net_CM3_L.lib(net_common.o)
    0x00008dde   0x00008dde   0x00000016   Code   RO         2302    i.str_pos           Net_CM3_L.lib(net_common.o)
    0x00008df4   0x00008df4   0x0000001a   Code   RO         2303    i.str_scomp         Net_CM3_L.lib(net_common.o)
    0x00008e0e   0x00008e0e   0x0000001a   Code   RO         2305    i.str_up_case       Net_CM3_L.lib(net_common.o)
    0x00008e28   0x00008e28   0x00000012   Code   RO          773    i.svcDelay          RTX_CM3.lib(rt_cmsis.o)
    0x00008e3a   0x00008e3a   0x00000002   PAD
    0x00008e3c   0x00008e3c   0x00000070   Code   RO          774    i.svcKernelInitialize  RTX_CM3.lib(rt_cmsis.o)
    0x00008eac   0x00008eac   0x00000048   Code   RO          776    i.svcKernelStart    RTX_CM3.lib(rt_cmsis.o)
    0x00008ef4   0x00008ef4   0x00000038   Code   RO          777    i.svcKernelSysTick  RTX_CM3.lib(rt_cmsis.o)
    0x00008f2c   0x00008f2c   0x00000024   Code   RO          779    i.svcMessageCreate  RTX_CM3.lib(rt_cmsis.o)
    0x00008f50   0x00008f50   0x0000003a   Code   RO          780    i.svcMessageGet     RTX_CM3.lib(rt_cmsis.o)
    0x00008f8a   0x00008f8a   0x0000001c   Code   RO          782    i.svcMutexCreate    RTX_CM3.lib(rt_cmsis.o)
    0x00008fa6   0x00008fa6   0x00000022   Code   RO          784    i.svcMutexRelease   RTX_CM3.lib(rt_cmsis.o)
    0x00008fc8   0x00008fc8   0x0000003a   Code   RO          785    i.svcMutexWait      RTX_CM3.lib(rt_cmsis.o)
    0x00009002   0x00009002   0x00000024   Code   RO          792    i.svcSignalSet      RTX_CM3.lib(rt_cmsis.o)
    0x00009026   0x00009026   0x00000002   PAD
    0x00009028   0x00009028   0x00000054   Code   RO          793    i.svcSignalWait     RTX_CM3.lib(rt_cmsis.o)
    0x0000907c   0x0000907c   0x0000006c   Code   RO          794    i.svcThreadCreate   RTX_CM3.lib(rt_cmsis.o)
    0x000090e8   0x000090e8   0x0000001c   Code   RO          795    i.svcThreadGetId    RTX_CM3.lib(rt_cmsis.o)
    0x00009104   0x00009104   0x00000038   Code   RO          798    i.svcThreadTerminate  RTX_CM3.lib(rt_cmsis.o)
    0x0000913c   0x0000913c   0x0000000a   Code   RO          799    i.svcThreadYield    RTX_CM3.lib(rt_cmsis.o)
    0x00009146   0x00009146   0x00000018   Code   RO          800    i.svcTimerCall      RTX_CM3.lib(rt_cmsis.o)
    0x0000915e   0x0000915e   0x00000002   PAD
    0x00009160   0x00009160   0x00000038   Code   RO          801    i.svcTimerCreate    RTX_CM3.lib(rt_cmsis.o)
    0x00009198   0x00009198   0x00000064   Code   RO          803    i.svcTimerStart     RTX_CM3.lib(rt_cmsis.o)
    0x000091fc   0x000091fc   0x0000005c   Code   RO          809    i.sysTimerTick      RTX_CM3.lib(rt_cmsis.o)
    0x00009258   0x00009258   0x00000058   Code   RO         1497    i.tcp_abort         Net_CM3_L.lib(net_tcp.o)
    0x000092b0   0x000092b0   0x000000a0   Code   RO         1499    i.tcp_close         Net_CM3_L.lib(net_tcp.o)
    0x00009350   0x00009350   0x0000001e   Code   RO         1502    i.tcp_get_buf       Net_CM3_L.lib(net_tcp.o)
    0x0000936e   0x0000936e   0x00000002   PAD
    0x00009370   0x00009370   0x00000050   Code   RO         1504    i.tcp_get_socket    Net_CM3_L.lib(net_tcp.o)
    0x000093c0   0x000093c0   0x00000028   Code   RO         1505    i.tcp_get_state     Net_CM3_L.lib(net_tcp.o)
    0x000093e8   0x000093e8   0x0000006c   Code   RO         1507    i.tcp_listen        Net_CM3_L.lib(net_tcp.o)
    0x00009454   0x00009454   0x0000007c   Code   RO         1508    i.tcp_map_socket    Net_CM3_L.lib(net_tcp.o)
    0x000094d0   0x000094d0   0x00000024   Code   RO         1509    i.tcp_max_data_size  Net_CM3_L.lib(net_tcp.o)
    0x000094f4   0x000094f4   0x0000000c   Code   RO         1511    i.tcp_ntoa          Net_CM3_L.lib(net_tcp.o)
    0x00009500   0x00009500   0x0000005e   Code   RO         1512    i.tcp_parse_opt     Net_CM3_L.lib(net_tcp.o)
    0x0000955e   0x0000955e   0x00000002   PAD
    0x00009560   0x00009560   0x000000c4   Code   RO         1513    i.tcp_proc_acknr    Net_CM3_L.lib(net_tcp.o)
    0x00009624   0x00009624   0x00000052   Code   RO         1514    i.tcp_proc_dupack   Net_CM3_L.lib(net_tcp.o)
    0x00009676   0x00009676   0x00000002   PAD
    0x00009678   0x00009678   0x0000049a   Code   RO         1515    i.tcp_process       Net_CM3_L.lib(net_tcp.o)
    0x00009b12   0x00009b12   0x0000001a   Code   RO         1516    i.tcp_que_free      Net_CM3_L.lib(net_tcp.o)
    0x00009b2c   0x00009b2c   0x0000001a   Code   RO         1517    i.tcp_que_init      Net_CM3_L.lib(net_tcp.o)
    0x00009b46   0x00009b46   0x00000002   PAD
    0x00009b48   0x00009b48   0x00000094   Code   RO         1518    i.tcp_que_resend    Net_CM3_L.lib(net_tcp.o)
    0x00009bdc   0x00009bdc   0x000000e0   Code   RO         1522    i.tcp_send          Net_CM3_L.lib(net_tcp.o)
    0x00009cbc   0x00009cbc   0x00000066   Code   RO         1523    i.tcp_send_ctrl     Net_CM3_L.lib(net_tcp.o)
    0x00009d22   0x00009d22   0x0000004c   Code   RO         1524    i.tcp_send_data     Net_CM3_L.lib(net_tcp.o)
    0x00009d6e   0x00009d6e   0x00000060   Code   RO         1525    i.tcp_send_reset    Net_CM3_L.lib(net_tcp.o)
    0x00009dce   0x00009dce   0x00000026   Code   RO         1526    i.tcp_set_cwnd      Net_CM3_L.lib(net_tcp.o)
    0x00009df4   0x00009df4   0x00000014   Code   RO         1527    i.tcp_socket_init   Net_CM3_L.lib(net_tcp.o)
    0x00009e08   0x00009e08   0x000002a8   Code   RO         1528    i.tcp_socket_poll   Net_CM3_L.lib(net_tcp.o)
    0x0000a0b0   0x0000a0b0   0x00000068   Code   RO         1529    i.tcp_transit       Net_CM3_L.lib(net_tcp.o)
    0x0000a118   0x0000a118   0x000000a4   Code   RO         1530    i.tcp_write         Net_CM3_L.lib(net_tcp.o)
    0x0000a1bc   0x0000a1bc   0x0000001e   Code   RO         1468    i.udp_get_buf       Net_CM3_L.lib(net_udp.o)
    0x0000a1da   0x0000a1da   0x00000002   PAD
    0x0000a1dc   0x0000a1dc   0x00000048   Code   RO         1469    i.udp_get_socket    Net_CM3_L.lib(net_udp.o)
    0x0000a224   0x0000a224   0x0000006c   Code   RO         1472    i.udp_open          Net_CM3_L.lib(net_udp.o)
    0x0000a290   0x0000a290   0x0000002c   Code   RO         1473    i.udp_port_in_use   Net_CM3_L.lib(net_udp.o)
    0x0000a2bc   0x0000a2bc   0x00000098   Code   RO         1474    i.udp_process       Net_CM3_L.lib(net_udp.o)
    0x0000a354   0x0000a354   0x00000108   Code   RO         1476    i.udp_send          Net_CM3_L.lib(net_udp.o)
    0x0000a45c   0x0000a45c   0x00000014   Code   RO         1477    i.udp_socket_init   Net_CM3_L.lib(net_udp.o)
    0x0000a470   0x0000a470   0x000000f0   Code   RO         1625    i.utc_to_http       Net_CM3_L.lib(net_http_server.o)
    0x0000a560   0x0000a560   0x00000020   Data   RO            3    .constdata          http_server.o
    0x0000a580   0x0000a580   0x00000004   Data   RO           96    .constdata          web.o
    0x0000a584   0x0000a584   0x00006cdb   Data   RO           97    .constdata          web.o
    0x0001125f   0x0001125f   0x00000001   PAD
    0x00011260   0x00011260   0x000000a0   Data   RO           98    .constdata          web.o
    0x00011300   0x00011300   0x00000008   Data   RO          116    .constdata          leds1768.o
    0x00011308   0x00011308   0x00000960   Data   RO          142    .constdata          lcd.o
    0x00011c68   0x00011c68   0x00000020   Data   RO          249    .constdata          thread.o
    0x00011c88   0x00011c88   0x00000002   Data   RO          405    .constdata          rtx_conf_cm.o
    0x00011c8a   0x00011c8a   0x00000002   PAD
    0x00011c8c   0x00011c8c   0x00000004   Data   RO          406    .constdata          rtx_conf_cm.o
    0x00011c90   0x00011c90   0x00000004   Data   RO          407    .constdata          rtx_conf_cm.o
    0x00011c94   0x00011c94   0x00000002   Data   RO          409    .constdata          rtx_conf_cm.o
    0x00011c96   0x00011c96   0x00000002   Data   RO          410    .constdata          rtx_conf_cm.o
    0x00011c98   0x00011c98   0x00000004   Data   RO          411    .constdata          rtx_conf_cm.o
    0x00011c9c   0x00011c9c   0x00000001   Data   RO          412    .constdata          rtx_conf_cm.o
    0x00011c9d   0x00011c9d   0x00000003   PAD
    0x00011ca0   0x00011ca0   0x00000020   Data   RO          413    .constdata          rtx_conf_cm.o
    0x00011cc0   0x00011cc0   0x00000002   Data   RO          414    .constdata          rtx_conf_cm.o
    0x00011cc2   0x00011cc2   0x00000002   PAD
    0x00011cc4   0x00011cc4   0x00000004   Data   RO          415    .constdata          rtx_conf_cm.o
    0x00011cc8   0x00011cc8   0x00000004   Data   RO          416    .constdata          rtx_conf_cm.o
    0x00011ccc   0x00011ccc   0x00000001   Data   RO          417    .constdata          rtx_conf_cm.o
    0x00011ccd   0x00011ccd   0x00000003   PAD
    0x00011cd0   0x00011cd0   0x00000010   Data   RO          418    .constdata          rtx_conf_cm.o
    0x00011ce0   0x00011ce0   0x00000008   Data   RO          419    .constdata          rtx_conf_cm.o
    0x00011ce8   0x00011ce8   0x00000002   Data   RO          420    .constdata          rtx_conf_cm.o
    0x00011cea   0x00011cea   0x00000004   Data   RO          451    .constdata          phy_dp83848c.o
    0x00011cee   0x00011cee   0x00000002   PAD
    0x00011cf0   0x00011cf0   0x00000020   Data   RO          452    .constdata          phy_dp83848c.o
    0x00011d10   0x00011d10   0x00000008   Data   RO          473    .constdata          emac_lpc17xx.o
    0x00011d18   0x00011d18   0x00000044   Data   RO          474    .constdata          emac_lpc17xx.o
    0x00011d5c   0x00011d5c   0x00000050   Data   RO          520    .constdata          ssp_lpc17xx.o
    0x00011dac   0x00011dac   0x0000002c   Data   RO          521    .constdata          ssp_lpc17xx.o
    0x00011dd8   0x00011dd8   0x0000003c   Data   RO          677    .constdata          net_config.o
    0x00011e14   0x00011e14   0x00000010   Data   RO          678    .constdata          net_config.o
    0x00011e24   0x00011e24   0x00000028   Data   RO          679    .constdata          net_config.o
    0x00011e4c   0x00011e4c   0x00000008   Data   RO          680    .constdata          net_config.o
    0x00011e54   0x00011e54   0x00000018   Data   RO          681    .constdata          net_config.o
    0x00011e6c   0x00011e6c   0x00000018   Data   RO          682    .constdata          net_config.o
    0x00011e84   0x00011e84   0x0000001c   Data   RO         1353    .constdata          Net_CM3_L.lib(net_eth.o)
    0x00011ea0   0x00011ea0   0x00000008   Data   RO         1430    .constdata          Net_CM3_L.lib(net_ip.o)
    0x00011ea8   0x00011ea8   0x0000002c   Data   RO         1531    .constdata          Net_CM3_L.lib(net_tcp.o)
    0x00011ed4   0x00011ed4   0x00000008   Data   RO         1576    .constdata          Net_CM3_L.lib(net_nbns_client.o)
    0x00011edc   0x00011edc   0x000000fa   Data   RO         1626    .constdata          Net_CM3_L.lib(net_http_server.o)
    0x00011fd6   0x00011fd6   0x00000008   Data   RO         1680    .constdata          Net_CM3_L.lib(net_addr4.o)
    0x00011fde   0x00011fde   0x00000002   PAD
    0x00011fe0   0x00011fe0   0x00000008   Data   RO         1699    .constdata          Net_CM3_L.lib(net_sys.o)
    0x00011fe8   0x00011fe8   0x00000018   Data   RO         2262    .constdata          Net_CM3_L.lib(net_http_server_err.o)
    0x00012000   0x00012000   0x00000004   Data   RO         2279    .constdata          Net_CM3_L.lib(net_mem.o)
    0x00012004   0x00012004   0x00000081   Data   RO         2721    .constdata          mc_w.l(ctype_o.o)
    0x00012085   0x00012085   0x00000003   PAD
    0x00012088   0x00012088   0x00000004   Data   RO         2722    .constdata          mc_w.l(ctype_o.o)
    0x0001208c   0x0001208c   0x000000da   Data   RO           56    .conststring        http_server_cgi.o
    0x00012166   0x00012166   0x00000002   PAD
    0x00012168   0x00012168   0x0000006d   Data   RO         1532    .conststring        Net_CM3_L.lib(net_tcp.o)
    0x000121d5   0x000121d5   0x00000003   PAD
    0x000121d8   0x000121d8   0x00000203   Data   RO         2263    .conststring        Net_CM3_L.lib(net_http_server_err.o)
    0x000123db   0x000123db   0x00000001   PAD
    0x000123dc   0x000123dc   0x00000020   Data   RO         2758    Region$$Table       anon$$obj.o


    Execution Region RW_IRAM1 (Exec base: 0x10000000, Load base: 0x000123fc, Size: 0x00006f78, Max: 0x00008000, ABSOLUTE)

    Exec Addr    Load Addr    Size         Type   Attr      Idx    E Section Name        Object

    0x10000000   0x000123fc   0x00000008   Data   RW            4    .data               http_server.o
    0x10000008   0x00012404   0x00000008   Data   RW           57    .data               http_server_cgi.o
    0x10000010   0x0001240c   0x00000010   Data   RW          143    .data               lcd.o
    0x10000020   0x0001241c   0x00000004   Data   RW          217    .data               adc.o
    0x10000024   0x00012420   0x0000000c   Data   RW          251    .data               thread.o
    0x10000030   0x0001242c   0x00000018   Data   RW          271    .data               rtc.o
    0x10000048   0x00012444   0x00000004   Data   RW          422    .data               rtx_conf_cm.o
    0x1000004c   0x00012448   0x00000004   Data   RW          423    .data               rtx_conf_cm.o
    0x10000050   0x0001244c   0x00000004   Data   RW          424    .data               rtx_conf_cm.o
    0x10000054   0x00012450   0x00000018   Data   RW          475    .data               emac_lpc17xx.o
    0x1000006c   0x00012468   0x00000002   Data   RW          522    .data               ssp_lpc17xx.o
    0x1000006e   0x0001246a   0x00000002   Data   RW          523    .data               ssp_lpc17xx.o
    0x10000070   0x0001246c   0x00000002   Data   RW          524    .data               ssp_lpc17xx.o
    0x10000072   0x0001246e   0x00000002   Data   RW          525    .data               ssp_lpc17xx.o
    0x10000074   0x00012470   0x00000008   Data   RW          526    .data               ssp_lpc17xx.o
    0x1000007c   0x00012478   0x00000008   Data   RW          561    .data               gpdma_lpc17xx.o
    0x10000084   0x00012480   0x00000004   Data   RW          645    .data               system_lpc17xx_1.o
    0x10000088   0x00012484   0x00000010   Data   RW          684    .data               net_config.o
    0x10000098   0x00012494   0x00000006   Data   RW          685    .data               net_config.o
    0x1000009e   0x0001249a   0x00000002   PAD
    0x100000a0   0x0001249c   0x00000008   Data   RW          812    .data               RTX_CM3.lib(rt_cmsis.o)
    0x100000a8   0x000124a4   0x00000004   Data   RW         1354    .data               Net_CM3_L.lib(net_eth.o)
    0x100000ac   0x000124a8   0x00000008   Data   RW         1391    .data               Net_CM3_L.lib(net_arp.o)
    0x100000b4   0x000124b0   0x00000002   Data   RW         1478    .data               Net_CM3_L.lib(net_udp.o)
    0x100000b6   0x000124b2   0x00000004   Data   RW         1533    .data               Net_CM3_L.lib(net_tcp.o)
    0x100000ba   0x000124b6   0x00000001   Data   RW         1577    .data               Net_CM3_L.lib(net_nbns_client.o)
    0x100000bb   0x000124b7   0x00000001   PAD
    0x100000bc   0x000124b8   0x0000000c   Data   RW         1627    .data               Net_CM3_L.lib(net_http_server.o)
    0x100000c8   0x000124c4   0x00000008   Data   RW         1722    .data               RTX_CM3.lib(rt_task.o)
    0x100000d0   0x000124cc   0x00000008   Data   RW         1807    .data               RTX_CM3.lib(rt_system.o)
    0x100000d8   0x000124d4   0x00000004   Data   RW         2101    .data               RTX_CM3.lib(rt_time.o)
    0x100000dc   0x000124d8   0x00000001   Data   RW         2220    .data               RTX_CM3.lib(hal_cm.o)
    0x100000dd   0x000124d9   0x00000003   PAD
    0x100000e0   0x000124dc   0x00000008   Data   RW         2334    .data               RTX_CM3.lib(rt_robin.o)
    0x100000e8   0x000124e4   0x00000004   Data   RW         2688    .data               mc_w.l(errno.o)
    0x100000ec        -       0x0000003f   Zero   RW            2    .bss                http_server.o
    0x1000012b        -       0x00000200   Zero   RW          141    .bss                lcd.o
    0x1000032b        -       0x00000028   Zero   RW          270    .bss                rtc.o
    0x10000353   0x000124e8   0x00000001   PAD
    0x10000354        -       0x00000020   Zero   RW          399    .bss                rtx_conf_cm.o
    0x10000374        -       0x00000110   Zero   RW          400    .bss                rtx_conf_cm.o
    0x10000484   0x000124e8   0x00000004   PAD
    0x10000488        -       0x000004d0   Zero   RW          401    .bss                rtx_conf_cm.o
    0x10000958        -       0x00000408   Zero   RW          402    .bss                rtx_conf_cm.o
    0x10000d60        -       0x00000084   Zero   RW          403    .bss                rtx_conf_cm.o
    0x10000de4        -       0x00000014   Zero   RW          404    .bss                rtx_conf_cm.o
    0x10000df8        -       0x0000000c   Zero   RW          450    .bss                phy_dp83848c.o
    0x10000e04   0x000124e8   0x00000004   PAD
    0x10000e08        -       0x00002a74   Zero   RW          472    .bss                emac_lpc17xx.o
    0x1000387c        -       0x0000000c   Zero   RW          518    .bss                ssp_lpc17xx.o
    0x10003888        -       0x0000001c   Zero   RW          519    .bss                ssp_lpc17xx.o
    0x100038a4        -       0x000000a0   Zero   RW          560    .bss                gpdma_lpc17xx.o
    0x10003944        -       0x00002ee0   Zero   RW          672    .bss                net_config.o
    0x10006824        -       0x0000008c   Zero   RW          673    .bss                net_config.o
    0x100068b0        -       0x0000003c   Zero   RW          674    .bss                net_config.o
    0x100068ec        -       0x00000198   Zero   RW          675    .bss                net_config.o
    0x10006a84        -       0x00000138   Zero   RW          676    .bss                net_config.o
    0x10006bbc        -       0x00000088   Zero   RW         1352    .bss                Net_CM3_L.lib(net_eth.o)
    0x10006c44        -       0x0000000c   Zero   RW         1429    .bss                Net_CM3_L.lib(net_ip.o)
    0x10006c50        -       0x00000010   Zero   RW         1454    .bss                Net_CM3_L.lib(net_icmp.o)
    0x10006c60        -       0x00000022   Zero   RW         1679    .bss                Net_CM3_L.lib(net_addr4.o)
    0x10006c82   0x000124e8   0x00000002   PAD
    0x10006c84        -       0x00000054   Zero   RW         1697    .bss                Net_CM3_L.lib(net_sys.o)
    0x10006cd8        -       0x00000018   Zero   RW         1698    .bss                Net_CM3_L.lib(net_sys.o)
    0x10006cf0        -       0x00000034   Zero   RW         1721    .bss                RTX_CM3.lib(rt_task.o)
    0x10006d24        -       0x00000030   Zero   RW         1941    .bss                RTX_CM3.lib(rt_list.o)
    0x10006d54        -       0x00000010   Zero   RW         2277    .bss                Net_CM3_L.lib(net_mem.o)
    0x10006d64        -       0x00000014   Zero   RW         2278    .bss                Net_CM3_L.lib(net_mem.o)
    0x10006d78        -       0x00000200   Zero   RW          631    STACK               startup_lpc17xx_1.o


==============================================================================

Image component sizes


      Code (inc. data)   RO Data    RW Data    ZI Data      Debug   Object Name

       244         14          0          4          0      29104   adc.o
      2532        100         76         24      10868      41961   emac_lpc17xx.o
       872         20          0          8        160       5569   gpdma_lpc17xx.o
       124         10          0          0          0       1653   gpio_lpc17xx.o
       320         38         32          8         63      15528   http_server.o
      1408        342        218          8          0      22890   http_server_cgi.o
       996         68       2400         16        512      25829   lcd.o
       232          6          8          0          0       3297   leds1768.o
       268         18          0          0          0       2253   lpc17xx_clkpwr.o
         2          0          0          0          0        791   lpc17xx_libcfg_default.o
      2192         94          0          0          0       8787   lpc17xx_rtc.o
       106          0        172         22      12920       4566   net_config.o
       432         10         36          0         12       6334   phy_dp83848c.o
       152          6          0          0          0       1448   pin_lpc17xx.o
       420         56          0         24         40      31618   rtc.o
        28          6         88         12       2720       7406   rtx_conf_cm.o
      2956         26        124         16         40      17586   ssp_lpc17xx.o
        40         12        204          0        512       1096   startup_lpc17xx_1.o
       412         32          0          4          0       1217   system_lpc17xx_1.o
       156         10         32         12          0       2090   thread.o
        92         10      28031          0          0       1732   web.o

    ----------------------------------------------------------------------
     13986        878      31468        160      27856     232755   Object Totals
         0          0         32          0          0          0   (incl. Generated)
         2          0         15          2          9          0   (incl. Padding)

    ----------------------------------------------------------------------

      Code (inc. data)   RO Data    RW Data    ZI Data      Debug   Library Member Name

       186         44          8          0         34        224   net_addr4.o
      1696        128          0          8          0       1024   net_arp.o
       324          4          0          0          0        584   net_common.o
      1152        110         28          4        136        792   net_eth.o
      5484       1186        250         12          0       2476   net_http_server.o
         0          0        539          0          0          0   net_http_server_err.o
       436         34          0          0         16        308   net_icmp.o
      1070         88          8          0         12        816   net_ip.o
       460         52          4          0         36        556   net_mem.o
       400         26          8          1          0        184   net_nbns_client.o
       224         48          8          0        108        288   net_sys.o
      3932        164        153          4          0       2068   net_tcp.o
       690         36          0          2          0        556   net_udp.o
       238         24          0          1          0       3244   hal_cm.o
       304         36          0          0          0        756   hal_cm3.o
      1966        228          0          8          0      46016   rt_cmsis.o
       272         18          0          0          0       2606   rt_event.o
       566         44          0          0         48       8688   rt_list.o
       554         10          0          0          0       3889   rt_mailbox.o
       140          0          0          0          0       1889   rt_membox.o
       128          0          0          0          0       2267   rt_memory.o
       352         14          0          0          0       2073   rt_mutex.o
        96         22          0          8          0       1134   rt_robin.o
        52          4          0          0          0        565   rt_semaphore.o
       334         64          0          8          0       6991   rt_system.o
      1264        184          0          8         52      10023   rt_task.o
         6          0          0          4          0        636   rt_time.o
         4          4          0          0          0        196   svc_table.o
        56          8          0          0          0         84   __0sscanf.o
        28          0          0          0          0         68   _chval.o
       816          6          0          0          0        112   _scanf.o
       332          0          0          0          0         96   _scanf_int.o
        64          0          0          0          0         84   _sgetc.o
       158          0          0          0          0         92   _strtoul.o
        26          0          0          0          0         80   atoi.o
         8          4        133          0          0         68   ctype_o.o
         0          0          0          0          0          0   entry.o
         0          0          0          0          0          0   entry10a.o
         0          0          0          0          0          0   entry11a.o
         4          0          0          0          0          0   entry12b.o
         8          4          0          0          0          0   entry2.o
         4          0          0          0          0          0   entry5.o
         0          0          0          0          0          0   entry7b.o
         0          0          0          0          0          0   entry8b.o
         8          4          0          4          0         68   errno.o
        30          0          0          0          0          0   handlers.o
        36          8          0          0          0         68   init.o
        18          0          0          0          0         76   isspace_o.o
         0          0          0          0          0          0   iusefp.o
        30          0          0          0          0         68   llshl.o
        36          0          0          0          0         68   llsshr.o
        32          0          0          0          0         68   llushr.o
        26          0          0          0          0         80   memcmp.o
        36          0          0          0          0         68   memcpya.o
        36          0          0          0          0        108   memseta.o
      2236         86          0          0          0        532   printfa.o
        40          8          0          0          0         84   scanf_char.o
        28          0          0          0          0         76   strcmp.o
        18          0          0          0          0         68   strcpy.o
        14          0          0          0          0         68   strlen.o
        30          0          0          0          0         80   strncmp.o
       112          0          0          0          0         88   strtol.o
        44          0          0          0          0         80   uidiv.o
        98          0          0          0          0         92   uldiv.o
        48          0          0          0          0         68   cdrcmple.o
       334          0          0          0          0        148   dadd.o
       222          0          0          0          0        100   ddiv.o
       186          0          0          0          0        176   depilogue.o
        48          0          0          0          0         68   dfixul.o
       228          0          0          0          0         96   dmul.o
        38          0          0          0          0         68   f2d.o
       110          0          0          0          0        168   fepilogue.o
        10          0          0          0          0         68   ffltui.o
       100          0          0          0          0         76   fmul.o
        24          0          0          0          0         68   fscalb.o

    ----------------------------------------------------------------------
     28146       2700       1148         76        444     104477   Library Totals
        56          0          9          4          2          0   (incl. Padding)

    ----------------------------------------------------------------------

      Code (inc. data)   RO Data    RW Data    ZI Data      Debug   Library Name

     16054       1920       1006         31        342       9876   Net_CM3_L.lib
      6276        652          0         37        100      90973   RTX_CM3.lib
      4412        128        133          4          0       2524   mc_w.l
      1348          0          0          0          0       1104   mf_w.l

    ----------------------------------------------------------------------
     28146       2700       1148         76        444     104477   Library Totals

    ----------------------------------------------------------------------

==============================================================================


      Code (inc. data)   RO Data    RW Data    ZI Data      Debug   

     42132       3578      32616        236      28300     321576   Grand Totals
     42132       3578      32616        236      28300     321576   ELF Image Totals
     42132       3578      32616        236          0          0   ROM Totals

==============================================================================

    Total RO  Size (Code + RO Data)                74748 (  73.00kB)
    Total RW  Size (RW Data + ZI Data)             28536 (  27.87kB)
    Total ROM Size (Code + RO Data + RW Data)      74984 (  73.23kB)

==============================================================================

